ARM GAS  C:\Users\Keyarash\AppData\Local\Temp\ccr16FiF.s 			page 1


   1              		.syntax unified
   2              		.cpu cortex-m0
   3              		.fpu softvfp
   4              		.eabi_attribute 20, 1
   5              		.eabi_attribute 21, 1
   6              		.eabi_attribute 23, 3
   7              		.eabi_attribute 24, 1
   8              		.eabi_attribute 25, 1
   9              		.eabi_attribute 26, 1
  10              		.eabi_attribute 30, 1
  11              		.eabi_attribute 34, 0
  12              		.eabi_attribute 18, 4
  13              		.thumb
  14              		.syntax unified
  15              		.file	"cyfitter_cfg.c"
  16              		.text
  17              	.Ltext0:
  18              		.cfi_sections	.debug_frame
  19              		.section	.text.CYMEMZERO,"ax",%progbits
  20              		.align	2
  21              		.code	16
  22              		.thumb_func
  23              		.type	CYMEMZERO, %function
  24              	CYMEMZERO:
  25              	.LFB0:
  26              		.file 1 "Generated_Source\\PSoC4\\cyfitter_cfg.c"
   1:Generated_Source\PSoC4/cyfitter_cfg.c **** 
   2:Generated_Source\PSoC4/cyfitter_cfg.c **** /*******************************************************************************
   3:Generated_Source\PSoC4/cyfitter_cfg.c **** * File Name: cyfitter_cfg.c
   4:Generated_Source\PSoC4/cyfitter_cfg.c **** * 
   5:Generated_Source\PSoC4/cyfitter_cfg.c **** * PSoC Creator  4.2
   6:Generated_Source\PSoC4/cyfitter_cfg.c **** *
   7:Generated_Source\PSoC4/cyfitter_cfg.c **** * Description:
   8:Generated_Source\PSoC4/cyfitter_cfg.c **** * This file contains device initialization code.
   9:Generated_Source\PSoC4/cyfitter_cfg.c **** * Except for the user defined sections in CyClockStartupError(), this file should not be modified.
  10:Generated_Source\PSoC4/cyfitter_cfg.c **** * This file is automatically generated by PSoC Creator.
  11:Generated_Source\PSoC4/cyfitter_cfg.c **** *
  12:Generated_Source\PSoC4/cyfitter_cfg.c **** ********************************************************************************
  13:Generated_Source\PSoC4/cyfitter_cfg.c **** * Copyright (c) 2007-2018 Cypress Semiconductor.  All rights reserved.
  14:Generated_Source\PSoC4/cyfitter_cfg.c **** * You may use this file only in accordance with the license, terms, conditions, 
  15:Generated_Source\PSoC4/cyfitter_cfg.c **** * disclaimers, and limitations in the end user license agreement accompanying 
  16:Generated_Source\PSoC4/cyfitter_cfg.c **** * the software package with which this file was provided.
  17:Generated_Source\PSoC4/cyfitter_cfg.c **** ********************************************************************************/
  18:Generated_Source\PSoC4/cyfitter_cfg.c **** 
  19:Generated_Source\PSoC4/cyfitter_cfg.c **** #include <string.h>
  20:Generated_Source\PSoC4/cyfitter_cfg.c **** #include "cytypes.h"
  21:Generated_Source\PSoC4/cyfitter_cfg.c **** #include "cydevice_trm.h"
  22:Generated_Source\PSoC4/cyfitter_cfg.c **** #include "cyfitter.h"
  23:Generated_Source\PSoC4/cyfitter_cfg.c **** #include "CyLib.h"
  24:Generated_Source\PSoC4/cyfitter_cfg.c **** #include "CyLFClk.h"
  25:Generated_Source\PSoC4/cyfitter_cfg.c **** #include "cyfitter_cfg.h"
  26:Generated_Source\PSoC4/cyfitter_cfg.c **** #include "cyapicallbacks.h"
  27:Generated_Source\PSoC4/cyfitter_cfg.c **** 
  28:Generated_Source\PSoC4/cyfitter_cfg.c **** 
  29:Generated_Source\PSoC4/cyfitter_cfg.c **** #if defined(__GNUC__) || defined(__ARMCC_VERSION)
  30:Generated_Source\PSoC4/cyfitter_cfg.c ****     #define CYPACKED 
  31:Generated_Source\PSoC4/cyfitter_cfg.c ****     #define CYPACKED_ATTR __attribute__ ((packed))
ARM GAS  C:\Users\Keyarash\AppData\Local\Temp\ccr16FiF.s 			page 2


  32:Generated_Source\PSoC4/cyfitter_cfg.c ****     #define CYALIGNED __attribute__ ((aligned))
  33:Generated_Source\PSoC4/cyfitter_cfg.c ****     #define CY_CFG_UNUSED __attribute__ ((unused))
  34:Generated_Source\PSoC4/cyfitter_cfg.c ****     #ifndef CY_CFG_SECTION
  35:Generated_Source\PSoC4/cyfitter_cfg.c ****         #define CY_CFG_SECTION __attribute__ ((section(".psocinit")))
  36:Generated_Source\PSoC4/cyfitter_cfg.c ****     #endif
  37:Generated_Source\PSoC4/cyfitter_cfg.c ****     
  38:Generated_Source\PSoC4/cyfitter_cfg.c ****     #if defined(__ARMCC_VERSION)
  39:Generated_Source\PSoC4/cyfitter_cfg.c ****         #define CY_CFG_MEMORY_BARRIER() __memory_changed()
  40:Generated_Source\PSoC4/cyfitter_cfg.c ****     #else
  41:Generated_Source\PSoC4/cyfitter_cfg.c ****         #define CY_CFG_MEMORY_BARRIER() __sync_synchronize()
  42:Generated_Source\PSoC4/cyfitter_cfg.c ****     #endif
  43:Generated_Source\PSoC4/cyfitter_cfg.c ****     
  44:Generated_Source\PSoC4/cyfitter_cfg.c **** #elif defined(__ICCARM__)
  45:Generated_Source\PSoC4/cyfitter_cfg.c ****     #include <intrinsics.h>
  46:Generated_Source\PSoC4/cyfitter_cfg.c **** 
  47:Generated_Source\PSoC4/cyfitter_cfg.c ****     #define CYPACKED __packed
  48:Generated_Source\PSoC4/cyfitter_cfg.c ****     #define CYPACKED_ATTR 
  49:Generated_Source\PSoC4/cyfitter_cfg.c ****     #define CYALIGNED _Pragma("data_alignment=4")
  50:Generated_Source\PSoC4/cyfitter_cfg.c ****     #define CY_CFG_UNUSED _Pragma("diag_suppress=Pe177")
  51:Generated_Source\PSoC4/cyfitter_cfg.c ****     #define CY_CFG_SECTION _Pragma("location=\".psocinit\"")
  52:Generated_Source\PSoC4/cyfitter_cfg.c ****     
  53:Generated_Source\PSoC4/cyfitter_cfg.c ****     #define CY_CFG_MEMORY_BARRIER() __DMB()
  54:Generated_Source\PSoC4/cyfitter_cfg.c ****     
  55:Generated_Source\PSoC4/cyfitter_cfg.c **** #else
  56:Generated_Source\PSoC4/cyfitter_cfg.c ****     #error Unsupported toolchain
  57:Generated_Source\PSoC4/cyfitter_cfg.c **** #endif
  58:Generated_Source\PSoC4/cyfitter_cfg.c **** 
  59:Generated_Source\PSoC4/cyfitter_cfg.c **** #ifndef CYCODE
  60:Generated_Source\PSoC4/cyfitter_cfg.c ****     #define CYCODE
  61:Generated_Source\PSoC4/cyfitter_cfg.c **** #endif
  62:Generated_Source\PSoC4/cyfitter_cfg.c **** #ifndef CYDATA
  63:Generated_Source\PSoC4/cyfitter_cfg.c ****     #define CYDATA
  64:Generated_Source\PSoC4/cyfitter_cfg.c **** #endif
  65:Generated_Source\PSoC4/cyfitter_cfg.c **** #ifndef CYFAR
  66:Generated_Source\PSoC4/cyfitter_cfg.c ****     #define CYFAR
  67:Generated_Source\PSoC4/cyfitter_cfg.c **** #endif
  68:Generated_Source\PSoC4/cyfitter_cfg.c **** #ifndef CYXDATA
  69:Generated_Source\PSoC4/cyfitter_cfg.c ****     #define CYXDATA
  70:Generated_Source\PSoC4/cyfitter_cfg.c **** #endif
  71:Generated_Source\PSoC4/cyfitter_cfg.c **** 
  72:Generated_Source\PSoC4/cyfitter_cfg.c **** 
  73:Generated_Source\PSoC4/cyfitter_cfg.c **** CY_CFG_UNUSED
  74:Generated_Source\PSoC4/cyfitter_cfg.c **** static void CYMEMZERO(void *s, size_t n);
  75:Generated_Source\PSoC4/cyfitter_cfg.c **** CY_CFG_UNUSED
  76:Generated_Source\PSoC4/cyfitter_cfg.c **** static void CYMEMZERO(void *s, size_t n)
  77:Generated_Source\PSoC4/cyfitter_cfg.c **** {
  27              		.loc 1 77 0
  28              		.cfi_startproc
  29              		@ args = 0, pretend = 0, frame = 0
  30              		@ frame_needed = 0, uses_anonymous_args = 0
  31              	.LVL0:
  32 0000 10B5     		push	{r4, lr}
  33              		.cfi_def_cfa_offset 8
  34              		.cfi_offset 4, -8
  35              		.cfi_offset 14, -4
  36 0002 0A00     		movs	r2, r1
  78:Generated_Source\PSoC4/cyfitter_cfg.c **** 	(void)memset(s, 0, n);
ARM GAS  C:\Users\Keyarash\AppData\Local\Temp\ccr16FiF.s 			page 3


  37              		.loc 1 78 0
  38 0004 0021     		movs	r1, #0
  39              	.LVL1:
  40 0006 FFF7FEFF 		bl	memset
  41              	.LVL2:
  79:Generated_Source\PSoC4/cyfitter_cfg.c **** }
  42              		.loc 1 79 0
  43              		@ sp needed
  44 000a 10BD     		pop	{r4, pc}
  45              		.cfi_endproc
  46              	.LFE0:
  47              		.size	CYMEMZERO, .-CYMEMZERO
  48              		.section	.psocinit,"ax",%progbits
  49              		.align	2
  50              		.code	16
  51              		.thumb_func
  52              		.type	ClockSetup, %function
  53              	ClockSetup:
  54              	.LFB3:
  80:Generated_Source\PSoC4/cyfitter_cfg.c **** CY_CFG_UNUSED
  81:Generated_Source\PSoC4/cyfitter_cfg.c **** static void CYCONFIGCPY(void *dest, const void *src, size_t n);
  82:Generated_Source\PSoC4/cyfitter_cfg.c **** CY_CFG_UNUSED
  83:Generated_Source\PSoC4/cyfitter_cfg.c **** static void CYCONFIGCPY(void *dest, const void *src, size_t n)
  84:Generated_Source\PSoC4/cyfitter_cfg.c **** {
  85:Generated_Source\PSoC4/cyfitter_cfg.c **** 	(void)memcpy(dest, src, n);
  86:Generated_Source\PSoC4/cyfitter_cfg.c **** }
  87:Generated_Source\PSoC4/cyfitter_cfg.c **** CY_CFG_UNUSED
  88:Generated_Source\PSoC4/cyfitter_cfg.c **** static void CYCONFIGCPYCODE(void *dest, const void *src, size_t n);
  89:Generated_Source\PSoC4/cyfitter_cfg.c **** CY_CFG_UNUSED
  90:Generated_Source\PSoC4/cyfitter_cfg.c **** static void CYCONFIGCPYCODE(void *dest, const void *src, size_t n)
  91:Generated_Source\PSoC4/cyfitter_cfg.c **** {
  92:Generated_Source\PSoC4/cyfitter_cfg.c **** 	(void)memcpy(dest, src, n);
  93:Generated_Source\PSoC4/cyfitter_cfg.c **** }
  94:Generated_Source\PSoC4/cyfitter_cfg.c **** 
  95:Generated_Source\PSoC4/cyfitter_cfg.c **** 
  96:Generated_Source\PSoC4/cyfitter_cfg.c **** 
  97:Generated_Source\PSoC4/cyfitter_cfg.c **** 
  98:Generated_Source\PSoC4/cyfitter_cfg.c **** /* Clock startup error codes                                                   */
  99:Generated_Source\PSoC4/cyfitter_cfg.c **** #define CYCLOCKSTART_NO_ERROR    0u
 100:Generated_Source\PSoC4/cyfitter_cfg.c **** #define CYCLOCKSTART_XTAL_ERROR  1u
 101:Generated_Source\PSoC4/cyfitter_cfg.c **** #define CYCLOCKSTART_32KHZ_ERROR 2u
 102:Generated_Source\PSoC4/cyfitter_cfg.c **** #define CYCLOCKSTART_PLL_ERROR   3u
 103:Generated_Source\PSoC4/cyfitter_cfg.c **** #define CYCLOCKSTART_FLL_ERROR   4u
 104:Generated_Source\PSoC4/cyfitter_cfg.c **** #define CYCLOCKSTART_WCO_ERROR   5u
 105:Generated_Source\PSoC4/cyfitter_cfg.c **** 
 106:Generated_Source\PSoC4/cyfitter_cfg.c **** 
 107:Generated_Source\PSoC4/cyfitter_cfg.c **** #ifdef CY_NEED_CYCLOCKSTARTUPERROR
 108:Generated_Source\PSoC4/cyfitter_cfg.c **** /*******************************************************************************
 109:Generated_Source\PSoC4/cyfitter_cfg.c **** * Function Name: CyClockStartupError
 110:Generated_Source\PSoC4/cyfitter_cfg.c **** ********************************************************************************
 111:Generated_Source\PSoC4/cyfitter_cfg.c **** * Summary:
 112:Generated_Source\PSoC4/cyfitter_cfg.c **** *  If an error is encountered during clock configuration (crystal startup error,
 113:Generated_Source\PSoC4/cyfitter_cfg.c **** *  PLL lock error, etc.), the system will end up here.  Unless reimplemented by
 114:Generated_Source\PSoC4/cyfitter_cfg.c **** *  the customer, this function will stop in an infinite loop.
 115:Generated_Source\PSoC4/cyfitter_cfg.c **** *
 116:Generated_Source\PSoC4/cyfitter_cfg.c **** * Parameters:
 117:Generated_Source\PSoC4/cyfitter_cfg.c **** *   void
ARM GAS  C:\Users\Keyarash\AppData\Local\Temp\ccr16FiF.s 			page 4


 118:Generated_Source\PSoC4/cyfitter_cfg.c **** *
 119:Generated_Source\PSoC4/cyfitter_cfg.c **** * Return:
 120:Generated_Source\PSoC4/cyfitter_cfg.c **** *   void
 121:Generated_Source\PSoC4/cyfitter_cfg.c **** *
 122:Generated_Source\PSoC4/cyfitter_cfg.c **** *******************************************************************************/
 123:Generated_Source\PSoC4/cyfitter_cfg.c **** CY_CFG_UNUSED
 124:Generated_Source\PSoC4/cyfitter_cfg.c **** static void CyClockStartupError(uint8 errorCode);
 125:Generated_Source\PSoC4/cyfitter_cfg.c **** CY_CFG_UNUSED
 126:Generated_Source\PSoC4/cyfitter_cfg.c **** static void CyClockStartupError(uint8 errorCode)
 127:Generated_Source\PSoC4/cyfitter_cfg.c **** {
 128:Generated_Source\PSoC4/cyfitter_cfg.c ****     /* To remove the compiler warning if errorCode not used.                */
 129:Generated_Source\PSoC4/cyfitter_cfg.c ****     errorCode = errorCode;
 130:Generated_Source\PSoC4/cyfitter_cfg.c **** 
 131:Generated_Source\PSoC4/cyfitter_cfg.c ****     /* If we have a clock startup error (bad MHz crystal, PLL lock, etc.),  */
 132:Generated_Source\PSoC4/cyfitter_cfg.c ****     /* we will end up here to allow the customer to implement something to  */
 133:Generated_Source\PSoC4/cyfitter_cfg.c ****     /* deal with the clock condition.                                       */
 134:Generated_Source\PSoC4/cyfitter_cfg.c **** 
 135:Generated_Source\PSoC4/cyfitter_cfg.c **** #ifdef CY_CFG_CLOCK_STARTUP_ERROR_CALLBACK
 136:Generated_Source\PSoC4/cyfitter_cfg.c ****     CY_CFG_Clock_Startup_ErrorCallback();
 137:Generated_Source\PSoC4/cyfitter_cfg.c **** #else
 138:Generated_Source\PSoC4/cyfitter_cfg.c ****     /*  If not using CY_CFG_CLOCK_STARTUP_ERROR_CALLBACK, place your clock startup code here. */
 139:Generated_Source\PSoC4/cyfitter_cfg.c ****     /* `#START CyClockStartupError` */
 140:Generated_Source\PSoC4/cyfitter_cfg.c **** 
 141:Generated_Source\PSoC4/cyfitter_cfg.c **** 
 142:Generated_Source\PSoC4/cyfitter_cfg.c **** 
 143:Generated_Source\PSoC4/cyfitter_cfg.c ****     /* `#END` */
 144:Generated_Source\PSoC4/cyfitter_cfg.c **** 
 145:Generated_Source\PSoC4/cyfitter_cfg.c ****     while(1) {}
 146:Generated_Source\PSoC4/cyfitter_cfg.c **** #endif /* CY_CFG_CLOCK_STARTUP_ERROR_CALLBACK */
 147:Generated_Source\PSoC4/cyfitter_cfg.c **** }
 148:Generated_Source\PSoC4/cyfitter_cfg.c **** #endif
 149:Generated_Source\PSoC4/cyfitter_cfg.c **** 
 150:Generated_Source\PSoC4/cyfitter_cfg.c **** 
 151:Generated_Source\PSoC4/cyfitter_cfg.c **** 
 152:Generated_Source\PSoC4/cyfitter_cfg.c **** /*******************************************************************************
 153:Generated_Source\PSoC4/cyfitter_cfg.c **** * Function Name: ClockSetup
 154:Generated_Source\PSoC4/cyfitter_cfg.c **** ********************************************************************************
 155:Generated_Source\PSoC4/cyfitter_cfg.c **** *
 156:Generated_Source\PSoC4/cyfitter_cfg.c **** * Summary:
 157:Generated_Source\PSoC4/cyfitter_cfg.c **** *   Performs the initialization of all of the clocks in the device based on the
 158:Generated_Source\PSoC4/cyfitter_cfg.c **** *   settings in the Clock tab of the DWR.  This includes enabling the requested
 159:Generated_Source\PSoC4/cyfitter_cfg.c **** *   clocks and setting the necessary dividers to produce the desired frequency. 
 160:Generated_Source\PSoC4/cyfitter_cfg.c **** *
 161:Generated_Source\PSoC4/cyfitter_cfg.c **** * Parameters:
 162:Generated_Source\PSoC4/cyfitter_cfg.c **** *   void
 163:Generated_Source\PSoC4/cyfitter_cfg.c **** *
 164:Generated_Source\PSoC4/cyfitter_cfg.c **** * Return:
 165:Generated_Source\PSoC4/cyfitter_cfg.c **** *   void
 166:Generated_Source\PSoC4/cyfitter_cfg.c **** *
 167:Generated_Source\PSoC4/cyfitter_cfg.c **** *******************************************************************************/
 168:Generated_Source\PSoC4/cyfitter_cfg.c **** static void ClockSetup(void);
 169:Generated_Source\PSoC4/cyfitter_cfg.c **** CY_CFG_SECTION
 170:Generated_Source\PSoC4/cyfitter_cfg.c **** static void ClockSetup(void)
 171:Generated_Source\PSoC4/cyfitter_cfg.c **** {
  55              		.loc 1 171 0
  56              		.cfi_startproc
  57              		@ args = 0, pretend = 0, frame = 0
ARM GAS  C:\Users\Keyarash\AppData\Local\Temp\ccr16FiF.s 			page 5


  58              		@ frame_needed = 0, uses_anonymous_args = 0
  59 0000 70B5     		push	{r4, r5, r6, lr}
  60              		.cfi_def_cfa_offset 16
  61              		.cfi_offset 4, -16
  62              		.cfi_offset 5, -12
  63              		.cfi_offset 6, -8
  64              		.cfi_offset 14, -4
 172:Generated_Source\PSoC4/cyfitter_cfg.c **** 	/* Enable HALF_EN before trimming for the flash accelerator. */
 173:Generated_Source\PSoC4/cyfitter_cfg.c **** 	CY_SET_REG32((void CYXDATA *)(CYREG_CLK_SELECT), (CY_GET_REG32((void *)CYREG_CLK_SELECT) | 0x00040
  65              		.loc 1 173 0
  66 0002 1B4C     		ldr	r4, .L3
  67 0004 2368     		ldr	r3, [r4]
  68 0006 8022     		movs	r2, #128
  69 0008 D202     		lsls	r2, r2, #11
  70 000a 1343     		orrs	r3, r2
  71 000c 2360     		str	r3, [r4]
 174:Generated_Source\PSoC4/cyfitter_cfg.c **** 
 175:Generated_Source\PSoC4/cyfitter_cfg.c **** 	/* Setup and trim IMO based on desired frequency. */
 176:Generated_Source\PSoC4/cyfitter_cfg.c **** 	CySysClkWriteImoFreq(24u);
  72              		.loc 1 176 0
  73 000e 1820     		movs	r0, #24
  74 0010 FFF7FEFF 		bl	CySysClkWriteImoFreq
  75              	.LVL3:
 177:Generated_Source\PSoC4/cyfitter_cfg.c **** 
 178:Generated_Source\PSoC4/cyfitter_cfg.c **** 	/* Disable HALF_EN since it is not required at this IMO frequency. */
 179:Generated_Source\PSoC4/cyfitter_cfg.c **** 	CY_SET_REG32((void CYXDATA *)(CYREG_CLK_SELECT), (CY_GET_REG32((void *)CYREG_CLK_SELECT) & 0xFFFBF
  76              		.loc 1 179 0
  77 0014 2268     		ldr	r2, [r4]
  78 0016 174B     		ldr	r3, .L3+4
  79 0018 1340     		ands	r3, r2
  80 001a 2360     		str	r3, [r4]
 180:Generated_Source\PSoC4/cyfitter_cfg.c **** 	/* CYDEV_CLK_ILO_CONFIG Starting address: CYDEV_CLK_ILO_CONFIG */
 181:Generated_Source\PSoC4/cyfitter_cfg.c **** 	CY_SET_REG32((void *)(CYREG_CLK_ILO_CONFIG), 0x80000006u);
  81              		.loc 1 181 0
  82 001c 164A     		ldr	r2, .L3+8
  83 001e 174B     		ldr	r3, .L3+12
  84 0020 1A60     		str	r2, [r3]
 182:Generated_Source\PSoC4/cyfitter_cfg.c **** 
 183:Generated_Source\PSoC4/cyfitter_cfg.c **** 
 184:Generated_Source\PSoC4/cyfitter_cfg.c **** 	/* CYDEV_CLK_SELECT00 Starting address: CYDEV_CLK_SELECT00 */
 185:Generated_Source\PSoC4/cyfitter_cfg.c **** 	CY_SET_REG32((void *)(CYREG_CLK_SELECT02), 0x00000020u);
  85              		.loc 1 185 0
  86 0022 2022     		movs	r2, #32
  87 0024 164B     		ldr	r3, .L3+16
  88 0026 1A60     		str	r2, [r3]
 186:Generated_Source\PSoC4/cyfitter_cfg.c **** 	CY_SET_REG32((void *)(CYREG_CLK_SELECT03), 0x00000010u);
  89              		.loc 1 186 0
  90 0028 103A     		subs	r2, r2, #16
  91 002a 164B     		ldr	r3, .L3+20
  92 002c 1A60     		str	r2, [r3]
 187:Generated_Source\PSoC4/cyfitter_cfg.c **** 	CY_SET_REG32((void *)(CYREG_CLK_SELECT08), 0x00000011u);
  93              		.loc 1 187 0
  94 002e 0132     		adds	r2, r2, #1
  95 0030 154B     		ldr	r3, .L3+24
  96 0032 1A60     		str	r2, [r3]
 188:Generated_Source\PSoC4/cyfitter_cfg.c **** 	CY_SET_REG32((void *)(CYREG_CLK_SELECT09), 0x00000030u);
  97              		.loc 1 188 0
ARM GAS  C:\Users\Keyarash\AppData\Local\Temp\ccr16FiF.s 			page 6


  98 0034 1F32     		adds	r2, r2, #31
  99 0036 154B     		ldr	r3, .L3+28
 100 0038 1A60     		str	r2, [r3]
 189:Generated_Source\PSoC4/cyfitter_cfg.c **** 
 190:Generated_Source\PSoC4/cyfitter_cfg.c **** 	/* CYDEV_CLK_IMO_CONFIG Starting address: CYDEV_CLK_IMO_CONFIG */
 191:Generated_Source\PSoC4/cyfitter_cfg.c **** 	CY_SET_REG32((void *)(CYREG_CLK_IMO_CONFIG), 0x80000000u);
 101              		.loc 1 191 0
 102 003a 8022     		movs	r2, #128
 103 003c 1206     		lsls	r2, r2, #24
 104 003e 144B     		ldr	r3, .L3+32
 105 0040 1A60     		str	r2, [r3]
 192:Generated_Source\PSoC4/cyfitter_cfg.c **** 
 193:Generated_Source\PSoC4/cyfitter_cfg.c **** 	/* CYDEV_CLK_SELECT Starting address: CYDEV_CLK_SELECT */
 194:Generated_Source\PSoC4/cyfitter_cfg.c **** 	CY_SET_REG32((void *)(CYREG_CLK_SELECT), 0x00000000u);
 106              		.loc 1 194 0
 107 0042 0025     		movs	r5, #0
 108 0044 2560     		str	r5, [r4]
 195:Generated_Source\PSoC4/cyfitter_cfg.c **** 
 196:Generated_Source\PSoC4/cyfitter_cfg.c **** 	/* CYDEV_CLK_DIVIDER_A00 Starting address: CYDEV_CLK_DIVIDER_A00 */
 197:Generated_Source\PSoC4/cyfitter_cfg.c **** 	CY_SET_REG32((void *)(CYREG_CLK_DIVIDER_A00), 0x8000000Eu);
 109              		.loc 1 197 0
 110 0046 134A     		ldr	r2, .L3+36
 111 0048 134B     		ldr	r3, .L3+40
 112 004a 1A60     		str	r2, [r3]
 198:Generated_Source\PSoC4/cyfitter_cfg.c **** 
 199:Generated_Source\PSoC4/cyfitter_cfg.c **** 	/* CYDEV_CLK_DIVIDER_B00 Starting address: CYDEV_CLK_DIVIDER_B00 */
 200:Generated_Source\PSoC4/cyfitter_cfg.c **** 	CY_SET_REG32((void *)(CYREG_CLK_DIVIDER_B00), 0x80000010u);
 113              		.loc 1 200 0
 114 004c 134A     		ldr	r2, .L3+44
 115 004e 144B     		ldr	r3, .L3+48
 116 0050 1A60     		str	r2, [r3]
 201:Generated_Source\PSoC4/cyfitter_cfg.c **** 
 202:Generated_Source\PSoC4/cyfitter_cfg.c **** 	/* CYDEV_CLK_DIVIDER_C00 Starting address: CYDEV_CLK_DIVIDER_C00 */
 203:Generated_Source\PSoC4/cyfitter_cfg.c **** 	CY_SET_REG32((void *)(CYREG_CLK_DIVIDER_C00), 0x80005DBFu);
 117              		.loc 1 203 0
 118 0052 144B     		ldr	r3, .L3+52
 119 0054 144A     		ldr	r2, .L3+56
 120 0056 1360     		str	r3, [r2]
 204:Generated_Source\PSoC4/cyfitter_cfg.c **** 
 205:Generated_Source\PSoC4/cyfitter_cfg.c **** 	/* CYDEV_CLK_DIVIDER_A01 Starting address: CYDEV_CLK_DIVIDER_A01 */
 206:Generated_Source\PSoC4/cyfitter_cfg.c **** 	CY_SET_REG32((void *)(CYREG_CLK_DIVIDER_A01), 0x80005DBFu);
 121              		.loc 1 206 0
 122 0058 144A     		ldr	r2, .L3+60
 123 005a 1360     		str	r3, [r2]
 207:Generated_Source\PSoC4/cyfitter_cfg.c **** 
 208:Generated_Source\PSoC4/cyfitter_cfg.c **** 	(void)CyIntSetVector(9u, &CySysWdtIsr);
 124              		.loc 1 208 0
 125 005c 1449     		ldr	r1, .L3+64
 126 005e 0920     		movs	r0, #9
 127 0060 FFF7FEFF 		bl	CyIntSetVector
 128              	.LVL4:
 209:Generated_Source\PSoC4/cyfitter_cfg.c **** 	CyIntEnable(9u);
 129              		.loc 1 209 0
 130 0064 0920     		movs	r0, #9
 131 0066 FFF7FEFF 		bl	CyIntEnable
 132              	.LVL5:
 210:Generated_Source\PSoC4/cyfitter_cfg.c **** 	CY_SET_REG32((void *)(CYREG_WDT_CONFIG), 0x00000000u);
ARM GAS  C:\Users\Keyarash\AppData\Local\Temp\ccr16FiF.s 			page 7


 133              		.loc 1 210 0
 134 006a 124B     		ldr	r3, .L3+68
 135 006c 1D60     		str	r5, [r3]
 211:Generated_Source\PSoC4/cyfitter_cfg.c **** }
 136              		.loc 1 211 0
 137              		@ sp needed
 138 006e 70BD     		pop	{r4, r5, r6, pc}
 139              	.L4:
 140              		.align	2
 141              	.L3:
 142 0070 00010B40 		.word	1074462976
 143 0074 FFFFFBFF 		.word	-262145
 144 0078 06000080 		.word	-2147483642
 145 007c 04010B40 		.word	1074462980
 146 0080 08020240 		.word	1073873416
 147 0084 0C020240 		.word	1073873420
 148 0088 20020240 		.word	1073873440
 149 008c 24020240 		.word	1073873444
 150 0090 08010B40 		.word	1074462984
 151 0094 0E000080 		.word	-2147483634
 152 0098 00000240 		.word	1073872896
 153 009c 10000080 		.word	-2147483632
 154 00a0 40000240 		.word	1073872960
 155 00a4 BF5D0080 		.word	-2147459649
 156 00a8 80000240 		.word	1073873024
 157 00ac 04000240 		.word	1073872900
 158 00b0 00000000 		.word	CySysWdtIsr
 159 00b4 0C020B40 		.word	1074463244
 160              		.cfi_endproc
 161              	.LFE3:
 162              		.size	ClockSetup, .-ClockSetup
 163              		.align	2
 164              		.global	cyfitter_cfg
 165              		.code	16
 166              		.thumb_func
 167              		.type	cyfitter_cfg, %function
 168              	cyfitter_cfg:
 169              	.LFB5:
 212:Generated_Source\PSoC4/cyfitter_cfg.c **** 
 213:Generated_Source\PSoC4/cyfitter_cfg.c **** 
 214:Generated_Source\PSoC4/cyfitter_cfg.c **** /* Analog API Functions */
 215:Generated_Source\PSoC4/cyfitter_cfg.c **** 
 216:Generated_Source\PSoC4/cyfitter_cfg.c **** 
 217:Generated_Source\PSoC4/cyfitter_cfg.c **** /*******************************************************************************
 218:Generated_Source\PSoC4/cyfitter_cfg.c **** * Function Name: AnalogSetDefault
 219:Generated_Source\PSoC4/cyfitter_cfg.c **** ********************************************************************************
 220:Generated_Source\PSoC4/cyfitter_cfg.c **** *
 221:Generated_Source\PSoC4/cyfitter_cfg.c **** * Summary:
 222:Generated_Source\PSoC4/cyfitter_cfg.c **** *  Sets up the analog portions of the chip to default values based on chip
 223:Generated_Source\PSoC4/cyfitter_cfg.c **** *  configuration options from the project.
 224:Generated_Source\PSoC4/cyfitter_cfg.c **** *
 225:Generated_Source\PSoC4/cyfitter_cfg.c **** * Parameters:
 226:Generated_Source\PSoC4/cyfitter_cfg.c **** *  void
 227:Generated_Source\PSoC4/cyfitter_cfg.c **** *
 228:Generated_Source\PSoC4/cyfitter_cfg.c **** * Return:
 229:Generated_Source\PSoC4/cyfitter_cfg.c **** *  void
 230:Generated_Source\PSoC4/cyfitter_cfg.c **** *
ARM GAS  C:\Users\Keyarash\AppData\Local\Temp\ccr16FiF.s 			page 8


 231:Generated_Source\PSoC4/cyfitter_cfg.c **** *******************************************************************************/
 232:Generated_Source\PSoC4/cyfitter_cfg.c **** static void AnalogSetDefault(void);
 233:Generated_Source\PSoC4/cyfitter_cfg.c **** static void AnalogSetDefault(void)
 234:Generated_Source\PSoC4/cyfitter_cfg.c **** {
 235:Generated_Source\PSoC4/cyfitter_cfg.c **** }
 236:Generated_Source\PSoC4/cyfitter_cfg.c **** 
 237:Generated_Source\PSoC4/cyfitter_cfg.c **** 
 238:Generated_Source\PSoC4/cyfitter_cfg.c **** 
 239:Generated_Source\PSoC4/cyfitter_cfg.c **** 
 240:Generated_Source\PSoC4/cyfitter_cfg.c **** /*******************************************************************************
 241:Generated_Source\PSoC4/cyfitter_cfg.c **** * Function Name: cyfitter_cfg
 242:Generated_Source\PSoC4/cyfitter_cfg.c **** ********************************************************************************
 243:Generated_Source\PSoC4/cyfitter_cfg.c **** * Summary:
 244:Generated_Source\PSoC4/cyfitter_cfg.c **** *  This function is called by the start-up code for the selected device. It
 245:Generated_Source\PSoC4/cyfitter_cfg.c **** *  performs all of the necessary device configuration based on the design
 246:Generated_Source\PSoC4/cyfitter_cfg.c **** *  settings.  This includes settings from the Design Wide Resources (DWR) such
 247:Generated_Source\PSoC4/cyfitter_cfg.c **** *  as Clocks and Pins as well as any component configuration that is necessary.
 248:Generated_Source\PSoC4/cyfitter_cfg.c **** *
 249:Generated_Source\PSoC4/cyfitter_cfg.c **** * Parameters:
 250:Generated_Source\PSoC4/cyfitter_cfg.c **** *   void
 251:Generated_Source\PSoC4/cyfitter_cfg.c **** *
 252:Generated_Source\PSoC4/cyfitter_cfg.c **** * Return:
 253:Generated_Source\PSoC4/cyfitter_cfg.c **** *   void
 254:Generated_Source\PSoC4/cyfitter_cfg.c **** *
 255:Generated_Source\PSoC4/cyfitter_cfg.c **** *******************************************************************************/
 256:Generated_Source\PSoC4/cyfitter_cfg.c **** CY_CFG_SECTION
 257:Generated_Source\PSoC4/cyfitter_cfg.c **** void cyfitter_cfg(void)
 258:Generated_Source\PSoC4/cyfitter_cfg.c **** {
 170              		.loc 1 258 0
 171              		.cfi_startproc
 172              		@ args = 0, pretend = 0, frame = 0
 173              		@ frame_needed = 0, uses_anonymous_args = 0
 174 00b8 10B5     		push	{r4, lr}
 175              		.cfi_def_cfa_offset 8
 176              		.cfi_offset 4, -8
 177              		.cfi_offset 14, -4
 259:Generated_Source\PSoC4/cyfitter_cfg.c **** 	/* Disable interrupts by default. Let user enable if/when they want. */
 260:Generated_Source\PSoC4/cyfitter_cfg.c **** 	CyGlobalIntDisable;
 178              		.loc 1 260 0
 179              		.syntax divided
 180              	@ 260 "Generated_Source\PSoC4\cyfitter_cfg.c" 1
 181 00ba 72B6     		CPSID   i
 182              	@ 0 "" 2
 183              	.LVL6:
 184              		.thumb
 185              		.syntax unified
 186              	.LBB2:
 261:Generated_Source\PSoC4/cyfitter_cfg.c **** 
 262:Generated_Source\PSoC4/cyfitter_cfg.c **** 	{
 263:Generated_Source\PSoC4/cyfitter_cfg.c **** 
 264:Generated_Source\PSoC4/cyfitter_cfg.c **** 		CYPACKED typedef struct {
 265:Generated_Source\PSoC4/cyfitter_cfg.c **** 			void CYFAR *address;
 266:Generated_Source\PSoC4/cyfitter_cfg.c **** 			uint16 size;
 267:Generated_Source\PSoC4/cyfitter_cfg.c **** 		} CYPACKED_ATTR cfg_memset_t;
 268:Generated_Source\PSoC4/cyfitter_cfg.c **** 
 269:Generated_Source\PSoC4/cyfitter_cfg.c **** 		static const cfg_memset_t CYCODE cfg_memset_list[] = {
 270:Generated_Source\PSoC4/cyfitter_cfg.c **** 			/* address, size */
ARM GAS  C:\Users\Keyarash\AppData\Local\Temp\ccr16FiF.s 			page 9


 271:Generated_Source\PSoC4/cyfitter_cfg.c **** 			{(void CYFAR *)(CYDEV_UDB_P0_U0_BASE), 1024u},
 272:Generated_Source\PSoC4/cyfitter_cfg.c **** 			{(void CYFAR *)(CYDEV_UDB_DSI0_BASE), 1024u},
 273:Generated_Source\PSoC4/cyfitter_cfg.c **** 		};
 274:Generated_Source\PSoC4/cyfitter_cfg.c **** 
 275:Generated_Source\PSoC4/cyfitter_cfg.c **** 		uint8 CYDATA i;
 276:Generated_Source\PSoC4/cyfitter_cfg.c **** 
 277:Generated_Source\PSoC4/cyfitter_cfg.c **** 		/* Zero out critical memory blocks before beginning configuration */
 278:Generated_Source\PSoC4/cyfitter_cfg.c **** 		for (i = 0u; i < (sizeof(cfg_memset_list)/sizeof(cfg_memset_list[0])); i++)
 187              		.loc 1 278 0
 188 00bc 0024     		movs	r4, #0
 189 00be 0FE0     		b	.L6
 190              	.LVL7:
 191              	.L7:
 192              	.LBB3:
 279:Generated_Source\PSoC4/cyfitter_cfg.c **** 		{
 280:Generated_Source\PSoC4/cyfitter_cfg.c **** 			const cfg_memset_t CYCODE * CYDATA ms = &cfg_memset_list[i];
 281:Generated_Source\PSoC4/cyfitter_cfg.c **** 			CYMEMZERO(ms->address, (size_t)(uint32)(ms->size));
 193              		.loc 1 281 0 discriminator 3
 194 00c0 1E48     		ldr	r0, .L8
 195 00c2 6200     		lsls	r2, r4, #1
 196 00c4 1319     		adds	r3, r2, r4
 197 00c6 5900     		lsls	r1, r3, #1
 198 00c8 0B00     		movs	r3, r1
 199 00ca 4118     		adds	r1, r0, r1
 200 00cc 8988     		ldrh	r1, [r1, #4]
 201 00ce 1A5A     		ldrh	r2, [r3, r0]
 202 00d0 C318     		adds	r3, r0, r3
 203 00d2 5888     		ldrh	r0, [r3, #2]
 204 00d4 0004     		lsls	r0, r0, #16
 205 00d6 1043     		orrs	r0, r2
 206 00d8 FFF7FEFF 		bl	CYMEMZERO
 207              	.LVL8:
 208              	.LBE3:
 278:Generated_Source\PSoC4/cyfitter_cfg.c **** 		{
 209              		.loc 1 278 0 discriminator 3
 210 00dc 0134     		adds	r4, r4, #1
 211              	.LVL9:
 212 00de E4B2     		uxtb	r4, r4
 213              	.LVL10:
 214              	.L6:
 278:Generated_Source\PSoC4/cyfitter_cfg.c **** 		{
 215              		.loc 1 278 0 is_stmt 0 discriminator 1
 216 00e0 012C     		cmp	r4, #1
 217 00e2 EDD9     		bls	.L7
 282:Generated_Source\PSoC4/cyfitter_cfg.c **** 		}
 283:Generated_Source\PSoC4/cyfitter_cfg.c **** 
 284:Generated_Source\PSoC4/cyfitter_cfg.c **** 		/* HSIOM Starting address: CYDEV_HSIOM_BASE */
 285:Generated_Source\PSoC4/cyfitter_cfg.c **** 		CY_SET_REG32((void *)(CYREG_HSIOM_PORT_SEL3), 0x0000EEEEu);
 218              		.loc 1 285 0 is_stmt 1
 219 00e4 164A     		ldr	r2, .L8+4
 220 00e6 174B     		ldr	r3, .L8+8
 221 00e8 1A60     		str	r2, [r3]
 286:Generated_Source\PSoC4/cyfitter_cfg.c **** 		CY_SET_REG32((void *)(CYREG_HSIOM_PORT_SEL4), 0x00000099u);
 222              		.loc 1 286 0
 223 00ea 9922     		movs	r2, #153
 224 00ec 164B     		ldr	r3, .L8+12
 225 00ee 1A60     		str	r2, [r3]
ARM GAS  C:\Users\Keyarash\AppData\Local\Temp\ccr16FiF.s 			page 10


 287:Generated_Source\PSoC4/cyfitter_cfg.c **** 
 288:Generated_Source\PSoC4/cyfitter_cfg.c **** 		/* UDB_PA_1 Starting address: CYDEV_UDB_PA1_BASE */
 289:Generated_Source\PSoC4/cyfitter_cfg.c **** 		CY_SET_REG32((void *)(CYDEV_UDB_PA1_BASE), 0x00990000u);
 226              		.loc 1 289 0
 227 00f0 9923     		movs	r3, #153
 228 00f2 1B04     		lsls	r3, r3, #16
 229 00f4 154A     		ldr	r2, .L8+16
 230 00f6 1360     		str	r3, [r2]
 290:Generated_Source\PSoC4/cyfitter_cfg.c **** 
 291:Generated_Source\PSoC4/cyfitter_cfg.c **** 		/* UDB_PA_3 Starting address: CYDEV_UDB_PA3_BASE */
 292:Generated_Source\PSoC4/cyfitter_cfg.c **** 		CY_SET_REG32((void *)(CYDEV_UDB_PA3_BASE), 0x00990000u);
 231              		.loc 1 292 0
 232 00f8 154A     		ldr	r2, .L8+20
 233 00fa 1360     		str	r3, [r2]
 293:Generated_Source\PSoC4/cyfitter_cfg.c **** 
 294:Generated_Source\PSoC4/cyfitter_cfg.c **** 		/* Enable digital routing */
 295:Generated_Source\PSoC4/cyfitter_cfg.c **** 		CY_SET_XTND_REG8((void *)CYREG_UDB_UDBIF_BANK_CTL, (uint8)(CY_GET_XTND_REG8((void *)CYREG_UDB_UDB
 234              		.loc 1 295 0
 235 00fc 154A     		ldr	r2, .L8+24
 236 00fe 1178     		ldrb	r1, [r2]
 237 0100 0623     		movs	r3, #6
 238 0102 0B43     		orrs	r3, r1
 239 0104 DBB2     		uxtb	r3, r3
 240 0106 1370     		strb	r3, [r2]
 241              	.LBE2:
 296:Generated_Source\PSoC4/cyfitter_cfg.c **** 	}
 297:Generated_Source\PSoC4/cyfitter_cfg.c **** 
 298:Generated_Source\PSoC4/cyfitter_cfg.c **** 	/* Perform second pass device configuration. These items must be configured in specific order afte
 299:Generated_Source\PSoC4/cyfitter_cfg.c **** 	/* IOPINS0_1 Starting address: CYDEV_PRT1_BASE */
 300:Generated_Source\PSoC4/cyfitter_cfg.c **** 	CY_SET_REG32((void *)(CYREG_PRT1_PC), 0x00008000u);
 242              		.loc 1 300 0
 243 0108 8022     		movs	r2, #128
 244 010a 1202     		lsls	r2, r2, #8
 245 010c 124B     		ldr	r3, .L8+28
 246 010e 1A60     		str	r2, [r3]
 301:Generated_Source\PSoC4/cyfitter_cfg.c **** 	CY_SET_REG32((void *)(CYREG_PRT1_INTCFG), 0x00000800u);
 247              		.loc 1 301 0
 248 0110 8022     		movs	r2, #128
 249 0112 1201     		lsls	r2, r2, #4
 250 0114 114B     		ldr	r3, .L8+32
 251 0116 1A60     		str	r2, [r3]
 302:Generated_Source\PSoC4/cyfitter_cfg.c **** 
 303:Generated_Source\PSoC4/cyfitter_cfg.c **** 	/* IOPINS0_3 Starting address: CYDEV_PRT3_BASE */
 304:Generated_Source\PSoC4/cyfitter_cfg.c **** 	CY_SET_REG32((void *)(CYDEV_PRT3_BASE), 0x00000003u);
 252              		.loc 1 304 0
 253 0118 0322     		movs	r2, #3
 254 011a 114B     		ldr	r3, .L8+36
 255 011c 1A60     		str	r2, [r3]
 305:Generated_Source\PSoC4/cyfitter_cfg.c **** 	CY_SET_REG32((void *)(CYREG_PRT3_PC), 0x00000DA4u);
 256              		.loc 1 305 0
 257 011e 114A     		ldr	r2, .L8+40
 258 0120 114B     		ldr	r3, .L8+44
 259 0122 1A60     		str	r2, [r3]
 306:Generated_Source\PSoC4/cyfitter_cfg.c **** 
 307:Generated_Source\PSoC4/cyfitter_cfg.c **** 	/* IOPINS0_4 Starting address: CYDEV_PRT4_BASE */
 308:Generated_Source\PSoC4/cyfitter_cfg.c **** 	CY_SET_REG32((void *)(CYDEV_PRT4_BASE), 0x00000002u);
 260              		.loc 1 308 0
ARM GAS  C:\Users\Keyarash\AppData\Local\Temp\ccr16FiF.s 			page 11


 261 0124 0223     		movs	r3, #2
 262 0126 114A     		ldr	r2, .L8+48
 263 0128 1360     		str	r3, [r2]
 309:Generated_Source\PSoC4/cyfitter_cfg.c **** 	CY_SET_REG32((void *)(CYREG_PRT4_PC), 0x00000031u);
 264              		.loc 1 309 0
 265 012a 3121     		movs	r1, #49
 266 012c 104A     		ldr	r2, .L8+52
 267 012e 1160     		str	r1, [r2]
 310:Generated_Source\PSoC4/cyfitter_cfg.c **** 	CY_SET_REG32((void *)(CYREG_PRT4_PC2), 0x00000002u);
 268              		.loc 1 310 0
 269 0130 104A     		ldr	r2, .L8+56
 270 0132 1360     		str	r3, [r2]
 311:Generated_Source\PSoC4/cyfitter_cfg.c **** 
 312:Generated_Source\PSoC4/cyfitter_cfg.c **** 
 313:Generated_Source\PSoC4/cyfitter_cfg.c **** 	/* Setup clocks based on selections from Clock DWR */
 314:Generated_Source\PSoC4/cyfitter_cfg.c **** 	ClockSetup();
 271              		.loc 1 314 0
 272 0134 FFF764FF 		bl	ClockSetup
 273              	.LVL11:
 315:Generated_Source\PSoC4/cyfitter_cfg.c **** 
 316:Generated_Source\PSoC4/cyfitter_cfg.c **** 	/* Perform basic analog initialization to defaults */
 317:Generated_Source\PSoC4/cyfitter_cfg.c **** 	AnalogSetDefault();
 318:Generated_Source\PSoC4/cyfitter_cfg.c **** 
 319:Generated_Source\PSoC4/cyfitter_cfg.c **** }
 274              		.loc 1 319 0
 275              		@ sp needed
 276              	.LVL12:
 277 0138 10BD     		pop	{r4, pc}
 278              	.L9:
 279 013a C046     		.align	2
 280              	.L8:
 281 013c 00000000 		.word	.LANCHOR0
 282 0140 EEEE0000 		.word	61166
 283 0144 0C000140 		.word	1073807372
 284 0148 10000140 		.word	1073807376
 285 014c 10500F40 		.word	1074745360
 286 0150 30500F40 		.word	1074745392
 287 0154 00700F40 		.word	1074753536
 288 0158 08010440 		.word	1074004232
 289 015c 0C010440 		.word	1074004236
 290 0160 00030440 		.word	1074004736
 291 0164 A40D0000 		.word	3492
 292 0168 08030440 		.word	1074004744
 293 016c 00040440 		.word	1074004992
 294 0170 08040440 		.word	1074005000
 295 0174 18040440 		.word	1074005016
 296              		.cfi_endproc
 297              	.LFE5:
 298              		.size	cyfitter_cfg, .-cyfitter_cfg
 299              		.section	.rodata
 300              		.align	2
 301              		.set	.LANCHOR0,. + 0
 302              		.type	cfg_memset_list.4847, %object
 303              		.size	cfg_memset_list.4847, 12
 304              	cfg_memset_list.4847:
 305 0000 00300F40 		.word	1074737152
 306 0004 0004     		.short	1024
ARM GAS  C:\Users\Keyarash\AppData\Local\Temp\ccr16FiF.s 			page 12


 307 0006 00400F40 		.4byte	1074741248
 308 000a 0004     		.short	1024
 309              		.text
 310              	.Letext0:
 311              		.file 2 "c:\\program files (x86)\\cypress\\psoc creator\\4.2\\psoc creator\\import\\gnu\\arm\\5.4.
 312              		.file 3 "Generated_Source\\PSoC4\\cytypes.h"
 313              		.file 4 "Generated_Source\\PSoC4\\CyLib.h"
 314              		.section	.debug_info,"",%progbits
 315              	.Ldebug_info0:
 316 0000 7A020000 		.4byte	0x27a
 317 0004 0400     		.2byte	0x4
 318 0006 00000000 		.4byte	.Ldebug_abbrev0
 319 000a 04       		.byte	0x4
 320 000b 01       		.uleb128 0x1
 321 000c 1B010000 		.4byte	.LASF29
 322 0010 0C       		.byte	0xc
 323 0011 12020000 		.4byte	.LASF30
 324 0015 B2000000 		.4byte	.LASF31
 325 0019 00000000 		.4byte	.Ldebug_ranges0+0
 326 001d 00000000 		.4byte	0
 327 0021 00000000 		.4byte	.Ldebug_line0
 328 0025 02       		.uleb128 0x2
 329 0026 04       		.byte	0x4
 330 0027 05       		.byte	0x5
 331 0028 696E7400 		.ascii	"int\000"
 332 002c 03       		.uleb128 0x3
 333 002d 06000000 		.4byte	.LASF12
 334 0031 02       		.byte	0x2
 335 0032 D8       		.byte	0xd8
 336 0033 37000000 		.4byte	0x37
 337 0037 04       		.uleb128 0x4
 338 0038 04       		.byte	0x4
 339 0039 07       		.byte	0x7
 340 003a E2000000 		.4byte	.LASF0
 341 003e 04       		.uleb128 0x4
 342 003f 08       		.byte	0x8
 343 0040 05       		.byte	0x5
 344 0041 BF010000 		.4byte	.LASF1
 345 0045 04       		.uleb128 0x4
 346 0046 08       		.byte	0x8
 347 0047 04       		.byte	0x4
 348 0048 FA010000 		.4byte	.LASF2
 349 004c 04       		.uleb128 0x4
 350 004d 01       		.byte	0x1
 351 004e 06       		.byte	0x6
 352 004f 06020000 		.4byte	.LASF3
 353 0053 04       		.uleb128 0x4
 354 0054 01       		.byte	0x1
 355 0055 08       		.byte	0x8
 356 0056 7C000000 		.4byte	.LASF4
 357 005a 04       		.uleb128 0x4
 358 005b 02       		.byte	0x2
 359 005c 05       		.byte	0x5
 360 005d D2010000 		.4byte	.LASF5
 361 0061 04       		.uleb128 0x4
 362 0062 02       		.byte	0x2
 363 0063 07       		.byte	0x7
ARM GAS  C:\Users\Keyarash\AppData\Local\Temp\ccr16FiF.s 			page 13


 364 0064 37000000 		.4byte	.LASF6
 365 0068 04       		.uleb128 0x4
 366 0069 04       		.byte	0x4
 367 006a 05       		.byte	0x5
 368 006b F1010000 		.4byte	.LASF7
 369 006f 04       		.uleb128 0x4
 370 0070 04       		.byte	0x4
 371 0071 07       		.byte	0x7
 372 0072 5A000000 		.4byte	.LASF8
 373 0076 04       		.uleb128 0x4
 374 0077 08       		.byte	0x8
 375 0078 07       		.byte	0x7
 376 0079 04010000 		.4byte	.LASF9
 377 007d 04       		.uleb128 0x4
 378 007e 04       		.byte	0x4
 379 007f 07       		.byte	0x7
 380 0080 B6010000 		.4byte	.LASF10
 381 0084 05       		.uleb128 0x5
 382 0085 04       		.byte	0x4
 383 0086 04       		.uleb128 0x4
 384 0087 01       		.byte	0x1
 385 0088 08       		.byte	0x8
 386 0089 CD010000 		.4byte	.LASF11
 387 008d 06       		.uleb128 0x6
 388 008e 6C000000 		.4byte	.LASF13
 389 0092 03       		.byte	0x3
 390 0093 E401     		.2byte	0x1e4
 391 0095 53000000 		.4byte	0x53
 392 0099 06       		.uleb128 0x6
 393 009a A4000000 		.4byte	.LASF14
 394 009e 03       		.byte	0x3
 395 009f E501     		.2byte	0x1e5
 396 00a1 61000000 		.4byte	0x61
 397 00a5 06       		.uleb128 0x6
 398 00a6 AB000000 		.4byte	.LASF15
 399 00aa 03       		.byte	0x3
 400 00ab E601     		.2byte	0x1e6
 401 00ad 6F000000 		.4byte	0x6f
 402 00b1 04       		.uleb128 0x4
 403 00b2 04       		.byte	0x4
 404 00b3 04       		.byte	0x4
 405 00b4 4A000000 		.4byte	.LASF16
 406 00b8 04       		.uleb128 0x4
 407 00b9 08       		.byte	0x8
 408 00ba 04       		.byte	0x4
 409 00bb 91000000 		.4byte	.LASF17
 410 00bf 06       		.uleb128 0x6
 411 00c0 55000000 		.4byte	.LASF18
 412 00c4 03       		.byte	0x3
 413 00c5 8E02     		.2byte	0x28e
 414 00c7 CB000000 		.4byte	0xcb
 415 00cb 07       		.uleb128 0x7
 416 00cc 8D000000 		.4byte	0x8d
 417 00d0 06       		.uleb128 0x6
 418 00d1 00000000 		.4byte	.LASF19
 419 00d5 03       		.byte	0x3
 420 00d6 9002     		.2byte	0x290
ARM GAS  C:\Users\Keyarash\AppData\Local\Temp\ccr16FiF.s 			page 14


 421 00d8 DC000000 		.4byte	0xdc
 422 00dc 07       		.uleb128 0x7
 423 00dd A5000000 		.4byte	0xa5
 424 00e1 08       		.uleb128 0x8
 425 00e2 72000000 		.4byte	.LASF20
 426 00e6 01       		.byte	0x1
 427 00e7 4C       		.byte	0x4c
 428 00e8 00000000 		.4byte	.LFB0
 429 00ec 0C000000 		.4byte	.LFE0-.LFB0
 430 00f0 01       		.uleb128 0x1
 431 00f1 9C       		.byte	0x9c
 432 00f2 2E010000 		.4byte	0x12e
 433 00f6 09       		.uleb128 0x9
 434 00f7 7300     		.ascii	"s\000"
 435 00f9 01       		.byte	0x1
 436 00fa 4C       		.byte	0x4c
 437 00fb 84000000 		.4byte	0x84
 438 00ff 00000000 		.4byte	.LLST0
 439 0103 09       		.uleb128 0x9
 440 0104 6E00     		.ascii	"n\000"
 441 0106 01       		.byte	0x1
 442 0107 4C       		.byte	0x4c
 443 0108 2C000000 		.4byte	0x2c
 444 010c 21000000 		.4byte	.LLST1
 445 0110 0A       		.uleb128 0xa
 446 0111 0A000000 		.4byte	.LVL2
 447 0115 53020000 		.4byte	0x253
 448 0119 0B       		.uleb128 0xb
 449 011a 01       		.uleb128 0x1
 450 011b 50       		.byte	0x50
 451 011c 03       		.uleb128 0x3
 452 011d F3       		.byte	0xf3
 453 011e 01       		.uleb128 0x1
 454 011f 50       		.byte	0x50
 455 0120 0B       		.uleb128 0xb
 456 0121 01       		.uleb128 0x1
 457 0122 51       		.byte	0x51
 458 0123 01       		.uleb128 0x1
 459 0124 30       		.byte	0x30
 460 0125 0B       		.uleb128 0xb
 461 0126 01       		.uleb128 0x1
 462 0127 52       		.byte	0x52
 463 0128 03       		.uleb128 0x3
 464 0129 F3       		.byte	0xf3
 465 012a 01       		.uleb128 0x1
 466 012b 51       		.byte	0x51
 467 012c 00       		.byte	0
 468 012d 00       		.byte	0
 469 012e 08       		.uleb128 0x8
 470 012f 2C000000 		.4byte	.LASF21
 471 0133 01       		.byte	0x1
 472 0134 AA       		.byte	0xaa
 473 0135 00000000 		.4byte	.LFB3
 474 0139 B8000000 		.4byte	.LFE3-.LFB3
 475 013d 01       		.uleb128 0x1
 476 013e 9C       		.byte	0x9c
 477 013f 79010000 		.4byte	0x179
ARM GAS  C:\Users\Keyarash\AppData\Local\Temp\ccr16FiF.s 			page 15


 478 0143 0C       		.uleb128 0xc
 479 0144 14000000 		.4byte	.LVL3
 480 0148 5C020000 		.4byte	0x25c
 481 014c 56010000 		.4byte	0x156
 482 0150 0B       		.uleb128 0xb
 483 0151 01       		.uleb128 0x1
 484 0152 50       		.byte	0x50
 485 0153 01       		.uleb128 0x1
 486 0154 48       		.byte	0x48
 487 0155 00       		.byte	0
 488 0156 0C       		.uleb128 0xc
 489 0157 64000000 		.4byte	.LVL4
 490 015b 67020000 		.4byte	0x267
 491 015f 69010000 		.4byte	0x169
 492 0163 0B       		.uleb128 0xb
 493 0164 01       		.uleb128 0x1
 494 0165 50       		.byte	0x50
 495 0166 01       		.uleb128 0x1
 496 0167 39       		.byte	0x39
 497 0168 00       		.byte	0
 498 0169 0A       		.uleb128 0xa
 499 016a 6A000000 		.4byte	.LVL5
 500 016e 72020000 		.4byte	0x272
 501 0172 0B       		.uleb128 0xb
 502 0173 01       		.uleb128 0x1
 503 0174 50       		.byte	0x50
 504 0175 01       		.uleb128 0x1
 505 0176 39       		.byte	0x39
 506 0177 00       		.byte	0
 507 0178 00       		.byte	0
 508 0179 0D       		.uleb128 0xd
 509 017a EF000000 		.4byte	.LASF32
 510 017e 01       		.byte	0x1
 511 017f 0101     		.2byte	0x101
 512 0181 B8000000 		.4byte	.LFB5
 513 0185 C0000000 		.4byte	.LFE5-.LFB5
 514 0189 01       		.uleb128 0x1
 515 018a 9C       		.byte	0x9c
 516 018b 53020000 		.4byte	0x253
 517 018f 0E       		.uleb128 0xe
 518 0190 BC000000 		.4byte	.LBB2
 519 0194 4C000000 		.4byte	.LBE2-.LBB2
 520 0198 49020000 		.4byte	0x249
 521 019c 0F       		.uleb128 0xf
 522 019d 06       		.byte	0x6
 523 019e 01       		.byte	0x1
 524 019f 0801     		.2byte	0x108
 525 01a1 C0010000 		.4byte	0x1c0
 526 01a5 10       		.uleb128 0x10
 527 01a6 FC000000 		.4byte	.LASF22
 528 01aa 01       		.byte	0x1
 529 01ab 0901     		.2byte	0x109
 530 01ad 84000000 		.4byte	0x84
 531 01b1 00       		.byte	0
 532 01b2 10       		.uleb128 0x10
 533 01b3 50000000 		.4byte	.LASF23
 534 01b7 01       		.byte	0x1
ARM GAS  C:\Users\Keyarash\AppData\Local\Temp\ccr16FiF.s 			page 16


 535 01b8 0A01     		.2byte	0x10a
 536 01ba 99000000 		.4byte	0x99
 537 01be 04       		.byte	0x4
 538 01bf 00       		.byte	0
 539 01c0 06       		.uleb128 0x6
 540 01c1 A9010000 		.4byte	.LASF24
 541 01c5 01       		.byte	0x1
 542 01c6 0B01     		.2byte	0x10b
 543 01c8 9C010000 		.4byte	0x19c
 544 01cc 11       		.uleb128 0x11
 545 01cd DC010000 		.4byte	0x1dc
 546 01d1 DC010000 		.4byte	0x1dc
 547 01d5 12       		.uleb128 0x12
 548 01d6 7D000000 		.4byte	0x7d
 549 01da 01       		.byte	0x1
 550 01db 00       		.byte	0
 551 01dc 13       		.uleb128 0x13
 552 01dd C0010000 		.4byte	0x1c0
 553 01e1 14       		.uleb128 0x14
 554 01e2 1C000000 		.4byte	.LASF25
 555 01e6 01       		.byte	0x1
 556 01e7 0D01     		.2byte	0x10d
 557 01e9 F3010000 		.4byte	0x1f3
 558 01ed 05       		.uleb128 0x5
 559 01ee 03       		.byte	0x3
 560 01ef 00000000 		.4byte	cfg_memset_list.4847
 561 01f3 13       		.uleb128 0x13
 562 01f4 CC010000 		.4byte	0x1cc
 563 01f8 15       		.uleb128 0x15
 564 01f9 6900     		.ascii	"i\000"
 565 01fb 01       		.byte	0x1
 566 01fc 1301     		.2byte	0x113
 567 01fe 8D000000 		.4byte	0x8d
 568 0202 4D000000 		.4byte	.LLST2
 569 0206 16       		.uleb128 0x16
 570 0207 C0000000 		.4byte	.LBB3
 571 020b 1C000000 		.4byte	.LBE3-.LBB3
 572 020f 15       		.uleb128 0x15
 573 0210 6D7300   		.ascii	"ms\000"
 574 0213 01       		.byte	0x1
 575 0214 1801     		.2byte	0x118
 576 0216 1E020000 		.4byte	0x21e
 577 021a 77000000 		.4byte	.LLST3
 578 021e 17       		.uleb128 0x17
 579 021f 04       		.byte	0x4
 580 0220 DC010000 		.4byte	0x1dc
 581 0224 0A       		.uleb128 0xa
 582 0225 DC000000 		.4byte	.LVL8
 583 0229 E1000000 		.4byte	0xe1
 584 022d 0B       		.uleb128 0xb
 585 022e 01       		.uleb128 0x1
 586 022f 51       		.byte	0x51
 587 0230 15       		.uleb128 0x15
 588 0231 74       		.byte	0x74
 589 0232 00       		.sleb128 0
 590 0233 31       		.byte	0x31
 591 0234 24       		.byte	0x24
ARM GAS  C:\Users\Keyarash\AppData\Local\Temp\ccr16FiF.s 			page 17


 592 0235 74       		.byte	0x74
 593 0236 00       		.sleb128 0
 594 0237 22       		.byte	0x22
 595 0238 31       		.byte	0x31
 596 0239 24       		.byte	0x24
 597 023a 03       		.byte	0x3
 598 023b 04000000 		.4byte	.LANCHOR0+4
 599 023f 22       		.byte	0x22
 600 0240 94       		.byte	0x94
 601 0241 02       		.byte	0x2
 602 0242 0A       		.byte	0xa
 603 0243 FFFF     		.2byte	0xffff
 604 0245 1A       		.byte	0x1a
 605 0246 00       		.byte	0
 606 0247 00       		.byte	0
 607 0248 00       		.byte	0
 608 0249 18       		.uleb128 0x18
 609 024a 38010000 		.4byte	.LVL11
 610 024e 2E010000 		.4byte	0x12e
 611 0252 00       		.byte	0
 612 0253 19       		.uleb128 0x19
 613 0254 8A000000 		.4byte	.LASF33
 614 0258 8A000000 		.4byte	.LASF33
 615 025c 1A       		.uleb128 0x1a
 616 025d DC010000 		.4byte	.LASF26
 617 0261 DC010000 		.4byte	.LASF26
 618 0265 04       		.byte	0x4
 619 0266 6C       		.byte	0x6c
 620 0267 1A       		.uleb128 0x1a
 621 0268 0D000000 		.4byte	.LASF27
 622 026c 0D000000 		.4byte	.LASF27
 623 0270 04       		.byte	0x4
 624 0271 BD       		.byte	0xbd
 625 0272 1A       		.uleb128 0x1a
 626 0273 98000000 		.4byte	.LASF28
 627 0277 98000000 		.4byte	.LASF28
 628 027b 04       		.byte	0x4
 629 027c C3       		.byte	0xc3
 630 027d 00       		.byte	0
 631              		.section	.debug_abbrev,"",%progbits
 632              	.Ldebug_abbrev0:
 633 0000 01       		.uleb128 0x1
 634 0001 11       		.uleb128 0x11
 635 0002 01       		.byte	0x1
 636 0003 25       		.uleb128 0x25
 637 0004 0E       		.uleb128 0xe
 638 0005 13       		.uleb128 0x13
 639 0006 0B       		.uleb128 0xb
 640 0007 03       		.uleb128 0x3
 641 0008 0E       		.uleb128 0xe
 642 0009 1B       		.uleb128 0x1b
 643 000a 0E       		.uleb128 0xe
 644 000b 55       		.uleb128 0x55
 645 000c 17       		.uleb128 0x17
 646 000d 11       		.uleb128 0x11
 647 000e 01       		.uleb128 0x1
 648 000f 10       		.uleb128 0x10
ARM GAS  C:\Users\Keyarash\AppData\Local\Temp\ccr16FiF.s 			page 18


 649 0010 17       		.uleb128 0x17
 650 0011 00       		.byte	0
 651 0012 00       		.byte	0
 652 0013 02       		.uleb128 0x2
 653 0014 24       		.uleb128 0x24
 654 0015 00       		.byte	0
 655 0016 0B       		.uleb128 0xb
 656 0017 0B       		.uleb128 0xb
 657 0018 3E       		.uleb128 0x3e
 658 0019 0B       		.uleb128 0xb
 659 001a 03       		.uleb128 0x3
 660 001b 08       		.uleb128 0x8
 661 001c 00       		.byte	0
 662 001d 00       		.byte	0
 663 001e 03       		.uleb128 0x3
 664 001f 16       		.uleb128 0x16
 665 0020 00       		.byte	0
 666 0021 03       		.uleb128 0x3
 667 0022 0E       		.uleb128 0xe
 668 0023 3A       		.uleb128 0x3a
 669 0024 0B       		.uleb128 0xb
 670 0025 3B       		.uleb128 0x3b
 671 0026 0B       		.uleb128 0xb
 672 0027 49       		.uleb128 0x49
 673 0028 13       		.uleb128 0x13
 674 0029 00       		.byte	0
 675 002a 00       		.byte	0
 676 002b 04       		.uleb128 0x4
 677 002c 24       		.uleb128 0x24
 678 002d 00       		.byte	0
 679 002e 0B       		.uleb128 0xb
 680 002f 0B       		.uleb128 0xb
 681 0030 3E       		.uleb128 0x3e
 682 0031 0B       		.uleb128 0xb
 683 0032 03       		.uleb128 0x3
 684 0033 0E       		.uleb128 0xe
 685 0034 00       		.byte	0
 686 0035 00       		.byte	0
 687 0036 05       		.uleb128 0x5
 688 0037 0F       		.uleb128 0xf
 689 0038 00       		.byte	0
 690 0039 0B       		.uleb128 0xb
 691 003a 0B       		.uleb128 0xb
 692 003b 00       		.byte	0
 693 003c 00       		.byte	0
 694 003d 06       		.uleb128 0x6
 695 003e 16       		.uleb128 0x16
 696 003f 00       		.byte	0
 697 0040 03       		.uleb128 0x3
 698 0041 0E       		.uleb128 0xe
 699 0042 3A       		.uleb128 0x3a
 700 0043 0B       		.uleb128 0xb
 701 0044 3B       		.uleb128 0x3b
 702 0045 05       		.uleb128 0x5
 703 0046 49       		.uleb128 0x49
 704 0047 13       		.uleb128 0x13
 705 0048 00       		.byte	0
ARM GAS  C:\Users\Keyarash\AppData\Local\Temp\ccr16FiF.s 			page 19


 706 0049 00       		.byte	0
 707 004a 07       		.uleb128 0x7
 708 004b 35       		.uleb128 0x35
 709 004c 00       		.byte	0
 710 004d 49       		.uleb128 0x49
 711 004e 13       		.uleb128 0x13
 712 004f 00       		.byte	0
 713 0050 00       		.byte	0
 714 0051 08       		.uleb128 0x8
 715 0052 2E       		.uleb128 0x2e
 716 0053 01       		.byte	0x1
 717 0054 03       		.uleb128 0x3
 718 0055 0E       		.uleb128 0xe
 719 0056 3A       		.uleb128 0x3a
 720 0057 0B       		.uleb128 0xb
 721 0058 3B       		.uleb128 0x3b
 722 0059 0B       		.uleb128 0xb
 723 005a 27       		.uleb128 0x27
 724 005b 19       		.uleb128 0x19
 725 005c 11       		.uleb128 0x11
 726 005d 01       		.uleb128 0x1
 727 005e 12       		.uleb128 0x12
 728 005f 06       		.uleb128 0x6
 729 0060 40       		.uleb128 0x40
 730 0061 18       		.uleb128 0x18
 731 0062 9742     		.uleb128 0x2117
 732 0064 19       		.uleb128 0x19
 733 0065 01       		.uleb128 0x1
 734 0066 13       		.uleb128 0x13
 735 0067 00       		.byte	0
 736 0068 00       		.byte	0
 737 0069 09       		.uleb128 0x9
 738 006a 05       		.uleb128 0x5
 739 006b 00       		.byte	0
 740 006c 03       		.uleb128 0x3
 741 006d 08       		.uleb128 0x8
 742 006e 3A       		.uleb128 0x3a
 743 006f 0B       		.uleb128 0xb
 744 0070 3B       		.uleb128 0x3b
 745 0071 0B       		.uleb128 0xb
 746 0072 49       		.uleb128 0x49
 747 0073 13       		.uleb128 0x13
 748 0074 02       		.uleb128 0x2
 749 0075 17       		.uleb128 0x17
 750 0076 00       		.byte	0
 751 0077 00       		.byte	0
 752 0078 0A       		.uleb128 0xa
 753 0079 898201   		.uleb128 0x4109
 754 007c 01       		.byte	0x1
 755 007d 11       		.uleb128 0x11
 756 007e 01       		.uleb128 0x1
 757 007f 31       		.uleb128 0x31
 758 0080 13       		.uleb128 0x13
 759 0081 00       		.byte	0
 760 0082 00       		.byte	0
 761 0083 0B       		.uleb128 0xb
 762 0084 8A8201   		.uleb128 0x410a
ARM GAS  C:\Users\Keyarash\AppData\Local\Temp\ccr16FiF.s 			page 20


 763 0087 00       		.byte	0
 764 0088 02       		.uleb128 0x2
 765 0089 18       		.uleb128 0x18
 766 008a 9142     		.uleb128 0x2111
 767 008c 18       		.uleb128 0x18
 768 008d 00       		.byte	0
 769 008e 00       		.byte	0
 770 008f 0C       		.uleb128 0xc
 771 0090 898201   		.uleb128 0x4109
 772 0093 01       		.byte	0x1
 773 0094 11       		.uleb128 0x11
 774 0095 01       		.uleb128 0x1
 775 0096 31       		.uleb128 0x31
 776 0097 13       		.uleb128 0x13
 777 0098 01       		.uleb128 0x1
 778 0099 13       		.uleb128 0x13
 779 009a 00       		.byte	0
 780 009b 00       		.byte	0
 781 009c 0D       		.uleb128 0xd
 782 009d 2E       		.uleb128 0x2e
 783 009e 01       		.byte	0x1
 784 009f 3F       		.uleb128 0x3f
 785 00a0 19       		.uleb128 0x19
 786 00a1 03       		.uleb128 0x3
 787 00a2 0E       		.uleb128 0xe
 788 00a3 3A       		.uleb128 0x3a
 789 00a4 0B       		.uleb128 0xb
 790 00a5 3B       		.uleb128 0x3b
 791 00a6 05       		.uleb128 0x5
 792 00a7 27       		.uleb128 0x27
 793 00a8 19       		.uleb128 0x19
 794 00a9 11       		.uleb128 0x11
 795 00aa 01       		.uleb128 0x1
 796 00ab 12       		.uleb128 0x12
 797 00ac 06       		.uleb128 0x6
 798 00ad 40       		.uleb128 0x40
 799 00ae 18       		.uleb128 0x18
 800 00af 9742     		.uleb128 0x2117
 801 00b1 19       		.uleb128 0x19
 802 00b2 01       		.uleb128 0x1
 803 00b3 13       		.uleb128 0x13
 804 00b4 00       		.byte	0
 805 00b5 00       		.byte	0
 806 00b6 0E       		.uleb128 0xe
 807 00b7 0B       		.uleb128 0xb
 808 00b8 01       		.byte	0x1
 809 00b9 11       		.uleb128 0x11
 810 00ba 01       		.uleb128 0x1
 811 00bb 12       		.uleb128 0x12
 812 00bc 06       		.uleb128 0x6
 813 00bd 01       		.uleb128 0x1
 814 00be 13       		.uleb128 0x13
 815 00bf 00       		.byte	0
 816 00c0 00       		.byte	0
 817 00c1 0F       		.uleb128 0xf
 818 00c2 13       		.uleb128 0x13
 819 00c3 01       		.byte	0x1
ARM GAS  C:\Users\Keyarash\AppData\Local\Temp\ccr16FiF.s 			page 21


 820 00c4 0B       		.uleb128 0xb
 821 00c5 0B       		.uleb128 0xb
 822 00c6 3A       		.uleb128 0x3a
 823 00c7 0B       		.uleb128 0xb
 824 00c8 3B       		.uleb128 0x3b
 825 00c9 05       		.uleb128 0x5
 826 00ca 01       		.uleb128 0x1
 827 00cb 13       		.uleb128 0x13
 828 00cc 00       		.byte	0
 829 00cd 00       		.byte	0
 830 00ce 10       		.uleb128 0x10
 831 00cf 0D       		.uleb128 0xd
 832 00d0 00       		.byte	0
 833 00d1 03       		.uleb128 0x3
 834 00d2 0E       		.uleb128 0xe
 835 00d3 3A       		.uleb128 0x3a
 836 00d4 0B       		.uleb128 0xb
 837 00d5 3B       		.uleb128 0x3b
 838 00d6 05       		.uleb128 0x5
 839 00d7 49       		.uleb128 0x49
 840 00d8 13       		.uleb128 0x13
 841 00d9 38       		.uleb128 0x38
 842 00da 0B       		.uleb128 0xb
 843 00db 00       		.byte	0
 844 00dc 00       		.byte	0
 845 00dd 11       		.uleb128 0x11
 846 00de 01       		.uleb128 0x1
 847 00df 01       		.byte	0x1
 848 00e0 49       		.uleb128 0x49
 849 00e1 13       		.uleb128 0x13
 850 00e2 01       		.uleb128 0x1
 851 00e3 13       		.uleb128 0x13
 852 00e4 00       		.byte	0
 853 00e5 00       		.byte	0
 854 00e6 12       		.uleb128 0x12
 855 00e7 21       		.uleb128 0x21
 856 00e8 00       		.byte	0
 857 00e9 49       		.uleb128 0x49
 858 00ea 13       		.uleb128 0x13
 859 00eb 2F       		.uleb128 0x2f
 860 00ec 0B       		.uleb128 0xb
 861 00ed 00       		.byte	0
 862 00ee 00       		.byte	0
 863 00ef 13       		.uleb128 0x13
 864 00f0 26       		.uleb128 0x26
 865 00f1 00       		.byte	0
 866 00f2 49       		.uleb128 0x49
 867 00f3 13       		.uleb128 0x13
 868 00f4 00       		.byte	0
 869 00f5 00       		.byte	0
 870 00f6 14       		.uleb128 0x14
 871 00f7 34       		.uleb128 0x34
 872 00f8 00       		.byte	0
 873 00f9 03       		.uleb128 0x3
 874 00fa 0E       		.uleb128 0xe
 875 00fb 3A       		.uleb128 0x3a
 876 00fc 0B       		.uleb128 0xb
ARM GAS  C:\Users\Keyarash\AppData\Local\Temp\ccr16FiF.s 			page 22


 877 00fd 3B       		.uleb128 0x3b
 878 00fe 05       		.uleb128 0x5
 879 00ff 49       		.uleb128 0x49
 880 0100 13       		.uleb128 0x13
 881 0101 02       		.uleb128 0x2
 882 0102 18       		.uleb128 0x18
 883 0103 00       		.byte	0
 884 0104 00       		.byte	0
 885 0105 15       		.uleb128 0x15
 886 0106 34       		.uleb128 0x34
 887 0107 00       		.byte	0
 888 0108 03       		.uleb128 0x3
 889 0109 08       		.uleb128 0x8
 890 010a 3A       		.uleb128 0x3a
 891 010b 0B       		.uleb128 0xb
 892 010c 3B       		.uleb128 0x3b
 893 010d 05       		.uleb128 0x5
 894 010e 49       		.uleb128 0x49
 895 010f 13       		.uleb128 0x13
 896 0110 02       		.uleb128 0x2
 897 0111 17       		.uleb128 0x17
 898 0112 00       		.byte	0
 899 0113 00       		.byte	0
 900 0114 16       		.uleb128 0x16
 901 0115 0B       		.uleb128 0xb
 902 0116 01       		.byte	0x1
 903 0117 11       		.uleb128 0x11
 904 0118 01       		.uleb128 0x1
 905 0119 12       		.uleb128 0x12
 906 011a 06       		.uleb128 0x6
 907 011b 00       		.byte	0
 908 011c 00       		.byte	0
 909 011d 17       		.uleb128 0x17
 910 011e 0F       		.uleb128 0xf
 911 011f 00       		.byte	0
 912 0120 0B       		.uleb128 0xb
 913 0121 0B       		.uleb128 0xb
 914 0122 49       		.uleb128 0x49
 915 0123 13       		.uleb128 0x13
 916 0124 00       		.byte	0
 917 0125 00       		.byte	0
 918 0126 18       		.uleb128 0x18
 919 0127 898201   		.uleb128 0x4109
 920 012a 00       		.byte	0
 921 012b 11       		.uleb128 0x11
 922 012c 01       		.uleb128 0x1
 923 012d 31       		.uleb128 0x31
 924 012e 13       		.uleb128 0x13
 925 012f 00       		.byte	0
 926 0130 00       		.byte	0
 927 0131 19       		.uleb128 0x19
 928 0132 2E       		.uleb128 0x2e
 929 0133 00       		.byte	0
 930 0134 3F       		.uleb128 0x3f
 931 0135 19       		.uleb128 0x19
 932 0136 3C       		.uleb128 0x3c
 933 0137 19       		.uleb128 0x19
ARM GAS  C:\Users\Keyarash\AppData\Local\Temp\ccr16FiF.s 			page 23


 934 0138 6E       		.uleb128 0x6e
 935 0139 0E       		.uleb128 0xe
 936 013a 03       		.uleb128 0x3
 937 013b 0E       		.uleb128 0xe
 938 013c 00       		.byte	0
 939 013d 00       		.byte	0
 940 013e 1A       		.uleb128 0x1a
 941 013f 2E       		.uleb128 0x2e
 942 0140 00       		.byte	0
 943 0141 3F       		.uleb128 0x3f
 944 0142 19       		.uleb128 0x19
 945 0143 3C       		.uleb128 0x3c
 946 0144 19       		.uleb128 0x19
 947 0145 6E       		.uleb128 0x6e
 948 0146 0E       		.uleb128 0xe
 949 0147 03       		.uleb128 0x3
 950 0148 0E       		.uleb128 0xe
 951 0149 3A       		.uleb128 0x3a
 952 014a 0B       		.uleb128 0xb
 953 014b 3B       		.uleb128 0x3b
 954 014c 0B       		.uleb128 0xb
 955 014d 00       		.byte	0
 956 014e 00       		.byte	0
 957 014f 00       		.byte	0
 958              		.section	.debug_loc,"",%progbits
 959              	.Ldebug_loc0:
 960              	.LLST0:
 961 0000 00000000 		.4byte	.LVL0
 962 0004 09000000 		.4byte	.LVL2-1
 963 0008 0100     		.2byte	0x1
 964 000a 50       		.byte	0x50
 965 000b 09000000 		.4byte	.LVL2-1
 966 000f 0C000000 		.4byte	.LFE0
 967 0013 0400     		.2byte	0x4
 968 0015 F3       		.byte	0xf3
 969 0016 01       		.uleb128 0x1
 970 0017 50       		.byte	0x50
 971 0018 9F       		.byte	0x9f
 972 0019 00000000 		.4byte	0
 973 001d 00000000 		.4byte	0
 974              	.LLST1:
 975 0021 00000000 		.4byte	.LVL0
 976 0025 06000000 		.4byte	.LVL1
 977 0029 0100     		.2byte	0x1
 978 002b 51       		.byte	0x51
 979 002c 06000000 		.4byte	.LVL1
 980 0030 09000000 		.4byte	.LVL2-1
 981 0034 0100     		.2byte	0x1
 982 0036 52       		.byte	0x52
 983 0037 09000000 		.4byte	.LVL2-1
 984 003b 0C000000 		.4byte	.LFE0
 985 003f 0400     		.2byte	0x4
 986 0041 F3       		.byte	0xf3
 987 0042 01       		.uleb128 0x1
 988 0043 51       		.byte	0x51
 989 0044 9F       		.byte	0x9f
 990 0045 00000000 		.4byte	0
ARM GAS  C:\Users\Keyarash\AppData\Local\Temp\ccr16FiF.s 			page 24


 991 0049 00000000 		.4byte	0
 992              	.LLST2:
 993 004d BC000000 		.4byte	.LVL6
 994 0051 C0000000 		.4byte	.LVL7
 995 0055 0200     		.2byte	0x2
 996 0057 30       		.byte	0x30
 997 0058 9F       		.byte	0x9f
 998 0059 C0000000 		.4byte	.LVL7
 999 005d DE000000 		.4byte	.LVL9
 1000 0061 0100     		.2byte	0x1
 1001 0063 54       		.byte	0x54
 1002 0064 E0000000 		.4byte	.LVL10
 1003 0068 38010000 		.4byte	.LVL12
 1004 006c 0100     		.2byte	0x1
 1005 006e 54       		.byte	0x54
 1006 006f 00000000 		.4byte	0
 1007 0073 00000000 		.4byte	0
 1008              	.LLST3:
 1009 0077 C0000000 		.4byte	.LVL7
 1010 007b DE000000 		.4byte	.LVL9
 1011 007f 0B00     		.2byte	0xb
 1012 0081 74       		.byte	0x74
 1013 0082 00       		.sleb128 0
 1014 0083 36       		.byte	0x36
 1015 0084 1E       		.byte	0x1e
 1016 0085 03       		.byte	0x3
 1017 0086 00000000 		.4byte	cfg_memset_list.4847
 1018 008a 22       		.byte	0x22
 1019 008b 9F       		.byte	0x9f
 1020 008c DE000000 		.4byte	.LVL9
 1021 0090 E0000000 		.4byte	.LVL10
 1022 0094 0B00     		.2byte	0xb
 1023 0096 74       		.byte	0x74
 1024 0097 7F       		.sleb128 -1
 1025 0098 36       		.byte	0x36
 1026 0099 1E       		.byte	0x1e
 1027 009a 03       		.byte	0x3
 1028 009b 00000000 		.4byte	cfg_memset_list.4847
 1029 009f 22       		.byte	0x22
 1030 00a0 9F       		.byte	0x9f
 1031 00a1 00000000 		.4byte	0
 1032 00a5 00000000 		.4byte	0
 1033              		.section	.debug_aranges,"",%progbits
 1034 0000 2C000000 		.4byte	0x2c
 1035 0004 0200     		.2byte	0x2
 1036 0006 00000000 		.4byte	.Ldebug_info0
 1037 000a 04       		.byte	0x4
 1038 000b 00       		.byte	0
 1039 000c 0000     		.2byte	0
 1040 000e 0000     		.2byte	0
 1041 0010 00000000 		.4byte	.LFB0
 1042 0014 0C000000 		.4byte	.LFE0-.LFB0
 1043 0018 00000000 		.4byte	.LFB3
 1044 001c B8000000 		.4byte	.LFE3-.LFB3
 1045 0020 B8000000 		.4byte	.LFB5
 1046 0024 C0000000 		.4byte	.LFE5-.LFB5
 1047 0028 00000000 		.4byte	0
ARM GAS  C:\Users\Keyarash\AppData\Local\Temp\ccr16FiF.s 			page 25


 1048 002c 00000000 		.4byte	0
 1049              		.section	.debug_ranges,"",%progbits
 1050              	.Ldebug_ranges0:
 1051 0000 00000000 		.4byte	.LFB0
 1052 0004 0C000000 		.4byte	.LFE0
 1053 0008 00000000 		.4byte	.LFB3
 1054 000c B8000000 		.4byte	.LFE3
 1055 0010 B8000000 		.4byte	.LFB5
 1056 0014 78010000 		.4byte	.LFE5
 1057 0018 00000000 		.4byte	0
 1058 001c 00000000 		.4byte	0
 1059              		.section	.debug_line,"",%progbits
 1060              	.Ldebug_line0:
 1061 0000 38010000 		.section	.debug_str,"MS",%progbits,1
 1061      0200D600 
 1061      00000201 
 1061      FB0E0D00 
 1061      01010101 
 1062              	.LASF19:
 1063 0000 72656733 		.ascii	"reg32\000"
 1063      3200
 1064              	.LASF12:
 1065 0006 73697A65 		.ascii	"size_t\000"
 1065      5F7400
 1066              	.LASF27:
 1067 000d 4379496E 		.ascii	"CyIntSetVector\000"
 1067      74536574 
 1067      56656374 
 1067      6F7200
 1068              	.LASF25:
 1069 001c 6366675F 		.ascii	"cfg_memset_list\000"
 1069      6D656D73 
 1069      65745F6C 
 1069      69737400 
 1070              	.LASF21:
 1071 002c 436C6F63 		.ascii	"ClockSetup\000"
 1071      6B536574 
 1071      757000
 1072              	.LASF6:
 1073 0037 73686F72 		.ascii	"short unsigned int\000"
 1073      7420756E 
 1073      7369676E 
 1073      65642069 
 1073      6E7400
 1074              	.LASF16:
 1075 004a 666C6F61 		.ascii	"float\000"
 1075      7400
 1076              	.LASF23:
 1077 0050 73697A65 		.ascii	"size\000"
 1077      00
 1078              	.LASF18:
 1079 0055 72656738 		.ascii	"reg8\000"
 1079      00
 1080              	.LASF8:
 1081 005a 6C6F6E67 		.ascii	"long unsigned int\000"
 1081      20756E73 
 1081      69676E65 
ARM GAS  C:\Users\Keyarash\AppData\Local\Temp\ccr16FiF.s 			page 26


 1081      6420696E 
 1081      7400
 1082              	.LASF13:
 1083 006c 75696E74 		.ascii	"uint8\000"
 1083      3800
 1084              	.LASF20:
 1085 0072 43594D45 		.ascii	"CYMEMZERO\000"
 1085      4D5A4552 
 1085      4F00
 1086              	.LASF4:
 1087 007c 756E7369 		.ascii	"unsigned char\000"
 1087      676E6564 
 1087      20636861 
 1087      7200
 1088              	.LASF33:
 1089 008a 6D656D73 		.ascii	"memset\000"
 1089      657400
 1090              	.LASF17:
 1091 0091 646F7562 		.ascii	"double\000"
 1091      6C6500
 1092              	.LASF28:
 1093 0098 4379496E 		.ascii	"CyIntEnable\000"
 1093      74456E61 
 1093      626C6500 
 1094              	.LASF14:
 1095 00a4 75696E74 		.ascii	"uint16\000"
 1095      313600
 1096              	.LASF15:
 1097 00ab 75696E74 		.ascii	"uint32\000"
 1097      333200
 1098              	.LASF31:
 1099 00b2 463A5C50 		.ascii	"F:\\Psoc project\\Hadi\\Workspace01\\Design01.cydsn"
 1099      736F6320 
 1099      70726F6A 
 1099      6563745C 
 1099      48616469 
 1100 00e1 00       		.ascii	"\000"
 1101              	.LASF0:
 1102 00e2 756E7369 		.ascii	"unsigned int\000"
 1102      676E6564 
 1102      20696E74 
 1102      00
 1103              	.LASF32:
 1104 00ef 63796669 		.ascii	"cyfitter_cfg\000"
 1104      74746572 
 1104      5F636667 
 1104      00
 1105              	.LASF22:
 1106 00fc 61646472 		.ascii	"address\000"
 1106      65737300 
 1107              	.LASF9:
 1108 0104 6C6F6E67 		.ascii	"long long unsigned int\000"
 1108      206C6F6E 
 1108      6720756E 
 1108      7369676E 
 1108      65642069 
 1109              	.LASF29:
ARM GAS  C:\Users\Keyarash\AppData\Local\Temp\ccr16FiF.s 			page 27


 1110 011b 474E5520 		.ascii	"GNU C11 5.4.1 20160609 (release) [ARM/embedded-5-br"
 1110      43313120 
 1110      352E342E 
 1110      31203230 
 1110      31363036 
 1111 014e 616E6368 		.ascii	"anch revision 237715] -mcpu=cortex-m0 -mthumb -g -O"
 1111      20726576 
 1111      6973696F 
 1111      6E203233 
 1111      37373135 
 1112 0181 67202D66 		.ascii	"g -ffunction-sections -ffat-lto-objects\000"
 1112      66756E63 
 1112      74696F6E 
 1112      2D736563 
 1112      74696F6E 
 1113              	.LASF24:
 1114 01a9 6366675F 		.ascii	"cfg_memset_t\000"
 1114      6D656D73 
 1114      65745F74 
 1114      00
 1115              	.LASF10:
 1116 01b6 73697A65 		.ascii	"sizetype\000"
 1116      74797065 
 1116      00
 1117              	.LASF1:
 1118 01bf 6C6F6E67 		.ascii	"long long int\000"
 1118      206C6F6E 
 1118      6720696E 
 1118      7400
 1119              	.LASF11:
 1120 01cd 63686172 		.ascii	"char\000"
 1120      00
 1121              	.LASF5:
 1122 01d2 73686F72 		.ascii	"short int\000"
 1122      7420696E 
 1122      7400
 1123              	.LASF26:
 1124 01dc 43795379 		.ascii	"CySysClkWriteImoFreq\000"
 1124      73436C6B 
 1124      57726974 
 1124      65496D6F 
 1124      46726571 
 1125              	.LASF7:
 1126 01f1 6C6F6E67 		.ascii	"long int\000"
 1126      20696E74 
 1126      00
 1127              	.LASF2:
 1128 01fa 6C6F6E67 		.ascii	"long double\000"
 1128      20646F75 
 1128      626C6500 
 1129              	.LASF3:
 1130 0206 7369676E 		.ascii	"signed char\000"
 1130      65642063 
 1130      68617200 
 1131              	.LASF30:
 1132 0212 47656E65 		.ascii	"Generated_Source\\PSoC4\\cyfitter_cfg.c\000"
 1132      72617465 
ARM GAS  C:\Users\Keyarash\AppData\Local\Temp\ccr16FiF.s 			page 28


 1132      645F536F 
 1132      75726365 
 1132      5C50536F 
 1133              		.ident	"GCC: (GNU Tools for ARM Embedded Processors) 5.4.1 20160609 (release) [ARM/embedded-5-bran
