Archive member included to satisfy reference by file (symbol)

.\CortexM0\ARM_GCC_541\Debug\Design01.a(CyLib.o)
                              .\CortexM0\ARM_GCC_541\Debug\cyfitter_cfg.o (CyIntEnable)
.\CortexM0\ARM_GCC_541\Debug\Design01.a(CyLFClk.o)
                              .\CortexM0\ARM_GCC_541\Debug\cyfitter_cfg.o (CySysWdtIsr)
.\CortexM0\ARM_GCC_541\Debug\Design01.a(I2CM.o)
                              .\CortexM0\ARM_GCC_541\Debug\main.o (I2CM_Start)
.\CortexM0\ARM_GCC_541\Debug\Design01.a(I2CM_I2C.o)
                              .\CortexM0\ARM_GCC_541\Debug\Design01.a(I2CM.o) (I2CM_I2CInit)
.\CortexM0\ARM_GCC_541\Debug\Design01.a(I2CM_I2C_MASTER.o)
                              .\CortexM0\ARM_GCC_541\Debug\Design01.a(I2CM_I2C.o) (I2CM_mstrRdBufIndex)
.\CortexM0\ARM_GCC_541\Debug\Design01.a(UART.o)
                              .\CortexM0\ARM_GCC_541\Debug\main.o (UART_Start)
.\CortexM0\ARM_GCC_541\Debug\Design01.a(UART_UART.o)
                              .\CortexM0\ARM_GCC_541\Debug\Design01.a(UART.o) (UART_UartInit)
.\CortexM0\ARM_GCC_541\Debug\Design01.a(Timer.o)
                              .\CortexM0\ARM_GCC_541\Debug\main.o (Timer_Start)
.\CortexM0\ARM_GCC_541\Debug\Design01.a(TimerHumidityTemp.o)
                              .\CortexM0\ARM_GCC_541\Debug\main.o (TimerHumidityTemp_ClearInterrupt)
.\CortexM0\ARM_GCC_541\Debug\Design01.a(I2CM_sda.o)
                              .\CortexM0\ARM_GCC_541\Debug\Design01.a(I2CM_I2C_MASTER.o) (I2CM_sda_Read)
.\CortexM0\ARM_GCC_541\Debug\Design01.a(I2CM_scl.o)
                              .\CortexM0\ARM_GCC_541\Debug\Design01.a(I2CM_I2C_MASTER.o) (I2CM_scl_Write)
.\CortexM0\ARM_GCC_541\Debug\Design01.a(ADC_SAR_SEQ.o)
                              .\CortexM0\ARM_GCC_541\Debug\main.o (ADC_SAR_SEQ_Start)
.\CortexM0\ARM_GCC_541\Debug\Design01.a(ADC_SAR_SEQ_INT.o)
                              .\CortexM0\ARM_GCC_541\Debug\Design01.a(ADC_SAR_SEQ.o) (ADC_SAR_SEQ_ISR)
.\CortexM0\ARM_GCC_541\Debug\Design01.a(ADC_SAR_SEQ_IRQ.o)
                              .\CortexM0\ARM_GCC_541\Debug\main.o (ADC_SAR_SEQ_IRQ_StartEx)
.\CortexM0\ARM_GCC_541\Debug\Design01.a(CyBootAsmGnu.o)
                              .\CortexM0\ARM_GCC_541\Debug\Design01.a(CyLib.o) (CyDelayCycles)
.\CortexM0\ARM_GCC_541\Debug\Design01.a(I2CM_I2C_INT.o)
                              .\CortexM0\ARM_GCC_541\Debug\Design01.a(I2CM_I2C.o) (I2CM_I2C_ISR)
.\CortexM0\ARM_GCC_541\Debug\Design01.a(UART_SPI_UART.o)
                              .\CortexM0\ARM_GCC_541\Debug\Design01.a(UART_UART.o) (UART_SpiUartReadRxData)
c:/program files (x86)/cypress/psoc creator/4.2/psoc creator/import/gnu/arm/5.4.1/bin/../lib/gcc/arm-none-eabi/5.4.1/armv6-m\libgcc.a(_udivsi3.o)
                              .\CortexM0\ARM_GCC_541\Debug\Design01.a(CyLib.o) (__aeabi_uidiv)
c:/program files (x86)/cypress/psoc creator/4.2/psoc creator/import/gnu/arm/5.4.1/bin/../lib/gcc/arm-none-eabi/5.4.1/armv6-m\libgcc.a(_divsi3.o)
                              .\CortexM0\ARM_GCC_541\Debug\Design01.a(ADC_SAR_SEQ.o) (__aeabi_idiv)
c:/program files (x86)/cypress/psoc creator/4.2/psoc creator/import/gnu/arm/5.4.1/bin/../lib/gcc/arm-none-eabi/5.4.1/armv6-m\libgcc.a(_dvmd_tls.o)
                              c:/program files (x86)/cypress/psoc creator/4.2/psoc creator/import/gnu/arm/5.4.1/bin/../lib/gcc/arm-none-eabi/5.4.1/armv6-m\libgcc.a(_udivsi3.o) (__aeabi_idiv0)
c:/program files (x86)/cypress/psoc creator/4.2/psoc creator/import/gnu/arm/5.4.1/bin/../lib/gcc/arm-none-eabi/5.4.1/armv6-m\libgcc.a(_aeabi_ldivmod.o)
                              .\CortexM0\ARM_GCC_541\Debug\Design01.a(ADC_SAR_SEQ.o) (__aeabi_ldivmod)
c:/program files (x86)/cypress/psoc creator/4.2/psoc creator/import/gnu/arm/5.4.1/bin/../lib/gcc/arm-none-eabi/5.4.1/armv6-m\libgcc.a(_muldi3.o)
                              .\CortexM0\ARM_GCC_541\Debug\Design01.a(ADC_SAR_SEQ.o) (__aeabi_lmul)
c:/program files (x86)/cypress/psoc creator/4.2/psoc creator/import/gnu/arm/5.4.1/bin/../lib/gcc/arm-none-eabi/5.4.1/armv6-m\libgcc.a(_fixunssfsi.o)
                              .\CortexM0\ARM_GCC_541\Debug\main.o (__aeabi_f2uiz)
c:/program files (x86)/cypress/psoc creator/4.2/psoc creator/import/gnu/arm/5.4.1/bin/../lib/gcc/arm-none-eabi/5.4.1/armv6-m\libgcc.a(bpabi.o)
                              c:/program files (x86)/cypress/psoc creator/4.2/psoc creator/import/gnu/arm/5.4.1/bin/../lib/gcc/arm-none-eabi/5.4.1/armv6-m\libgcc.a(_aeabi_ldivmod.o) (__gnu_ldivmod_helper)
c:/program files (x86)/cypress/psoc creator/4.2/psoc creator/import/gnu/arm/5.4.1/bin/../lib/gcc/arm-none-eabi/5.4.1/armv6-m\libgcc.a(divsf3.o)
                              .\CortexM0\ARM_GCC_541\Debug\Design01.a(ADC_SAR_SEQ.o) (__aeabi_fdiv)
c:/program files (x86)/cypress/psoc creator/4.2/psoc creator/import/gnu/arm/5.4.1/bin/../lib/gcc/arm-none-eabi/5.4.1/armv6-m\libgcc.a(mulsf3.o)
                              .\CortexM0\ARM_GCC_541\Debug\Design01.a(ADC_SAR_SEQ.o) (__aeabi_fmul)
[...]
Memory Configuration

Name             Origin             Length             Attributes
rom              0x00000000         0x00008000         xr
ram              0x20000000         0x00001000         xrw
*default*        0x00000000         0xffffffff

Linker script and memory map

LOAD c:/program files (x86)/cypress/psoc creator/4.2/psoc creator/import/gnu/arm/5.4.1/bin/../lib/gcc/arm-none-eabi/5.4.1/armv6-m/crti.o
LOAD c:/program files (x86)/cypress/psoc creator/4.2/psoc creator/import/gnu/arm/5.4.1/bin/../lib/gcc/arm-none-eabi/5.4.1/armv6-m/crtbegin.o
LOAD c:/program files (x86)/cypress/psoc creator/4.2/psoc creator/import/gnu/arm/5.4.1/bin/../lib/gcc/arm-none-eabi/5.4.1/../../../../arm-none-eabi/lib/armv6-m/crt0.o
START GROUP
LOAD .\CortexM0\ARM_GCC_541\Debug\main.o
LOAD .\CortexM0\ARM_GCC_541\Debug\cyfitter_cfg.o
LOAD .\CortexM0\ARM_GCC_541\Debug\cymetadata.o
LOAD .\CortexM0\ARM_GCC_541\Debug\Cm0Start.o
LOAD .\CortexM0\ARM_GCC_541\Debug\Design01.a
END GROUP
START GROUP
LOAD c:/program files (x86)/cypress/psoc creator/4.2/psoc creator/import/gnu/arm/5.4.1/bin/../lib/gcc/arm-none-eabi/5.4.1/armv6-m\libgcc.a
LOAD c:/program files (x86)/cypress/psoc creator/4.2/psoc creator/import/gnu/arm/5.4.1/bin/../lib/gcc/arm-none-eabi/5.4.1/../../../../arm-none-eabi/lib/armv6-m\libg_nano.a
LOAD c:/program files (x86)/cypress/psoc creator/4.2/psoc creator/import/gnu/arm/5.4.1/bin/../lib/gcc/arm-none-eabi/5.4.1/../../../../arm-none-eabi/lib/armv6-m\libc_nano.a
END GROUP
START GROUP
LOAD c:/program files (x86)/cypress/psoc creator/4.2/psoc creator/import/gnu/arm/5.4.1/bin/../lib/gcc/arm-none-eabi/5.4.1/armv6-m\libgcc.a
LOAD c:/program files (x86)/cypress/psoc creator/4.2/psoc creator/import/gnu/arm/5.4.1/bin/../lib/gcc/arm-none-eabi/5.4.1/../../../../arm-none-eabi/lib/armv6-m\libc_nano.a
END GROUP
LOAD c:/program files (x86)/cypress/psoc creator/4.2/psoc creator/import/gnu/arm/5.4.1/bin/../lib/gcc/arm-none-eabi/5.4.1/armv6-m/crtend.o
LOAD c:/program files (x86)/cypress/psoc creator/4.2/psoc creator/import/gnu/arm/5.4.1/bin/../lib/gcc/arm-none-eabi/5.4.1/armv6-m/crtn.o
START GROUP
LOAD c:/program files (x86)/cypress/psoc creator/4.2/psoc creator/import/gnu/arm/5.4.1/bin/../lib/gcc/arm-none-eabi/5.4.1/armv6-m\libgcc.a
LOAD c:/program files (x86)/cypress/psoc creator/4.2/psoc creator/import/gnu/arm/5.4.1/bin/../lib/gcc/arm-none-eabi/5.4.1/../../../../arm-none-eabi/lib/armv6-m\libc.a
LOAD c:/program files (x86)/cypress/psoc creator/4.2/psoc creator/import/gnu/arm/5.4.1/bin/../lib/gcc/arm-none-eabi/5.4.1/../../../../arm-none-eabi/lib/armv6-m\libnosys.a
END GROUP
                0x00000000                CY_APPL_ORIGIN = 0x0
                0x00000080                CY_FLASH_ROW_SIZE = 0x80
                0x00000001                CY_APPL_NUM = 0x1
                0x00000001                CY_APPL_MAX = 0x1
                0x00000040                CY_METADATA_SIZE = 0x40
                0x00000000                CY_APPL_LOADABLE = 0x0
                0x00000000                CY_CHECKSUM_EXCLUDE_SIZE = ALIGN (0x0, CY_FLASH_ROW_SIZE)
                0x00000000                CY_APP_FOR_STACK_AND_COPIER = 0x0
                [!provide]                PROVIDE (__cy_heap_start, _end)
                0x00000001                PROVIDE (__cy_region_num, ((__cy_regions_end - __cy_regions) / 0x10))
                0x20001000                PROVIDE (__cy_stack, (ORIGIN (ram) + LENGTH (ram)))
                [!provide]                PROVIDE (__cy_heap_end, (__cy_stack - 0x400))

.cybootloader   0x00000000        0x0
 *(.cybootloader)
                0x00000000                appl1_start = CY_APPL_ORIGIN?CY_APPL_ORIGIN:ALIGN (CY_FLASH_ROW_SIZE)
                0x00003f80                appl2_start = (appl1_start + ALIGN ((((LENGTH (rom) - appl1_start) - (0x2 * CY_FLASH_ROW_SIZE)) / 0x2), CY_FLASH_ROW_SIZE))
                0x00000000                appl_start = (CY_APPL_NUM == 0x1)?appl1_start:appl2_start
                0x00000001                cy_project_type_bootloader = (appl_start == 0x0)?0x1:0x0
                0x00000000                cy_project_type_app_for_stack_and_copier = (CY_APP_FOR_STACK_AND_COPIER == 0x1)?0x1:0x0

.text           0x00000000     0x62f4
 CREATE_OBJECT_SYMBOLS
                0x00000000                PROVIDE (__cy_interrupt_vector, RomVectors)
 *(.romvectors)
 .romvectors    0x00000000       0x10 .\CortexM0\ARM_GCC_541\Debug\Cm0Start.o
                0x00000000                RomVectors
                0x00000001                ASSERT ((. != __cy_interrupt_vector), No interrupt vector)
                0x00000001                ASSERT (CY_APPL_ORIGIN?(SIZEOF (.cybootloader) <= CY_APPL_ORIGIN):0x1, Wrong image location)
                0x00000010                PROVIDE (__cy_reset, Reset)
 *(.text.Reset)
 .text.Reset    0x00000010        0x8 .\CortexM0\ARM_GCC_541\Debug\Cm0Start.o
                0x00000010                Reset
                0x00000001                ASSERT ((. != __cy_reset), No reset code)
 *(.psocinit)
 .psocinit      0x00000018      0x1c0 .\CortexM0\ARM_GCC_541\Debug\cyfitter_cfg.o
                0x000000e4                cyfitter_cfg
                0x000001d8                . = MAX (., 0x100)
 *(.text .text.* .gnu.linkonce.t.*)
 .text          0x000001d8       0x60 c:/program files (x86)/cypress/psoc creator/4.2/psoc creator/import/gnu/arm/5.4.1/bin/../lib/gcc/arm-none-eabi/5.4.1/armv6-m/crtbegin.o
 .text.ADC_SAR_SEQ_ISR_LOC
                0x00000238       0x48 .\CortexM0\ARM_GCC_541\Debug\main.o
                0x00000238                ADC_SAR_SEQ_ISR_LOC
 .text.UART_printFormat
                0x00000280       0x20 .\CortexM0\ARM_GCC_541\Debug\main.o
                0x00000280                UART_printFormat
 .text.WriteCommandPacket
                0x000002a0       0x48 .\CortexM0\ARM_GCC_541\Debug\main.o
                0x000002a0                WriteCommandPacket
 .text.readSensor
                0x000002e8       0x3c .\CortexM0\ARM_GCC_541\Debug\main.o
                0x000002e8                readSensor
 .text.getTemperature
                0x00000324       0x38 .\CortexM0\ARM_GCC_541\Debug\main.o
                0x00000324                getTemperature
 .text.getHumidity
                0x0000035c       0x30 .\CortexM0\ARM_GCC_541\Debug\main.o
                0x0000035c                getHumidity
 .text.runTempHumidModule
                0x0000038c       0x1c .\CortexM0\ARM_GCC_541\Debug\main.o
                0x0000038c                runTempHumidModule
 .text.main     0x000003a8       0x74 .\CortexM0\ARM_GCC_541\Debug\main.o
                0x000003a8                main
 .text.cfg_write_bytes32
                0x0000041c       0x34 .\CortexM0\ARM_GCC_541\Debug\cyfitter_cfg.o
 .text.CYMEMZERO
                0x00000450        0xc .\CortexM0\ARM_GCC_541\Debug\cyfitter_cfg.o
 .text.SetAnalogRoutingPumps
                0x0000045c       0x20 .\CortexM0\ARM_GCC_541\Debug\cyfitter_cfg.o
                0x0000045c                SetAnalogRoutingPumps
 .text.AnalogSetDefault
                0x0000047c       0x18 .\CortexM0\ARM_GCC_541\Debug\cyfitter_cfg.o
 .text.IntDefaultHandler
                0x00000494       0x10 .\CortexM0\ARM_GCC_541\Debug\Cm0Start.o
                0x00000494                IntDefaultHandler
 .text._sbrk    0x000004a4       0x34 .\CortexM0\ARM_GCC_541\Debug\Cm0Start.o
                0x000004a4                _sbrk
 .text.Start_c  0x000004d8       0x48 .\CortexM0\ARM_GCC_541\Debug\Cm0Start.o
                0x000004d8                Start_c
 .text.initialize_psoc
                0x00000520       0x40 .\CortexM0\ARM_GCC_541\Debug\Cm0Start.o
                0x00000520                initialize_psoc
 .text.CyIntEnable
                0x00000560       0x14 .\CortexM0\ARM_GCC_541\Debug\Design01.a(CyLib.o)
                0x00000560                CyIntEnable
 .text.CyIntDisable
                0x00000574       0x14 .\CortexM0\ARM_GCC_541\Debug\Design01.a(CyLib.o)
                0x00000574                CyIntDisable
 .text.CyHalt   0x00000588        0x4 .\CortexM0\ARM_GCC_541\Debug\Design01.a(CyLib.o)
                0x00000588                CyHalt
 .text.CyIntSetVector
                0x0000058c       0x24 .\CortexM0\ARM_GCC_541\Debug\Design01.a(CyLib.o)
                0x0000058c                CyIntSetVector
 .text.CyIntSetPriority
                0x000005b0       0x4c .\CortexM0\ARM_GCC_541\Debug\Design01.a(CyLib.o)
                0x000005b0                CyIntSetPriority
 .text.CyDelay  0x000005fc       0x30 .\CortexM0\ARM_GCC_541\Debug\Design01.a(CyLib.o)
                0x000005fc                CyDelay
 .text.CyDelayUs
                0x0000062c       0x14 .\CortexM0\ARM_GCC_541\Debug\Design01.a(CyLib.o)
                0x0000062c                CyDelayUs
 .text.CySysClkWriteImoFreq
                0x00000640      0x164 .\CortexM0\ARM_GCC_541\Debug\Design01.a(CyLib.o)
                0x00000640                CySysClkWriteImoFreq
 .text.CySysWdtLocked
                0x000007a4       0x14 .\CortexM0\ARM_GCC_541\Debug\Design01.a(CyLFClk.o)
 .text.CySysWdtLock
                0x000007b8       0x1c .\CortexM0\ARM_GCC_541\Debug\Design01.a(CyLFClk.o)
                0x000007b8                CySysWdtLock
 .text.CySysWdtUnlock
                0x000007d4       0x30 .\CortexM0\ARM_GCC_541\Debug\Design01.a(CyLFClk.o)
                0x000007d4                CySysWdtUnlock
 .text.CySysWdtClearInterrupt
                0x00000804       0x4c .\CortexM0\ARM_GCC_541\Debug\Design01.a(CyLFClk.o)
                0x00000804                CySysWdtClearInterrupt
 .text.CySysWdtIsr
                0x00000850       0xa4 .\CortexM0\ARM_GCC_541\Debug\Design01.a(CyLFClk.o)
                0x00000850                CySysWdtIsr
 .text.I2CM_ScbEnableIntr
                0x000008f4        0xc .\CortexM0\ARM_GCC_541\Debug\Design01.a(I2CM.o)
 .text.I2CM_Init
                0x00000900        0x8 .\CortexM0\ARM_GCC_541\Debug\Design01.a(I2CM.o)
                0x00000900                I2CM_Init
 .text.I2CM_Enable
                0x00000908       0x18 .\CortexM0\ARM_GCC_541\Debug\Design01.a(I2CM.o)
                0x00000908                I2CM_Enable
 .text.I2CM_Start
                0x00000920       0x20 .\CortexM0\ARM_GCC_541\Debug\Design01.a(I2CM.o)
                0x00000920                I2CM_Start
 .text.I2CM_I2CInit
                0x00000940       0xc4 .\CortexM0\ARM_GCC_541\Debug\Design01.a(I2CM_I2C.o)
                0x00000940                I2CM_I2CInit
 .text.I2CM_I2CFwBlockReset
                0x00000a04       0x94 .\CortexM0\ARM_GCC_541\Debug\Design01.a(I2CM_I2C.o)
                0x00000a04                I2CM_I2CFwBlockReset
 .text.I2CM_I2CMasterGetWriteBufSize
                0x00000a98        0xc .\CortexM0\ARM_GCC_541\Debug\Design01.a(I2CM_I2C_MASTER.o)
                0x00000a98                I2CM_I2CMasterGetWriteBufSize
 .text.I2CM_I2CMasterStatus
                0x00000aa4       0x30 .\CortexM0\ARM_GCC_541\Debug\Design01.a(I2CM_I2C_MASTER.o)
                0x00000aa4                I2CM_I2CMasterStatus
 .text.I2CM_I2CMasterClearStatus
                0x00000ad4       0x20 .\CortexM0\ARM_GCC_541\Debug\Design01.a(I2CM_I2C_MASTER.o)
                0x00000ad4                I2CM_I2CMasterClearStatus
 .text.I2CM_I2CReStartGeneration
                0x00000af4       0xc4 .\CortexM0\ARM_GCC_541\Debug\Design01.a(I2CM_I2C_MASTER.o)
                0x00000af4                I2CM_I2CReStartGeneration
 .text.I2CM_I2CMasterWriteBuf
                0x00000bb8       0xf8 .\CortexM0\ARM_GCC_541\Debug\Design01.a(I2CM_I2C_MASTER.o)
                0x00000bb8                I2CM_I2CMasterWriteBuf
 .text.I2CM_I2CMasterReadBuf
                0x00000cb0      0x108 .\CortexM0\ARM_GCC_541\Debug\Design01.a(I2CM_I2C_MASTER.o)
                0x00000cb0                I2CM_I2CMasterReadBuf
 .text.UART_ScbModePostEnable
                0x00000db8        0x8 .\CortexM0\ARM_GCC_541\Debug\Design01.a(UART.o)
 .text.UART_Init
                0x00000dc0        0x8 .\CortexM0\ARM_GCC_541\Debug\Design01.a(UART.o)
                0x00000dc0                UART_Init
 .text.UART_Enable
                0x00000dc8       0x18 .\CortexM0\ARM_GCC_541\Debug\Design01.a(UART.o)
                0x00000dc8                UART_Enable
 .text.UART_Start
                0x00000de0       0x20 .\CortexM0\ARM_GCC_541\Debug\Design01.a(UART.o)
                0x00000de0                UART_Start
 .text.UART_UartInit
                0x00000e00       0x9c .\CortexM0\ARM_GCC_541\Debug\Design01.a(UART_UART.o)
                0x00000e00                UART_UartInit
 .text.UART_UartPostEnable
                0x00000e9c       0x24 .\CortexM0\ARM_GCC_541\Debug\Design01.a(UART_UART.o)
                0x00000e9c                UART_UartPostEnable
 .text.UART_UartPutString
                0x00000ec0       0x18 .\CortexM0\ARM_GCC_541\Debug\Design01.a(UART_UART.o)
                0x00000ec0                UART_UartPutString
 .text.Timer_WriteCounter
                0x00000ed8       0x10 .\CortexM0\ARM_GCC_541\Debug\Design01.a(Timer.o)
                0x00000ed8                Timer_WriteCounter
 .text.Timer_WritePeriod
                0x00000ee8       0x10 .\CortexM0\ARM_GCC_541\Debug\Design01.a(Timer.o)
                0x00000ee8                Timer_WritePeriod
 .text.Timer_TriggerCommand
                0x00000ef8       0x1c .\CortexM0\ARM_GCC_541\Debug\Design01.a(Timer.o)
                0x00000ef8                Timer_TriggerCommand
 .text.Timer_Enable
                0x00000f14       0x24 .\CortexM0\ARM_GCC_541\Debug\Design01.a(Timer.o)
                0x00000f14                Timer_Enable
 .text.Timer_SetInterruptMode
                0x00000f38        0xc .\CortexM0\ARM_GCC_541\Debug\Design01.a(Timer.o)
                0x00000f38                Timer_SetInterruptMode
 .text.Timer_Init
                0x00000f44       0x30 .\CortexM0\ARM_GCC_541\Debug\Design01.a(Timer.o)
                0x00000f44                Timer_Init
 .text.Timer_Start
                0x00000f74       0x20 .\CortexM0\ARM_GCC_541\Debug\Design01.a(Timer.o)
                0x00000f74                Timer_Start
 .text.I2CM_sda_Read
                0x00000f94       0x10 .\CortexM0\ARM_GCC_541\Debug\Design01.a(I2CM_sda.o)
                0x00000f94                I2CM_sda_Read
 .text.I2CM_scl_Write
                0x00000fa4       0x18 .\CortexM0\ARM_GCC_541\Debug\Design01.a(I2CM_scl.o)
                0x00000fa4                I2CM_scl_Write
 .text.I2CM_scl_Read
                0x00000fbc       0x10 .\CortexM0\ARM_GCC_541\Debug\Design01.a(I2CM_scl.o)
                0x00000fbc                I2CM_scl_Read
 .text.ADC_SAR_SEQ_Init
                0x00000fcc      0x114 .\CortexM0\ARM_GCC_541\Debug\Design01.a(ADC_SAR_SEQ.o)
                0x00000fcc                ADC_SAR_SEQ_Init
 .text.ADC_SAR_SEQ_Enable
                0x000010e0       0x24 .\CortexM0\ARM_GCC_541\Debug\Design01.a(ADC_SAR_SEQ.o)
                0x000010e0                ADC_SAR_SEQ_Enable
 .text.ADC_SAR_SEQ_Start
                0x00001104       0x20 .\CortexM0\ARM_GCC_541\Debug\Design01.a(ADC_SAR_SEQ.o)
                0x00001104                ADC_SAR_SEQ_Start
 .text.ADC_SAR_SEQ_StartConvert
                0x00001124       0x14 .\CortexM0\ARM_GCC_541\Debug\Design01.a(ADC_SAR_SEQ.o)
                0x00001124                ADC_SAR_SEQ_StartConvert
 .text.ADC_SAR_SEQ_GetResult16
                0x00001138       0x2c .\CortexM0\ARM_GCC_541\Debug\Design01.a(ADC_SAR_SEQ.o)
                0x00001138                ADC_SAR_SEQ_GetResult16
 .text.ADC_SAR_SEQ_CountsTo_Volts
                0x00001164       0x48 .\CortexM0\ARM_GCC_541\Debug\Design01.a(ADC_SAR_SEQ.o)
                0x00001164                ADC_SAR_SEQ_CountsTo_Volts
 .text.ADC_SAR_SEQ_ISR
                0x000011ac        0xc .\CortexM0\ARM_GCC_541\Debug\Design01.a(ADC_SAR_SEQ_INT.o)
                0x000011ac                ADC_SAR_SEQ_ISR
 .text.ADC_SAR_SEQ_IRQ_SetVector
                0x000011b8        0xc .\CortexM0\ARM_GCC_541\Debug\Design01.a(ADC_SAR_SEQ_IRQ.o)
                0x000011b8                ADC_SAR_SEQ_IRQ_SetVector
 .text.ADC_SAR_SEQ_IRQ_SetPriority
                0x000011c4       0x24 .\CortexM0\ARM_GCC_541\Debug\Design01.a(ADC_SAR_SEQ_IRQ.o)
                0x000011c4                ADC_SAR_SEQ_IRQ_SetPriority
 .text.ADC_SAR_SEQ_IRQ_Enable
                0x000011e8       0x10 .\CortexM0\ARM_GCC_541\Debug\Design01.a(ADC_SAR_SEQ_IRQ.o)
                0x000011e8                ADC_SAR_SEQ_IRQ_Enable
 .text.ADC_SAR_SEQ_IRQ_Disable
                0x000011f8       0x10 .\CortexM0\ARM_GCC_541\Debug\Design01.a(ADC_SAR_SEQ_IRQ.o)
                0x000011f8                ADC_SAR_SEQ_IRQ_Disable
 .text.ADC_SAR_SEQ_IRQ_StartEx
                0x00001208       0x1c .\CortexM0\ARM_GCC_541\Debug\Design01.a(ADC_SAR_SEQ_IRQ.o)
                0x00001208                ADC_SAR_SEQ_IRQ_StartEx
 *fill*         0x00001224        0x4 
 .text          0x00001228       0x24 .\CortexM0\ARM_GCC_541\Debug\Design01.a(CyBootAsmGnu.o)
                0x00001228                CyDelayCycles
                0x0000123c                CyEnterCriticalSection
                0x00001244                CyExitCriticalSection
 .text.I2CM_I2C_ISR
                0x0000124c      0x33c .\CortexM0\ARM_GCC_541\Debug\Design01.a(I2CM_I2C_INT.o)
                0x0000124c                I2CM_I2C_ISR
 .text.UART_SpiUartWriteTxData
                0x00001588       0x1c .\CortexM0\ARM_GCC_541\Debug\Design01.a(UART_SPI_UART.o)
                0x00001588                UART_SpiUartWriteTxData
 .text          0x000015a4      0x114 c:/program files (x86)/cypress/psoc creator/4.2/psoc creator/import/gnu/arm/5.4.1/bin/../lib/gcc/arm-none-eabi/5.4.1/armv6-m\libgcc.a(_udivsi3.o)
                0x000015a4                __aeabi_uidiv
                0x000015a4                __udivsi3
                0x000016b0                __aeabi_uidivmod
 .text          0x000016b8      0x1d4 c:/program files (x86)/cypress/psoc creator/4.2/psoc creator/import/gnu/arm/5.4.1/bin/../lib/gcc/arm-none-eabi/5.4.1/armv6-m\libgcc.a(_divsi3.o)
                0x000016b8                __divsi3
                0x000016b8                __aeabi_idiv
                0x00001884                __aeabi_idivmod
 .text          0x0000188c        0x4 c:/program files (x86)/cypress/psoc creator/4.2/psoc creator/import/gnu/arm/5.4.1/bin/../lib/gcc/arm-none-eabi/5.4.1/armv6-m\libgcc.a(_dvmd_tls.o)
                0x0000188c                __aeabi_idiv0
                0x0000188c                __aeabi_ldiv0
 .text          0x00001890       0x30 c:/program files (x86)/cypress/psoc creator/4.2/psoc creator/import/gnu/arm/5.4.1/bin/../lib/gcc/arm-none-eabi/5.4.1/armv6-m\libgcc.a(_fixunssfsi.o)
                0x00001890                __fixunssfsi
                0x00001890                __aeabi_f2uiz
 .text          0x000018c0      0x234 c:/program files (x86)/cypress/psoc creator/4.2/psoc creator/import/gnu/arm/5.4.1/bin/../lib/gcc/arm-none-eabi/5.4.1/armv6-m\libgcc.a(divsf3.o)
                0x000018c0                __aeabi_fdiv
 .text          0x00001af4      0x228 c:/program files (x86)/cypress/psoc creator/4.2/psoc creator/import/gnu/arm/5.4.1/bin/../lib/gcc/arm-none-eabi/5.4.1/armv6-m\libgcc.a(mulsf3.o)
                0x00001af4                __aeabi_fmul
 .text          0x00001d1c      0x30c c:/program files (x86)/cypress/psoc creator/4.2/psoc creator/import/gnu/arm/5.4.1/bin/../lib/gcc/arm-none-eabi/5.4.1/armv6-m\libgcc.a(subsf3.o)
                0x00001d1c                __aeabi_fsub
 .text          0x00002028       0x44 c:/program files (x86)/cypress/psoc creator/4.2/psoc creator/import/gnu/arm/5.4.1/bin/../lib/gcc/arm-none-eabi/5.4.1/armv6-m\libgcc.a(fixsfsi.o)
                0x00002028                __aeabi_f2iz
 .text          0x0000206c       0x90 c:/program files (x86)/cypress/psoc creator/4.2/psoc creator/import/gnu/arm/5.4.1/bin/../lib/gcc/arm-none-eabi/5.4.1/armv6-m\libgcc.a(floatsisf.o)
                0x0000206c                __aeabi_i2f
 .text          0x000020fc       0x7c c:/program files (x86)/cypress/psoc creator/4.2/psoc creator/import/gnu/arm/5.4.1/bin/../lib/gcc/arm-none-eabi/5.4.1/armv6-m\libgcc.a(floatunsisf.o)
                0x000020fc                __aeabi_ui2f
 .text          0x00002178      0x4f4 c:/program files (x86)/cypress/psoc creator/4.2/psoc creator/import/gnu/arm/5.4.1/bin/../lib/gcc/arm-none-eabi/5.4.1/armv6-m\libgcc.a(muldf3.o)
                0x00002178                __aeabi_dmul
 .text          0x0000266c      0x6a8 c:/program files (x86)/cypress/psoc creator/4.2/psoc creator/import/gnu/arm/5.4.1/bin/../lib/gcc/arm-none-eabi/5.4.1/armv6-m\libgcc.a(subdf3.o)
                0x0000266c                __aeabi_dsub
 .text          0x00002d14       0xa8 c:/program files (x86)/cypress/psoc creator/4.2/psoc creator/import/gnu/arm/5.4.1/bin/../lib/gcc/arm-none-eabi/5.4.1/armv6-m\libgcc.a(extendsfdf2.o)
                0x00002d14                __aeabi_f2d
 .text          0x00002dbc      0x118 c:/program files (x86)/cypress/psoc creator/4.2/psoc creator/import/gnu/arm/5.4.1/bin/../lib/gcc/arm-none-eabi/5.4.1/armv6-m\libgcc.a(truncdfsf2.o)
                0x00002dbc                __aeabi_d2f
 .text          0x00002ed4       0x74 c:/program files (x86)/cypress/psoc creator/4.2/psoc creator/import/gnu/arm/5.4.1/bin/../lib/gcc/arm-none-eabi/5.4.1/armv6-m\libgcc.a(_arm_cmpsf2.o)
                0x00002ed4                __aeabi_cfrcmple
                0x00002edc                __aeabi_cfcmpeq
                0x00002edc                __aeabi_cfcmple
                0x00002eec                __aeabi_fcmpeq
                0x00002ef8                __aeabi_fcmplt
                0x00002f0c                __aeabi_fcmple
                0x00002f20                __aeabi_fcmpgt
                0x00002f34                __aeabi_fcmpge
 .text          0x00002f48       0x3c c:/program files (x86)/cypress/psoc creator/4.2/psoc creator/import/gnu/arm/5.4.1/bin/../lib/gcc/arm-none-eabi/5.4.1/armv6-m\libgcc.a(_clzsi2.o)
                0x00002f48                __clzsi2
 .text          0x00002f84       0x50 c:/program files (x86)/cypress/psoc creator/4.2/psoc creator/import/gnu/arm/5.4.1/bin/../lib/gcc/arm-none-eabi/5.4.1/armv6-m\libgcc.a(eqsf2.o)
                0x00002f84                __eqsf2
                0x00002f84                __nesf2
 .text          0x00002fd4       0x88 c:/program files (x86)/cypress/psoc creator/4.2/psoc creator/import/gnu/arm/5.4.1/bin/../lib/gcc/arm-none-eabi/5.4.1/armv6-m\libgcc.a(gesf2.o)
                0x00002fd4                __gesf2
                0x00002fd4                __gtsf2
 .text          0x0000305c       0x88 c:/program files (x86)/cypress/psoc creator/4.2/psoc creator/import/gnu/arm/5.4.1/bin/../lib/gcc/arm-none-eabi/5.4.1/armv6-m\libgcc.a(lesf2.o)
                0x0000305c                __ltsf2
                0x0000305c                __lesf2
 .text.__errno  0x000030e4        0xc c:/program files (x86)/cypress/psoc creator/4.2/psoc creator/import/gnu/arm/5.4.1/bin/../lib/gcc/arm-none-eabi/5.4.1/../../../../arm-none-eabi/lib/armv6-m\libg_nano.a(lib_a-errno.o)
                0x000030e4                __errno
 .text.__libc_init_array
                0x000030f0       0x4c c:/program files (x86)/cypress/psoc creator/4.2/psoc creator/import/gnu/arm/5.4.1/bin/../lib/gcc/arm-none-eabi/5.4.1/../../../../arm-none-eabi/lib/armv6-m\libg_nano.a(lib_a-init.o)
                0x000030f0                __libc_init_array
 .text.memset   0x0000313c       0x10 c:/program files (x86)/cypress/psoc creator/4.2/psoc creator/import/gnu/arm/5.4.1/bin/../lib/gcc/arm-none-eabi/5.4.1/../../../../arm-none-eabi/lib/armv6-m\libg_nano.a(lib_a-memset.o)
                0x0000313c                memset
 .text.__cvt    0x0000314c       0xca c:/program files (x86)/cypress/psoc creator/4.2/psoc creator/import/gnu/arm/5.4.1/bin/../lib/gcc/arm-none-eabi/5.4.1/../../../../arm-none-eabi/lib/armv6-m\libg_nano.a(lib_a-nano-vfprintf_float.o)
                0x0000314c                __cvt
 .text.__exponent
                0x00003216       0x62 c:/program files (x86)/cypress/psoc creator/4.2/psoc creator/import/gnu/arm/5.4.1/bin/../lib/gcc/arm-none-eabi/5.4.1/../../../../arm-none-eabi/lib/armv6-m\libg_nano.a(lib_a-nano-vfprintf_float.o)
                0x00003216                __exponent
 .text._printf_float
                0x00003278      0x4a0 c:/program files (x86)/cypress/psoc creator/4.2/psoc creator/import/gnu/arm/5.4.1/bin/../lib/gcc/arm-none-eabi/5.4.1/../../../../arm-none-eabi/lib/armv6-m\libg_nano.a(lib_a-nano-vfprintf_float.o)
                0x00003278                _printf_float
 .text._printf_common
                0x00003718       0xdc c:/program files (x86)/cypress/psoc creator/4.2/psoc creator/import/gnu/arm/5.4.1/bin/../lib/gcc/arm-none-eabi/5.4.1/../../../../arm-none-eabi/lib/armv6-m\libg_nano.a(lib_a-nano-vfprintf_i.o)
                0x00003718                _printf_common
 .text._printf_i
                0x000037f4      0x244 c:/program files (x86)/cypress/psoc creator/4.2/psoc creator/import/gnu/arm/5.4.1/bin/../lib/gcc/arm-none-eabi/5.4.1/../../../../arm-none-eabi/lib/armv6-m\libg_nano.a(lib_a-nano-vfprintf_i.o)
                0x000037f4                _printf_i
 .text.sprintf  0x00003a38       0x44 c:/program files (x86)/cypress/psoc creator/4.2/psoc creator/import/gnu/arm/5.4.1/bin/../lib/gcc/arm-none-eabi/5.4.1/../../../../arm-none-eabi/lib/armv6-m\libg_nano.a(lib_a-sprintf.o)
                0x00003a38                siprintf
                0x00003a38                sprintf
 .text          0x00003a7c        0xe c:/program files (x86)/cypress/psoc creator/4.2/psoc creator/import/gnu/arm/5.4.1/bin/../lib/gcc/arm-none-eabi/5.4.1/../../../../arm-none-eabi/lib/armv6-m\libg_nano.a(lib_a-strlen.o)
                0x00003a7c                strlen
 .text.quorem   0x00003a8a      0x10c c:/program files (x86)/cypress/psoc creator/4.2/psoc creator/import/gnu/arm/5.4.1/bin/../lib/gcc/arm-none-eabi/5.4.1/../../../../arm-none-eabi/lib/armv6-m\libg_nano.a(lib_a-dtoa.o)
 *fill*         0x00003b96        0x2 
 .text._dtoa_r  0x00003b98      0xb8c c:/program files (x86)/cypress/psoc creator/4.2/psoc creator/import/gnu/arm/5.4.1/bin/../lib/gcc/arm-none-eabi/5.4.1/../../../../arm-none-eabi/lib/armv6-m\libg_nano.a(lib_a-dtoa.o)
                0x00003b98                _dtoa_r
 .text._localeconv_r
                0x00004724        0x8 c:/program files (x86)/cypress/psoc creator/4.2/psoc creator/import/gnu/arm/5.4.1/bin/../lib/gcc/arm-none-eabi/5.4.1/../../../../arm-none-eabi/lib/armv6-m\libg_nano.a(lib_a-locale.o)
                0x00004724                _localeconv_r
 .text.malloc   0x0000472c       0x14 c:/program files (x86)/cypress/psoc creator/4.2/psoc creator/import/gnu/arm/5.4.1/bin/../lib/gcc/arm-none-eabi/5.4.1/../../../../arm-none-eabi/lib/armv6-m\libg_nano.a(lib_a-malloc.o)
                0x0000472c                malloc
 .text.memchr   0x00004740       0x16 c:/program files (x86)/cypress/psoc creator/4.2/psoc creator/import/gnu/arm/5.4.1/bin/../lib/gcc/arm-none-eabi/5.4.1/../../../../arm-none-eabi/lib/armv6-m\libg_nano.a(lib_a-memchr-stub.o)
                0x00004740                memchr
 .text.memcpy   0x00004756       0x12 c:/program files (x86)/cypress/psoc creator/4.2/psoc creator/import/gnu/arm/5.4.1/bin/../lib/gcc/arm-none-eabi/5.4.1/../../../../arm-none-eabi/lib/armv6-m\libg_nano.a(lib_a-memcpy-stub.o)
                0x00004756                memcpy
 .text._Balloc  0x00004768       0x70 c:/program files (x86)/cypress/psoc creator/4.2/psoc creator/import/gnu/arm/5.4.1/bin/../lib/gcc/arm-none-eabi/5.4.1/../../../../arm-none-eabi/lib/armv6-m\libg_nano.a(lib_a-mprec.o)
                0x00004768                _Balloc
 .text._Bfree   0x000047d8       0x32 c:/program files (x86)/cypress/psoc creator/4.2/psoc creator/import/gnu/arm/5.4.1/bin/../lib/gcc/arm-none-eabi/5.4.1/../../../../arm-none-eabi/lib/armv6-m\libg_nano.a(lib_a-mprec.o)
                0x000047d8                _Bfree
 .text.__multadd
                0x0000480a       0x7a c:/program files (x86)/cypress/psoc creator/4.2/psoc creator/import/gnu/arm/5.4.1/bin/../lib/gcc/arm-none-eabi/5.4.1/../../../../arm-none-eabi/lib/armv6-m\libg_nano.a(lib_a-mprec.o)
                0x0000480a                __multadd
 .text.__hi0bits
                0x00004884       0x36 c:/program files (x86)/cypress/psoc creator/4.2/psoc creator/import/gnu/arm/5.4.1/bin/../lib/gcc/arm-none-eabi/5.4.1/../../../../arm-none-eabi/lib/armv6-m\libg_nano.a(lib_a-mprec.o)
                0x00004884                __hi0bits
 .text.__lo0bits
                0x000048ba       0x5e c:/program files (x86)/cypress/psoc creator/4.2/psoc creator/import/gnu/arm/5.4.1/bin/../lib/gcc/arm-none-eabi/5.4.1/../../../../arm-none-eabi/lib/armv6-m\libg_nano.a(lib_a-mprec.o)
                0x000048ba                __lo0bits
 .text.__i2b    0x00004918       0x12 c:/program files (x86)/cypress/psoc creator/4.2/psoc creator/import/gnu/arm/5.4.1/bin/../lib/gcc/arm-none-eabi/5.4.1/../../../../arm-none-eabi/lib/armv6-m\libg_nano.a(lib_a-mprec.o)
                0x00004918                __i2b
 .text.__multiply
                0x0000492a      0x112 c:/program files (x86)/cypress/psoc creator/4.2/psoc creator/import/gnu/arm/5.4.1/bin/../lib/gcc/arm-none-eabi/5.4.1/../../../../arm-none-eabi/lib/armv6-m\libg_nano.a(lib_a-mprec.o)
                0x0000492a                __multiply
 .text.__pow5mult
                0x00004a3c       0xa8 c:/program files (x86)/cypress/psoc creator/4.2/psoc creator/import/gnu/arm/5.4.1/bin/../lib/gcc/arm-none-eabi/5.4.1/../../../../arm-none-eabi/lib/armv6-m\libg_nano.a(lib_a-mprec.o)
                0x00004a3c                __pow5mult
 .text.__lshift
                0x00004ae4       0xa4 c:/program files (x86)/cypress/psoc creator/4.2/psoc creator/import/gnu/arm/5.4.1/bin/../lib/gcc/arm-none-eabi/5.4.1/../../../../arm-none-eabi/lib/armv6-m\libg_nano.a(lib_a-mprec.o)
                0x00004ae4                __lshift
 .text.__mcmp   0x00004b88       0x36 c:/program files (x86)/cypress/psoc creator/4.2/psoc creator/import/gnu/arm/5.4.1/bin/../lib/gcc/arm-none-eabi/5.4.1/../../../../arm-none-eabi/lib/armv6-m\libg_nano.a(lib_a-mprec.o)
                0x00004b88                __mcmp
 .text.__mdiff  0x00004bbe       0xd6 c:/program files (x86)/cypress/psoc creator/4.2/psoc creator/import/gnu/arm/5.4.1/bin/../lib/gcc/arm-none-eabi/5.4.1/../../../../arm-none-eabi/lib/armv6-m\libg_nano.a(lib_a-mprec.o)
                0x00004bbe                __mdiff
 .text.__d2b    0x00004c94       0xa8 c:/program files (x86)/cypress/psoc creator/4.2/psoc creator/import/gnu/arm/5.4.1/bin/../lib/gcc/arm-none-eabi/5.4.1/../../../../arm-none-eabi/lib/armv6-m\libg_nano.a(lib_a-mprec.o)
                0x00004c94                __d2b
 .text._calloc_r
                0x00004d3c       0x1c c:/program files (x86)/cypress/psoc creator/4.2/psoc creator/import/gnu/arm/5.4.1/bin/../lib/gcc/arm-none-eabi/5.4.1/../../../../arm-none-eabi/lib/armv6-m\libg_nano.a(lib_a-nano-callocr.o)
                0x00004d3c                _calloc_r
 .text._free_r  0x00004d58       0x98 c:/program files (x86)/cypress/psoc creator/4.2/psoc creator/import/gnu/arm/5.4.1/bin/../lib/gcc/arm-none-eabi/5.4.1/../../../../arm-none-eabi/lib/armv6-m\libg_nano.a(lib_a-nano-freer.o)
                0x00004d58                _free_r
 .text._malloc_r
                0x00004df0       0xc0 c:/program files (x86)/cypress/psoc creator/4.2/psoc creator/import/gnu/arm/5.4.1/bin/../lib/gcc/arm-none-eabi/5.4.1/../../../../arm-none-eabi/lib/armv6-m\libg_nano.a(lib_a-nano-mallocr.o)
                0x00004df0                _malloc_r
 .text.__ssputs_r
                0x00004eb0       0xc4 c:/program files (x86)/cypress/psoc creator/4.2/psoc creator/import/gnu/arm/5.4.1/bin/../lib/gcc/arm-none-eabi/5.4.1/../../../../arm-none-eabi/lib/armv6-m\libg_nano.a(lib_a-nano-svfprintf.o)
                0x00004eb0                __ssputs_r
 .text._svfprintf_r
                0x00004f74      0x1fc c:/program files (x86)/cypress/psoc creator/4.2/psoc creator/import/gnu/arm/5.4.1/bin/../lib/gcc/arm-none-eabi/5.4.1/../../../../arm-none-eabi/lib/armv6-m\libg_nano.a(lib_a-nano-svfprintf.o)
                0x00004f74                _svfiprintf_r
                0x00004f74                _svfprintf_r
 .text._sbrk_r  0x00005170       0x24 c:/program files (x86)/cypress/psoc creator/4.2/psoc creator/import/gnu/arm/5.4.1/bin/../lib/gcc/arm-none-eabi/5.4.1/../../../../arm-none-eabi/lib/armv6-m\libg_nano.a(lib_a-sbrkr.o)
                0x00005170                _sbrk_r
 .text.memmove  0x00005194       0x2a c:/program files (x86)/cypress/psoc creator/4.2/psoc creator/import/gnu/arm/5.4.1/bin/../lib/gcc/arm-none-eabi/5.4.1/../../../../arm-none-eabi/lib/armv6-m\libg_nano.a(lib_a-memmove.o)
                0x00005194                memmove
 .text.__malloc_lock
                0x000051be        0x2 c:/program files (x86)/cypress/psoc creator/4.2/psoc creator/import/gnu/arm/5.4.1/bin/../lib/gcc/arm-none-eabi/5.4.1/../../../../arm-none-eabi/lib/armv6-m\libg_nano.a(lib_a-mlock.o)
                0x000051be                __malloc_lock
 .text.__malloc_unlock
                0x000051c0        0x2 c:/program files (x86)/cypress/psoc creator/4.2/psoc creator/import/gnu/arm/5.4.1/bin/../lib/gcc/arm-none-eabi/5.4.1/../../../../arm-none-eabi/lib/armv6-m\libg_nano.a(lib_a-mlock.o)
                0x000051c0                __malloc_unlock
 .text._realloc_r
                0x000051c2       0x4c c:/program files (x86)/cypress/psoc creator/4.2/psoc creator/import/gnu/arm/5.4.1/bin/../lib/gcc/arm-none-eabi/5.4.1/../../../../arm-none-eabi/lib/armv6-m\libg_nano.a(lib_a-nano-reallocr.o)
                0x000051c2                _realloc_r
 .text._malloc_usable_size_r
                0x0000520e       0x16 c:/program files (x86)/cypress/psoc creator/4.2/psoc creator/import/gnu/arm/5.4.1/bin/../lib/gcc/arm-none-eabi/5.4.1/../../../../arm-none-eabi/lib/armv6-m\libg_nano.a(lib_a-nano-msizer.o)
                0x0000520e                _malloc_usable_size_r
 .text          0x00005224       0x14 c:/program files (x86)/cypress/psoc creator/4.2/psoc creator/import/gnu/arm/5.4.1/bin/../lib/gcc/arm-none-eabi/5.4.1/armv6-m\libgcc.a(_thumb1_case_uqi.o)
                0x00005224                __gnu_thumb1_case_uqi
 .text          0x00005238       0x7c c:/program files (x86)/cypress/psoc creator/4.2/psoc creator/import/gnu/arm/5.4.1/bin/../lib/gcc/arm-none-eabi/5.4.1/armv6-m\libgcc.a(_arm_cmpdf2.o)
                0x00005238                __aeabi_cdrcmple
                0x00005248                __aeabi_cdcmple
                0x00005248                __aeabi_cdcmpeq
                0x00005258                __aeabi_dcmpeq
                0x00005264                __aeabi_dcmplt
                0x00005278                __aeabi_dcmple
                0x0000528c                __aeabi_dcmpgt
                0x000052a0                __aeabi_dcmpge
 .text          0x000052b4      0x658 c:/program files (x86)/cypress/psoc creator/4.2/psoc creator/import/gnu/arm/5.4.1/bin/../lib/gcc/arm-none-eabi/5.4.1/armv6-m\libgcc.a(adddf3.o)
                0x000052b4                __aeabi_dadd
 .text          0x0000590c      0x62c c:/program files (x86)/cypress/psoc creator/4.2/psoc creator/import/gnu/arm/5.4.1/bin/../lib/gcc/arm-none-eabi/5.4.1/armv6-m\libgcc.a(divdf3.o)
                0x0000590c                __aeabi_ddiv
 .text          0x00005f38       0x80 c:/program files (x86)/cypress/psoc creator/4.2/psoc creator/import/gnu/arm/5.4.1/bin/../lib/gcc/arm-none-eabi/5.4.1/armv6-m\libgcc.a(eqdf2.o)
                0x00005f38                __nedf2
                0x00005f38                __eqdf2
 .text          0x00005fb8       0xc8 c:/program files (x86)/cypress/psoc creator/4.2/psoc creator/import/gnu/arm/5.4.1/bin/../lib/gcc/arm-none-eabi/5.4.1/armv6-m\libgcc.a(gedf2.o)
                0x00005fb8                __gedf2
                0x00005fb8                __gtdf2
 .text          0x00006080       0xd4 c:/program files (x86)/cypress/psoc creator/4.2/psoc creator/import/gnu/arm/5.4.1/bin/../lib/gcc/arm-none-eabi/5.4.1/armv6-m\libgcc.a(ledf2.o)
                0x00006080                __ledf2
                0x00006080                __ltdf2
 .text          0x00006154       0x40 c:/program files (x86)/cypress/psoc creator/4.2/psoc creator/import/gnu/arm/5.4.1/bin/../lib/gcc/arm-none-eabi/5.4.1/armv6-m\libgcc.a(unorddf2.o)
                0x00006154                __aeabi_dcmpun
 .text          0x00006194       0x6c c:/program files (x86)/cypress/psoc creator/4.2/psoc creator/import/gnu/arm/5.4.1/bin/../lib/gcc/arm-none-eabi/5.4.1/armv6-m\libgcc.a(fixdfsi.o)
                0x00006194                __aeabi_d2iz
 .text          0x00006200       0x84 c:/program files (x86)/cypress/psoc creator/4.2/psoc creator/import/gnu/arm/5.4.1/bin/../lib/gcc/arm-none-eabi/5.4.1/armv6-m\libgcc.a(floatsidf.o)
                0x00006200                __aeabi_i2d
 .text          0x00006284       0x70 c:/program files (x86)/cypress/psoc creator/4.2/psoc creator/import/gnu/arm/5.4.1/bin/../lib/gcc/arm-none-eabi/5.4.1/armv6-m\libgcc.a(floatunsidf.o)
                0x00006284                __aeabi_ui2d
 *(.plt)
 *(.gnu.warning)
 *(.glue_7t)
 .glue_7t       0x000062f4        0x0 linker stubs
 *(.glue_7)
 .glue_7        0x000062f4        0x0 linker stubs
 *(.vfp11_veneer)
 .vfp11_veneer  0x000062f4        0x0 linker stubs
 *(.bootloader)
 *(.ARM.extab* .gnu.linkonce.armextab.*)
 *(.gcc_except_table)

.v4_bx          0x000062f4        0x0
 .v4_bx         0x000062f4        0x0 linker stubs

.iplt           0x000062f4        0x0
 .iplt          0x000062f4        0x0 c:/program files (x86)/cypress/psoc creator/4.2/psoc creator/import/gnu/arm/5.4.1/bin/../lib/gcc/arm-none-eabi/5.4.1/armv6-m/crtbegin.o

.eh_frame_hdr
 *(.eh_frame_hdr)

.eh_frame       0x000062f4        0x4
 *(.eh_frame)
 .eh_frame      0x000062f4        0x0 c:/program files (x86)/cypress/psoc creator/4.2/psoc creator/import/gnu/arm/5.4.1/bin/../lib/gcc/arm-none-eabi/5.4.1/armv6-m/crtbegin.o
 .eh_frame      0x000062f4        0x4 c:/program files (x86)/cypress/psoc creator/4.2/psoc creator/import/gnu/arm/5.4.1/bin/../lib/gcc/arm-none-eabi/5.4.1/armv6-m/crtend.o
                [!provide]                PROVIDE (__exidx_start, .)

.ARM.exidx
 *(.ARM.exidx* .gnu.linkonce.armexidx.*)
                0x000062f8                __exidx_end = .

.rodata         0x000062f8      0x378
 *(.rodata .rodata.* .gnu.linkonce.r.*)
 .rodata.str1.4
                0x000062f8       0x3c .\CortexM0\ARM_GCC_541\Debug\main.o
 .rodata        0x00006334       0x34 .\CortexM0\ARM_GCC_541\Debug\cyfitter_cfg.o
 .rodata        0x00006368       0x2e .\CortexM0\ARM_GCC_541\Debug\Design01.a(CyLib.o)
                0x00006368                cyImoFreqMhz2Reg
 *fill*         0x00006396        0x2 
 .rodata        0x00006398       0x80 c:/program files (x86)/cypress/psoc creator/4.2/psoc creator/import/gnu/arm/5.4.1/bin/../lib/gcc/arm-none-eabi/5.4.1/armv6-m\libgcc.a(divsf3.o)
 .rodata        0x00006418       0x40 c:/program files (x86)/cypress/psoc creator/4.2/psoc creator/import/gnu/arm/5.4.1/bin/../lib/gcc/arm-none-eabi/5.4.1/armv6-m\libgcc.a(mulsf3.o)
 .rodata        0x00006458       0x40 c:/program files (x86)/cypress/psoc creator/4.2/psoc creator/import/gnu/arm/5.4.1/bin/../lib/gcc/arm-none-eabi/5.4.1/armv6-m\libgcc.a(muldf3.o)
 .rodata.str1.1
                0x00006498        0x2 c:/program files (x86)/cypress/psoc creator/4.2/psoc creator/import/gnu/arm/5.4.1/bin/../lib/gcc/arm-none-eabi/5.4.1/../../../../arm-none-eabi/lib/armv6-m\libg_nano.a(lib_a-impure.o)
 .rodata.str1.1
                0x0000649a       0x12 c:/program files (x86)/cypress/psoc creator/4.2/psoc creator/import/gnu/arm/5.4.1/bin/../lib/gcc/arm-none-eabi/5.4.1/../../../../arm-none-eabi/lib/armv6-m\libg_nano.a(lib_a-nano-vfprintf_float.o)
 .rodata.str1.1
                0x000064ac       0x22 c:/program files (x86)/cypress/psoc creator/4.2/psoc creator/import/gnu/arm/5.4.1/bin/../lib/gcc/arm-none-eabi/5.4.1/../../../../arm-none-eabi/lib/armv6-m\libg_nano.a(lib_a-nano-vfprintf_i.o)
 .rodata.str1.1
                0x000064ce        0xd c:/program files (x86)/cypress/psoc creator/4.2/psoc creator/import/gnu/arm/5.4.1/bin/../lib/gcc/arm-none-eabi/5.4.1/../../../../arm-none-eabi/lib/armv6-m\libg_nano.a(lib_a-dtoa.o)
                                  0xf (size before relaxing)
 .rodata.str1.1
                0x000064db        0x8 c:/program files (x86)/cypress/psoc creator/4.2/psoc creator/import/gnu/arm/5.4.1/bin/../lib/gcc/arm-none-eabi/5.4.1/../../../../arm-none-eabi/lib/armv6-m\libg_nano.a(lib_a-locale.o)
                                  0xb (size before relaxing)
 *fill*         0x000064e3        0x5 
 .rodata.__mprec_tens
                0x000064e8       0xc8 c:/program files (x86)/cypress/psoc creator/4.2/psoc creator/import/gnu/arm/5.4.1/bin/../lib/gcc/arm-none-eabi/5.4.1/../../../../arm-none-eabi/lib/armv6-m\libg_nano.a(lib_a-mprec.o)
                0x000064e8                __mprec_tens
 .rodata.p05.5408
                0x000065b0        0xc c:/program files (x86)/cypress/psoc creator/4.2/psoc creator/import/gnu/arm/5.4.1/bin/../lib/gcc/arm-none-eabi/5.4.1/../../../../arm-none-eabi/lib/armv6-m\libg_nano.a(lib_a-mprec.o)
 *fill*         0x000065bc        0x4 
 .rodata.__mprec_bigtens
                0x000065c0       0x28 c:/program files (x86)/cypress/psoc creator/4.2/psoc creator/import/gnu/arm/5.4.1/bin/../lib/gcc/arm-none-eabi/5.4.1/../../../../arm-none-eabi/lib/armv6-m\libg_nano.a(lib_a-mprec.o)
                0x000065c0                __mprec_bigtens
 .rodata.str1.1
                0x000065e8       0x11 c:/program files (x86)/cypress/psoc creator/4.2/psoc creator/import/gnu/arm/5.4.1/bin/../lib/gcc/arm-none-eabi/5.4.1/../../../../arm-none-eabi/lib/armv6-m\libg_nano.a(lib_a-nano-svfprintf.o)
 *fill*         0x000065f9        0x3 
 .rodata        0x000065fc       0x40 c:/program files (x86)/cypress/psoc creator/4.2/psoc creator/import/gnu/arm/5.4.1/bin/../lib/gcc/arm-none-eabi/5.4.1/armv6-m\libgcc.a(divdf3.o)
                0x0000663c                . = ALIGN (0x4)
 *(.init)
 .init          0x0000663c        0x4 c:/program files (x86)/cypress/psoc creator/4.2/psoc creator/import/gnu/arm/5.4.1/bin/../lib/gcc/arm-none-eabi/5.4.1/armv6-m/crti.o
                0x0000663c                _init
 .init          0x00006640        0x8 c:/program files (x86)/cypress/psoc creator/4.2/psoc creator/import/gnu/arm/5.4.1/bin/../lib/gcc/arm-none-eabi/5.4.1/armv6-m/crtn.o
                0x00006648                . = ALIGN (0x4)
                0x00006648                __preinit_array_start = .
 *(.preinit_array)
                0x00006648                __preinit_array_end = .
                0x00006648                . = ALIGN (0x4)
                0x00006648                __init_array_start = .
 *(SORT(.init_array.*))
 *(.init_array)
 .init_array    0x00006648        0x4 c:/program files (x86)/cypress/psoc creator/4.2/psoc creator/import/gnu/arm/5.4.1/bin/../lib/gcc/arm-none-eabi/5.4.1/armv6-m/crtbegin.o
 .init_array    0x0000664c        0x4 .\CortexM0\ARM_GCC_541\Debug\Cm0Start.o
                0x00006650                __init_array_end = .
                0x00006650                . = ALIGN (0x4)
 *(.fini)
 .fini          0x00006650        0x4 c:/program files (x86)/cypress/psoc creator/4.2/psoc creator/import/gnu/arm/5.4.1/bin/../lib/gcc/arm-none-eabi/5.4.1/armv6-m/crti.o
                0x00006650                _fini
 .fini          0x00006654        0x8 c:/program files (x86)/cypress/psoc creator/4.2/psoc creator/import/gnu/arm/5.4.1/bin/../lib/gcc/arm-none-eabi/5.4.1/armv6-m/crtn.o
                0x0000665c                . = ALIGN (0x4)
                0x0000665c                __fini_array_start = .
 *(.fini_array)
 .fini_array    0x0000665c        0x4 c:/program files (x86)/cypress/psoc creator/4.2/psoc creator/import/gnu/arm/5.4.1/bin/../lib/gcc/arm-none-eabi/5.4.1/armv6-m/crtbegin.o
 *(SORT(.fini_array.*))
                0x00006660                __fini_array_end = .
                0x00006660                . = ALIGN (0x4)
 *crtbegin.o(.ctors)
 *(EXCLUDE_FILE(*crtend.o) .ctors)
 *(SORT(.ctors.*))
 *crtend.o(.ctors)
                0x00006660                . = ALIGN (0x4)
 *crtbegin.o(.dtors)
 *(EXCLUDE_FILE(*crtend.o) .dtors)
 *(SORT(.dtors.*))
 *crtend.o(.dtors)
                0x00006660                . = ALIGN (0x4)
                0x00006660                __cy_regions = .
                0x00006660        0x4 LONG 0x6670 __cy_region_init_ram
                0x00006664        0x4 LONG 0x200000c0 __cy_region_start_data
                0x00006668        0x4 LONG 0xc0 __cy_region_init_size_ram
                0x0000666c        0x4 LONG 0x90 __cy_region_zero_size_ram
                0x00006670                __cy_regions_end = .
                0x00006670                . = ALIGN (0x8)
                0x00006670                _etext = .

.cy_checksum_exclude
                0x00006670        0x0
 *(.cy_checksum_exclude)

.ramvectors     0x20000000       0xc0
                0x20000000                __cy_region_start_ram = .
 *(.ramvectors)
 .ramvectors    0x20000000       0xc0 .\CortexM0\ARM_GCC_541\Debug\Cm0Start.o
                0x20000000                CyRamVectors

.noinit
 *(.noinit)

.data           0x200000c0       0xc0 load address 0x00006670
                0x200000c0                __cy_region_start_data = .
 *(.jcr)
 .jcr           0x200000c0        0x0 c:/program files (x86)/cypress/psoc creator/4.2/psoc creator/import/gnu/arm/5.4.1/bin/../lib/gcc/arm-none-eabi/5.4.1/armv6-m/crtbegin.o
 .jcr           0x200000c0        0x4 c:/program files (x86)/cypress/psoc creator/4.2/psoc creator/import/gnu/arm/5.4.1/bin/../lib/gcc/arm-none-eabi/5.4.1/armv6-m/crtend.o
 *(.got.plt)
 *(.got)
 *(.shdata)
 *(.data .data.* .gnu.linkonce.d.*)
 .data          0x200000c4        0x4 .\CortexM0\ARM_GCC_541\Debug\Cm0Start.o
 .data          0x200000c8       0x14 .\CortexM0\ARM_GCC_541\Debug\Design01.a(CyLib.o)
                0x200000c8                CySysClkPumpConfig
                0x200000cc                cydelay32kMs
                0x200000d0                cydelayFreqKhz
                0x200000d4                cydelayFreqMhz
                0x200000d8                cydelayFreqHz
 .data          0x200000dc        0x4 .\CortexM0\ARM_GCC_541\Debug\Design01.a(CyLFClk.o)
 .data.impure_data
                0x200000e0       0x60 c:/program files (x86)/cypress/psoc creator/4.2/psoc creator/import/gnu/arm/5.4.1/bin/../lib/gcc/arm-none-eabi/5.4.1/../../../../arm-none-eabi/lib/armv6-m\libg_nano.a(lib_a-impure.o)
 .data._impure_ptr
                0x20000140        0x4 c:/program files (x86)/cypress/psoc creator/4.2/psoc creator/import/gnu/arm/5.4.1/bin/../lib/gcc/arm-none-eabi/5.4.1/../../../../arm-none-eabi/lib/armv6-m\libg_nano.a(lib_a-impure.o)
                0x20000140                _impure_ptr
 .data.lconv    0x20000144       0x38 c:/program files (x86)/cypress/psoc creator/4.2/psoc creator/import/gnu/arm/5.4.1/bin/../lib/gcc/arm-none-eabi/5.4.1/../../../../arm-none-eabi/lib/armv6-m\libg_nano.a(lib_a-locale.o)
                0x20000180                . = ALIGN (0x8)
 *fill*         0x2000017c        0x4 
 *(.ram)
                0x20000180                _edata = .

.igot.plt       0x20000180        0x0 load address 0x00006730
 .igot.plt      0x20000180        0x0 c:/program files (x86)/cypress/psoc creator/4.2/psoc creator/import/gnu/arm/5.4.1/bin/../lib/gcc/arm-none-eabi/5.4.1/armv6-m/crtbegin.o

.bss            0x20000180       0x90 load address 0x00006730
                0x20000180                PROVIDE (__bss_start__, .)
 *(.shbss)
 *(.bss .bss.* .gnu.linkonce.b.*)
 .bss           0x20000180       0x1c c:/program files (x86)/cypress/psoc creator/4.2/psoc creator/import/gnu/arm/5.4.1/bin/../lib/gcc/arm-none-eabi/5.4.1/armv6-m/crtbegin.o
 .bss           0x2000019c        0x8 .\CortexM0\ARM_GCC_541\Debug\main.o
                0x2000019c                dataReady
                0x200001a0                timer_delay
 .bss           0x200001a4       0x20 .\CortexM0\ARM_GCC_541\Debug\Design01.a(CyLFClk.o)
 .bss           0x200001c4        0x8 .\CortexM0\ARM_GCC_541\Debug\Design01.a(I2CM.o)
                0x200001c4                I2CM_initVar
                0x200001c8                I2CM_customIntrHandler
 .bss           0x200001cc        0x4 .\CortexM0\ARM_GCC_541\Debug\Design01.a(UART.o)
                0x200001cc                UART_initVar
                0x200001ce                UART_IntrTxMask
 .bss           0x200001d0        0x1 .\CortexM0\ARM_GCC_541\Debug\Design01.a(Timer.o)
                0x200001d0                Timer_initVar
 .bss           0x200001d1        0x1 .\CortexM0\ARM_GCC_541\Debug\Design01.a(ADC_SAR_SEQ.o)
                0x200001d1                ADC_SAR_SEQ_initVar
 *fill*         0x200001d2        0x2 
 .bss.__malloc_sbrk_start
                0x200001d4        0x4 c:/program files (x86)/cypress/psoc creator/4.2/psoc creator/import/gnu/arm/5.4.1/bin/../lib/gcc/arm-none-eabi/5.4.1/../../../../arm-none-eabi/lib/armv6-m\libg_nano.a(lib_a-nano-mallocr.o)
                0x200001d4                __malloc_sbrk_start
 .bss.__malloc_free_list
                0x200001d8        0x4 c:/program files (x86)/cypress/psoc creator/4.2/psoc creator/import/gnu/arm/5.4.1/bin/../lib/gcc/arm-none-eabi/5.4.1/../../../../arm-none-eabi/lib/armv6-m\libg_nano.a(lib_a-nano-mallocr.o)
                0x200001d8                __malloc_free_list
 *(COMMON)
 COMMON         0x200001dc        0x2 .\CortexM0\ARM_GCC_541\Debug\main.o
                0x200001dc                result
 COMMON         0x200001de        0x1 .\CortexM0\ARM_GCC_541\Debug\Design01.a(I2CM_I2C.o)
                0x200001de                I2CM_state
 *fill*         0x200001df        0x1 
 COMMON         0x200001e0       0x24 .\CortexM0\ARM_GCC_541\Debug\Design01.a(I2CM_I2C_MASTER.o)
                0x200001e0                I2CM_mstrRdBufPtr
                0x200001e4                I2CM_mstrWrBufPtr
                0x200001e8                I2CM_mstrRdBufIndex
                0x200001ec                I2CM_mstrStatus
                0x200001f0                I2CM_mstrWrBufIndex
                0x200001f4                I2CM_mstrControl
                0x200001f8                I2CM_mstrWrBufIndexTmp
                0x200001fc                I2CM_mstrRdBufSize
                0x20000200                I2CM_mstrWrBufSize
 COMMON         0x20000204        0x8 .\CortexM0\ARM_GCC_541\Debug\Design01.a(ADC_SAR_SEQ.o)
                0x20000204                ADC_SAR_SEQ_offset
                0x20000208                ADC_SAR_SEQ_countsPer10Volt
 COMMON         0x2000020c        0x4 c:/program files (x86)/cypress/psoc creator/4.2/psoc creator/import/gnu/arm/5.4.1/bin/../lib/gcc/arm-none-eabi/5.4.1/../../../../arm-none-eabi/lib/armv6-m\libg_nano.a(lib_a-reent.o)
                0x2000020c                errno
                0x20000210                . = ALIGN (0x8)
 *(.ram.b)
                0x20000210                _end = .
                0x20000210                __end = .
                0x20000210                PROVIDE (end, .)
                0x20000210                PROVIDE (__bss_end__, .)
                0x00006670                __cy_region_init_ram = LOADADDR (.data)
                0x000000c0                __cy_region_init_size_ram = (_edata - ADDR (.data))
                0x00000090                __cy_region_zero_size_ram = (_end - _edata)

.heap           0x20000210      0x200 load address 0x00006730
                0x20000210                . = _end
                0x20000410                . = (. + 0x200)
 *fill*         0x20000210      0x200 
                0x20000410                __cy_heap_limit = .

.stack          0x20000c00      0x400
                0x20000c00                __cy_stack_limit = .
                0x20001000                . = (. + 0x400)
 *fill*         0x20000c00      0x400 
                0x00000001                ASSERT ((__cy_stack_limit >= __cy_heap_limit), region RAM overflowed with stack)
                0x00000000                cy_checksum_exclude_size = (CY_APPL_LOADABLE == 0x1)?SIZEOF (.cy_checksum_exclude):0x0
                0x00000001                ASSERT ((cy_checksum_exclude_size <= CY_CHECKSUM_EXCLUDE_SIZE), CY_BOOT: Section .cy_checksum_exclude size exceedes specified limit.)
                0x00007fc0                cyloadermeta_start = (cy_project_type_bootloader || cy_project_type_app_for_stack_and_copier)?(LENGTH (rom) - CY_METADATA_SIZE):0xf0000000

.cyloadermeta
 *(.cyloadermeta)
                0x00007fc0                cyloadablemeta_start = cy_project_type_app_for_stack_and_copier?((LENGTH (rom) - CY_FLASH_ROW_SIZE) - CY_METADATA_SIZE):((LENGTH (rom) - (CY_FLASH_ROW_SIZE * (CY_APPL_NUM - 0x1))) - CY_METADATA_SIZE)

.cyloadablemeta
 *(.cyloadablemeta)

.cyflashprotect
                0x90400000       0x20
 *(.cyflashprotect)
 .cyflashprotect
                0x90400000       0x20 .\CortexM0\ARM_GCC_541\Debug\cymetadata.o
                0x90400000                cy_meta_flashprotect

.cymeta         0x90500000        0xc
 *(.cymeta)
 .cymeta        0x90500000        0xc .\CortexM0\ARM_GCC_541\Debug\cymetadata.o
                0x90500000                cy_metadata

.cychipprotect  0x90600000        0x1
 *(.cychipprotect)
 .cychipprotect
                0x90600000        0x1 .\CortexM0\ARM_GCC_541\Debug\cymetadata.o
                0x90600000                cy_meta_chipprotect

.rel.dyn        0x00006730        0x0 load address 0x90600004
 .rel.iplt      0x00006730        0x0 c:/program files (x86)/cypress/psoc creator/4.2/psoc creator/import/gnu/arm/5.4.1/bin/../lib/gcc/arm-none-eabi/5.4.1/armv6-m/crtbegin.o

.stab
 *(.stab)

.stabstr
 *(.stabstr)

.debug
 *(.debug)

.line
 *(.line)

.debug_srcinfo
 *(.debug_srcinfo)

.debug_sfnames
 *(.debug_sfnames)

.debug_aranges  0x00000000      0xae0
 *(.debug_aranges)
 .debug_aranges
                0x00000000       0x60 .\CortexM0\ARM_GCC_541\Debug\main.o
 .debug_aranges
                0x00000060       0x48 .\CortexM0\ARM_GCC_541\Debug\cyfitter_cfg.o
 .debug_aranges
                0x000000a8       0x18 .\CortexM0\ARM_GCC_541\Debug\cymetadata.o
 .debug_aranges
                0x000000c0       0x48 .\CortexM0\ARM_GCC_541\Debug\Cm0Start.o
 .debug_aranges
                0x00000108      0x180 .\CortexM0\ARM_GCC_541\Debug\Design01.a(CyLib.o)
 .debug_aranges
                0x00000288      0x138 .\CortexM0\ARM_GCC_541\Debug\Design01.a(CyLFClk.o)
 .debug_aranges
                0x000003c0       0x68 .\CortexM0\ARM_GCC_541\Debug\Design01.a(I2CM.o)
 .debug_aranges
                0x00000428       0x30 .\CortexM0\ARM_GCC_541\Debug\Design01.a(I2CM_I2C.o)
 .debug_aranges
                0x00000458       0x98 .\CortexM0\ARM_GCC_541\Debug\Design01.a(I2CM_I2C_MASTER.o)
 .debug_aranges
                0x000004f0       0x60 .\CortexM0\ARM_GCC_541\Debug\Design01.a(UART.o)
 .debug_aranges
                0x00000550       0x68 .\CortexM0\ARM_GCC_541\Debug\Design01.a(UART_UART.o)
 .debug_aranges
                0x000005b8      0x158 .\CortexM0\ARM_GCC_541\Debug\Design01.a(Timer.o)
 .debug_aranges
                0x00000710      0x158 .\CortexM0\ARM_GCC_541\Debug\Design01.a(TimerHumidityTemp.o)
 .debug_aranges
                0x00000868       0x48 .\CortexM0\ARM_GCC_541\Debug\Design01.a(I2CM_sda.o)
 .debug_aranges
                0x000008b0       0x48 .\CortexM0\ARM_GCC_541\Debug\Design01.a(I2CM_scl.o)
 .debug_aranges
                0x000008f8       0xa8 .\CortexM0\ARM_GCC_541\Debug\Design01.a(ADC_SAR_SEQ.o)
 .debug_aranges
                0x000009a0       0x20 .\CortexM0\ARM_GCC_541\Debug\Design01.a(ADC_SAR_SEQ_INT.o)
 .debug_aranges
                0x000009c0       0x80 .\CortexM0\ARM_GCC_541\Debug\Design01.a(ADC_SAR_SEQ_IRQ.o)
 .debug_aranges
                0x00000a40       0x20 .\CortexM0\ARM_GCC_541\Debug\Design01.a(CyBootAsmGnu.o)
 .debug_aranges
                0x00000a60       0x20 .\CortexM0\ARM_GCC_541\Debug\Design01.a(I2CM_I2C_INT.o)
 .debug_aranges
                0x00000a80       0x60 .\CortexM0\ARM_GCC_541\Debug\Design01.a(UART_SPI_UART.o)

.debug_pubnames
 *(.debug_pubnames)

.debug_info     0x00000000     0x5b9e
 *(.debug_info .gnu.linkonce.wi.*)
 .debug_info    0x00000000      0x5ab .\CortexM0\ARM_GCC_541\Debug\main.o
 .debug_info    0x000005ab      0x404 .\CortexM0\ARM_GCC_541\Debug\cyfitter_cfg.o
 .debug_info    0x000009af       0xf8 .\CortexM0\ARM_GCC_541\Debug\cymetadata.o
 .debug_info    0x00000aa7      0x3a2 .\CortexM0\ARM_GCC_541\Debug\Cm0Start.o
 .debug_info    0x00000e49      0xaec .\CortexM0\ARM_GCC_541\Debug\Design01.a(CyLib.o)
 .debug_info    0x00001935      0xcfe .\CortexM0\ARM_GCC_541\Debug\Design01.a(CyLFClk.o)
 .debug_info    0x00002633      0x2aa .\CortexM0\ARM_GCC_541\Debug\Design01.a(I2CM.o)
 .debug_info    0x000028dd      0x195 .\CortexM0\ARM_GCC_541\Debug\Design01.a(I2CM_I2C.o)
 .debug_info    0x00002a72      0x91d .\CortexM0\ARM_GCC_541\Debug\Design01.a(I2CM_I2C_MASTER.o)
 .debug_info    0x0000338f      0x24c .\CortexM0\ARM_GCC_541\Debug\Design01.a(UART.o)
 .debug_info    0x000035db      0x310 .\CortexM0\ARM_GCC_541\Debug\Design01.a(UART_UART.o)
 .debug_info    0x000038eb      0x8f6 .\CortexM0\ARM_GCC_541\Debug\Design01.a(Timer.o)
 .debug_info    0x000041e1      0x8f6 .\CortexM0\ARM_GCC_541\Debug\Design01.a(TimerHumidityTemp.o)
 .debug_info    0x00004ad7      0x19d .\CortexM0\ARM_GCC_541\Debug\Design01.a(I2CM_sda.o)
 .debug_info    0x00004c74      0x19b .\CortexM0\ARM_GCC_541\Debug\Design01.a(I2CM_scl.o)
 .debug_info    0x00004e0f      0x579 .\CortexM0\ARM_GCC_541\Debug\Design01.a(ADC_SAR_SEQ.o)
 .debug_info    0x00005388       0xcb .\CortexM0\ARM_GCC_541\Debug\Design01.a(ADC_SAR_SEQ_INT.o)
 .debug_info    0x00005453      0x305 .\CortexM0\ARM_GCC_541\Debug\Design01.a(ADC_SAR_SEQ_IRQ.o)
 .debug_info    0x00005758       0x7e .\CortexM0\ARM_GCC_541\Debug\Design01.a(CyBootAsmGnu.o)
 .debug_info    0x000057d6      0x1a8 .\CortexM0\ARM_GCC_541\Debug\Design01.a(I2CM_I2C_INT.o)
 .debug_info    0x0000597e      0x220 .\CortexM0\ARM_GCC_541\Debug\Design01.a(UART_SPI_UART.o)

.debug_abbrev   0x00000000     0x1899
 *(.debug_abbrev)
 .debug_abbrev  0x00000000      0x1a0 .\CortexM0\ARM_GCC_541\Debug\main.o
 .debug_abbrev  0x000001a0      0x1cf .\CortexM0\ARM_GCC_541\Debug\cyfitter_cfg.o
 .debug_abbrev  0x0000036f       0x5d .\CortexM0\ARM_GCC_541\Debug\cymetadata.o
 .debug_abbrev  0x000003cc      0x1d7 .\CortexM0\ARM_GCC_541\Debug\Cm0Start.o
 .debug_abbrev  0x000005a3      0x1e0 .\CortexM0\ARM_GCC_541\Debug\Design01.a(CyLib.o)
 .debug_abbrev  0x00000783      0x210 .\CortexM0\ARM_GCC_541\Debug\Design01.a(CyLFClk.o)
 .debug_abbrev  0x00000993      0x130 .\CortexM0\ARM_GCC_541\Debug\Design01.a(I2CM.o)
 .debug_abbrev  0x00000ac3       0xc7 .\CortexM0\ARM_GCC_541\Debug\Design01.a(I2CM_I2C.o)
 .debug_abbrev  0x00000b8a      0x1b3 .\CortexM0\ARM_GCC_541\Debug\Design01.a(I2CM_I2C_MASTER.o)
 .debug_abbrev  0x00000d3d       0xed .\CortexM0\ARM_GCC_541\Debug\Design01.a(UART.o)
 .debug_abbrev  0x00000e2a      0x123 .\CortexM0\ARM_GCC_541\Debug\Design01.a(UART_UART.o)
 .debug_abbrev  0x00000f4d      0x119 .\CortexM0\ARM_GCC_541\Debug\Design01.a(Timer.o)
 .debug_abbrev  0x00001066      0x119 .\CortexM0\ARM_GCC_541\Debug\Design01.a(TimerHumidityTemp.o)
 .debug_abbrev  0x0000117f       0xc8 .\CortexM0\ARM_GCC_541\Debug\Design01.a(I2CM_sda.o)
 .debug_abbrev  0x00001247       0xc8 .\CortexM0\ARM_GCC_541\Debug\Design01.a(I2CM_scl.o)
 .debug_abbrev  0x0000130f      0x184 .\CortexM0\ARM_GCC_541\Debug\Design01.a(ADC_SAR_SEQ.o)
 .debug_abbrev  0x00001493       0x65 .\CortexM0\ARM_GCC_541\Debug\Design01.a(ADC_SAR_SEQ_INT.o)
 .debug_abbrev  0x000014f8      0x19a .\CortexM0\ARM_GCC_541\Debug\Design01.a(ADC_SAR_SEQ_IRQ.o)
 .debug_abbrev  0x00001692       0x14 .\CortexM0\ARM_GCC_541\Debug\Design01.a(CyBootAsmGnu.o)
 .debug_abbrev  0x000016a6       0xa4 .\CortexM0\ARM_GCC_541\Debug\Design01.a(I2CM_I2C_INT.o)
 .debug_abbrev  0x0000174a      0x14f .\CortexM0\ARM_GCC_541\Debug\Design01.a(UART_SPI_UART.o)

.debug_line     0x00000000     0x2778
 *(.debug_line)
 .debug_line    0x00000000      0x222 .\CortexM0\ARM_GCC_541\Debug\main.o
 .debug_line    0x00000222      0x196 .\CortexM0\ARM_GCC_541\Debug\cyfitter_cfg.o
 .debug_line    0x000003b8      0x141 .\CortexM0\ARM_GCC_541\Debug\cymetadata.o
 .debug_line    0x000004f9      0x235 .\CortexM0\ARM_GCC_541\Debug\Cm0Start.o
 .debug_line    0x0000072e      0x460 .\CortexM0\ARM_GCC_541\Debug\Design01.a(CyLib.o)
 .debug_line    0x00000b8e      0x466 .\CortexM0\ARM_GCC_541\Debug\Design01.a(CyLFClk.o)
 .debug_line    0x00000ff4      0x145 .\CortexM0\ARM_GCC_541\Debug\Design01.a(I2CM.o)
 .debug_line    0x00001139       0xc5 .\CortexM0\ARM_GCC_541\Debug\Design01.a(I2CM_I2C.o)
 .debug_line    0x000011fe      0x33d .\CortexM0\ARM_GCC_541\Debug\Design01.a(I2CM_I2C_MASTER.o)
 .debug_line    0x0000153b      0x127 .\CortexM0\ARM_GCC_541\Debug\Design01.a(UART.o)
 .debug_line    0x00001662      0x16d .\CortexM0\ARM_GCC_541\Debug\Design01.a(UART_UART.o)
 .debug_line    0x000017cf      0x379 .\CortexM0\ARM_GCC_541\Debug\Design01.a(Timer.o)
 .debug_line    0x00001b48      0x385 .\CortexM0\ARM_GCC_541\Debug\Design01.a(TimerHumidityTemp.o)
 .debug_line    0x00001ecd       0xc0 .\CortexM0\ARM_GCC_541\Debug\Design01.a(I2CM_sda.o)
 .debug_line    0x00001f8d       0xbf .\CortexM0\ARM_GCC_541\Debug\Design01.a(I2CM_scl.o)
 .debug_line    0x0000204c      0x282 .\CortexM0\ARM_GCC_541\Debug\Design01.a(ADC_SAR_SEQ.o)
 .debug_line    0x000022ce       0x6a .\CortexM0\ARM_GCC_541\Debug\Design01.a(ADC_SAR_SEQ_INT.o)
 .debug_line    0x00002338      0x15b .\CortexM0\ARM_GCC_541\Debug\Design01.a(ADC_SAR_SEQ_IRQ.o)
 .debug_line    0x00002493       0x69 .\CortexM0\ARM_GCC_541\Debug\Design01.a(CyBootAsmGnu.o)
 .debug_line    0x000024fc      0x162 .\CortexM0\ARM_GCC_541\Debug\Design01.a(I2CM_I2C_INT.o)
 .debug_line    0x0000265e      0x11a .\CortexM0\ARM_GCC_541\Debug\Design01.a(UART_SPI_UART.o)

.debug_frame    0x00000000     0x27e0
 *(.debug_frame)
 .debug_frame   0x00000000      0x110 .\CortexM0\ARM_GCC_541\Debug\main.o
 .debug_frame   0x00000110       0xb8 .\CortexM0\ARM_GCC_541\Debug\cyfitter_cfg.o
 .debug_frame   0x000001c8       0xbc .\CortexM0\ARM_GCC_541\Debug\Cm0Start.o
 .debug_frame   0x00000284      0x3e0 .\CortexM0\ARM_GCC_541\Debug\Design01.a(CyLib.o)
 .debug_frame   0x00000664      0x3a8 .\CortexM0\ARM_GCC_541\Debug\Design01.a(CyLFClk.o)
 .debug_frame   0x00000a0c       0xf8 .\CortexM0\ARM_GCC_541\Debug\Design01.a(I2CM.o)
 .debug_frame   0x00000b04       0x58 .\CortexM0\ARM_GCC_541\Debug\Design01.a(I2CM_I2C.o)
 .debug_frame   0x00000b5c      0x1e8 .\CortexM0\ARM_GCC_541\Debug\Design01.a(I2CM_I2C_MASTER.o)
 .debug_frame   0x00000d44       0xe8 .\CortexM0\ARM_GCC_541\Debug\Design01.a(UART.o)
 .debug_frame   0x00000e2c       0xf4 .\CortexM0\ARM_GCC_541\Debug\Design01.a(UART_UART.o)
 .debug_frame   0x00000f20      0x3a0 .\CortexM0\ARM_GCC_541\Debug\Design01.a(Timer.o)
 .debug_frame   0x000012c0      0x3a0 .\CortexM0\ARM_GCC_541\Debug\Design01.a(TimerHumidityTemp.o)
 .debug_frame   0x00001660       0x70 .\CortexM0\ARM_GCC_541\Debug\Design01.a(I2CM_sda.o)
 .debug_frame   0x000016d0       0x70 .\CortexM0\ARM_GCC_541\Debug\Design01.a(I2CM_scl.o)
 .debug_frame   0x00001740      0x1b0 .\CortexM0\ARM_GCC_541\Debug\Design01.a(ADC_SAR_SEQ.o)
 .debug_frame   0x000018f0       0x20 .\CortexM0\ARM_GCC_541\Debug\Design01.a(ADC_SAR_SEQ_INT.o)
 .debug_frame   0x00001910      0x110 .\CortexM0\ARM_GCC_541\Debug\Design01.a(ADC_SAR_SEQ_IRQ.o)
 .debug_frame   0x00001a20       0x2c .\CortexM0\ARM_GCC_541\Debug\Design01.a(I2CM_I2C_INT.o)
 .debug_frame   0x00001a4c       0xb0 .\CortexM0\ARM_GCC_541\Debug\Design01.a(UART_SPI_UART.o)
 .debug_frame   0x00001afc       0x20 c:/program files (x86)/cypress/psoc creator/4.2/psoc creator/import/gnu/arm/5.4.1/bin/../lib/gcc/arm-none-eabi/5.4.1/armv6-m\libgcc.a(_udivsi3.o)
 .debug_frame   0x00001b1c       0x20 c:/program files (x86)/cypress/psoc creator/4.2/psoc creator/import/gnu/arm/5.4.1/bin/../lib/gcc/arm-none-eabi/5.4.1/armv6-m\libgcc.a(_divsi3.o)
 .debug_frame   0x00001b3c       0x34 c:/program files (x86)/cypress/psoc creator/4.2/psoc creator/import/gnu/arm/5.4.1/bin/../lib/gcc/arm-none-eabi/5.4.1/armv6-m\libgcc.a(_muldi3.o)
 .debug_frame   0x00001b70       0x28 c:/program files (x86)/cypress/psoc creator/4.2/psoc creator/import/gnu/arm/5.4.1/bin/../lib/gcc/arm-none-eabi/5.4.1/armv6-m\libgcc.a(_fixunssfsi.o)
 .debug_frame   0x00001b98       0x30 c:/program files (x86)/cypress/psoc creator/4.2/psoc creator/import/gnu/arm/5.4.1/bin/../lib/gcc/arm-none-eabi/5.4.1/armv6-m\libgcc.a(bpabi.o)
 .debug_frame   0x00001bc8       0x3c c:/program files (x86)/cypress/psoc creator/4.2/psoc creator/import/gnu/arm/5.4.1/bin/../lib/gcc/arm-none-eabi/5.4.1/armv6-m\libgcc.a(divsf3.o)
 .debug_frame   0x00001c04       0x38 c:/program files (x86)/cypress/psoc creator/4.2/psoc creator/import/gnu/arm/5.4.1/bin/../lib/gcc/arm-none-eabi/5.4.1/armv6-m\libgcc.a(mulsf3.o)
 .debug_frame   0x00001c3c       0x30 c:/program files (x86)/cypress/psoc creator/4.2/psoc creator/import/gnu/arm/5.4.1/bin/../lib/gcc/arm-none-eabi/5.4.1/armv6-m\libgcc.a(subsf3.o)
 .debug_frame   0x00001c6c       0x20 c:/program files (x86)/cypress/psoc creator/4.2/psoc creator/import/gnu/arm/5.4.1/bin/../lib/gcc/arm-none-eabi/5.4.1/armv6-m\libgcc.a(fixsfsi.o)
 .debug_frame   0x00001c8c       0x2c c:/program files (x86)/cypress/psoc creator/4.2/psoc creator/import/gnu/arm/5.4.1/bin/../lib/gcc/arm-none-eabi/5.4.1/armv6-m\libgcc.a(floatsisf.o)
 .debug_frame   0x00001cb8       0x2c c:/program files (x86)/cypress/psoc creator/4.2/psoc creator/import/gnu/arm/5.4.1/bin/../lib/gcc/arm-none-eabi/5.4.1/armv6-m\libgcc.a(floatunsisf.o)
 .debug_frame   0x00001ce4       0x3c c:/program files (x86)/cypress/psoc creator/4.2/psoc creator/import/gnu/arm/5.4.1/bin/../lib/gcc/arm-none-eabi/5.4.1/armv6-m\libgcc.a(muldf3.o)
 .debug_frame   0x00001d20       0x38 c:/program files (x86)/cypress/psoc creator/4.2/psoc creator/import/gnu/arm/5.4.1/bin/../lib/gcc/arm-none-eabi/5.4.1/armv6-m\libgcc.a(subdf3.o)
 .debug_frame   0x00001d58       0x2c c:/program files (x86)/cypress/psoc creator/4.2/psoc creator/import/gnu/arm/5.4.1/bin/../lib/gcc/arm-none-eabi/5.4.1/armv6-m\libgcc.a(extendsfdf2.o)
 .debug_frame   0x00001d84       0x2c c:/program files (x86)/cypress/psoc creator/4.2/psoc creator/import/gnu/arm/5.4.1/bin/../lib/gcc/arm-none-eabi/5.4.1/armv6-m\libgcc.a(truncdfsf2.o)
 .debug_frame   0x00001db0       0x3c c:/program files (x86)/cypress/psoc creator/4.2/psoc creator/import/gnu/arm/5.4.1/bin/../lib/gcc/arm-none-eabi/5.4.1/armv6-m\libgcc.a(_divdi3.o)
 .debug_frame   0x00001dec       0x2c c:/program files (x86)/cypress/psoc creator/4.2/psoc creator/import/gnu/arm/5.4.1/bin/../lib/gcc/arm-none-eabi/5.4.1/armv6-m\libgcc.a(eqsf2.o)
 .debug_frame   0x00001e18       0x30 c:/program files (x86)/cypress/psoc creator/4.2/psoc creator/import/gnu/arm/5.4.1/bin/../lib/gcc/arm-none-eabi/5.4.1/armv6-m\libgcc.a(gesf2.o)
 .debug_frame   0x00001e48       0x30 c:/program files (x86)/cypress/psoc creator/4.2/psoc creator/import/gnu/arm/5.4.1/bin/../lib/gcc/arm-none-eabi/5.4.1/armv6-m\libgcc.a(lesf2.o)
 .debug_frame   0x00001e78       0x20 c:/program files (x86)/cypress/psoc creator/4.2/psoc creator/import/gnu/arm/5.4.1/bin/../lib/gcc/arm-none-eabi/5.4.1/../../../../arm-none-eabi/lib/armv6-m\libg_nano.a(lib_a-errno.o)
 .debug_frame   0x00001e98       0x28 c:/program files (x86)/cypress/psoc creator/4.2/psoc creator/import/gnu/arm/5.4.1/bin/../lib/gcc/arm-none-eabi/5.4.1/../../../../arm-none-eabi/lib/armv6-m\libg_nano.a(lib_a-exit.o)
 .debug_frame   0x00001ec0       0x2c c:/program files (x86)/cypress/psoc creator/4.2/psoc creator/import/gnu/arm/5.4.1/bin/../lib/gcc/arm-none-eabi/5.4.1/../../../../arm-none-eabi/lib/armv6-m\libg_nano.a(lib_a-init.o)
 .debug_frame   0x00001eec       0x20 c:/program files (x86)/cypress/psoc creator/4.2/psoc creator/import/gnu/arm/5.4.1/bin/../lib/gcc/arm-none-eabi/5.4.1/../../../../arm-none-eabi/lib/armv6-m\libg_nano.a(lib_a-memset.o)
 .debug_frame   0x00001f0c       0x74 c:/program files (x86)/cypress/psoc creator/4.2/psoc creator/import/gnu/arm/5.4.1/bin/../lib/gcc/arm-none-eabi/5.4.1/../../../../arm-none-eabi/lib/armv6-m\libg_nano.a(lib_a-nano-vfprintf_float.o)
 .debug_frame   0x00001f80       0x54 c:/program files (x86)/cypress/psoc creator/4.2/psoc creator/import/gnu/arm/5.4.1/bin/../lib/gcc/arm-none-eabi/5.4.1/../../../../arm-none-eabi/lib/armv6-m\libg_nano.a(lib_a-nano-vfprintf_i.o)
 .debug_frame   0x00001fd4       0x50 c:/program files (x86)/cypress/psoc creator/4.2/psoc creator/import/gnu/arm/5.4.1/bin/../lib/gcc/arm-none-eabi/5.4.1/../../../../arm-none-eabi/lib/armv6-m\libg_nano.a(lib_a-sprintf.o)
 .debug_frame   0x00002024       0x54 c:/program files (x86)/cypress/psoc creator/4.2/psoc creator/import/gnu/arm/5.4.1/bin/../lib/gcc/arm-none-eabi/5.4.1/../../../../arm-none-eabi/lib/armv6-m\libg_nano.a(lib_a-dtoa.o)
 .debug_frame   0x00002078       0xa4 c:/program files (x86)/cypress/psoc creator/4.2/psoc creator/import/gnu/arm/5.4.1/bin/../lib/gcc/arm-none-eabi/5.4.1/../../../../arm-none-eabi/lib/armv6-m\libg_nano.a(lib_a-locale.o)
 .debug_frame   0x0000211c       0x40 c:/program files (x86)/cypress/psoc creator/4.2/psoc creator/import/gnu/arm/5.4.1/bin/../lib/gcc/arm-none-eabi/5.4.1/../../../../arm-none-eabi/lib/armv6-m\libg_nano.a(lib_a-malloc.o)
 .debug_frame   0x0000215c       0x20 c:/program files (x86)/cypress/psoc creator/4.2/psoc creator/import/gnu/arm/5.4.1/bin/../lib/gcc/arm-none-eabi/5.4.1/../../../../arm-none-eabi/lib/armv6-m\libg_nano.a(lib_a-memchr-stub.o)
 .debug_frame   0x0000217c       0x28 c:/program files (x86)/cypress/psoc creator/4.2/psoc creator/import/gnu/arm/5.4.1/bin/../lib/gcc/arm-none-eabi/5.4.1/../../../../arm-none-eabi/lib/armv6-m\libg_nano.a(lib_a-memcpy-stub.o)
 .debug_frame   0x000021a4      0x238 c:/program files (x86)/cypress/psoc creator/4.2/psoc creator/import/gnu/arm/5.4.1/bin/../lib/gcc/arm-none-eabi/5.4.1/../../../../arm-none-eabi/lib/armv6-m\libg_nano.a(lib_a-mprec.o)
 .debug_frame   0x000023dc       0x2c c:/program files (x86)/cypress/psoc creator/4.2/psoc creator/import/gnu/arm/5.4.1/bin/../lib/gcc/arm-none-eabi/5.4.1/../../../../arm-none-eabi/lib/armv6-m\libg_nano.a(lib_a-nano-callocr.o)
 .debug_frame   0x00002408       0x2c c:/program files (x86)/cypress/psoc creator/4.2/psoc creator/import/gnu/arm/5.4.1/bin/../lib/gcc/arm-none-eabi/5.4.1/../../../../arm-none-eabi/lib/armv6-m\libg_nano.a(lib_a-nano-freer.o)
 .debug_frame   0x00002434       0x2c c:/program files (x86)/cypress/psoc creator/4.2/psoc creator/import/gnu/arm/5.4.1/bin/../lib/gcc/arm-none-eabi/5.4.1/../../../../arm-none-eabi/lib/armv6-m\libg_nano.a(lib_a-nano-mallocr.o)
 .debug_frame   0x00002460       0x74 c:/program files (x86)/cypress/psoc creator/4.2/psoc creator/import/gnu/arm/5.4.1/bin/../lib/gcc/arm-none-eabi/5.4.1/../../../../arm-none-eabi/lib/armv6-m\libg_nano.a(lib_a-nano-svfprintf.o)
 .debug_frame   0x000024d4       0x2c c:/program files (x86)/cypress/psoc creator/4.2/psoc creator/import/gnu/arm/5.4.1/bin/../lib/gcc/arm-none-eabi/5.4.1/../../../../arm-none-eabi/lib/armv6-m\libg_nano.a(lib_a-sbrkr.o)
 .debug_frame   0x00002500       0x20 c:/program files (x86)/cypress/psoc creator/4.2/psoc creator/import/gnu/arm/5.4.1/bin/../lib/gcc/arm-none-eabi/5.4.1/../../../../arm-none-eabi/lib/armv6-m\libg_nano.a(lib_a-strcmp.o)
 .debug_frame   0x00002520       0x28 c:/program files (x86)/cypress/psoc creator/4.2/psoc creator/import/gnu/arm/5.4.1/bin/../lib/gcc/arm-none-eabi/5.4.1/../../../../arm-none-eabi/lib/armv6-m\libg_nano.a(lib_a-memmove.o)
 .debug_frame   0x00002548       0x30 c:/program files (x86)/cypress/psoc creator/4.2/psoc creator/import/gnu/arm/5.4.1/bin/../lib/gcc/arm-none-eabi/5.4.1/../../../../arm-none-eabi/lib/armv6-m\libg_nano.a(lib_a-mlock.o)
 .debug_frame   0x00002578       0x30 c:/program files (x86)/cypress/psoc creator/4.2/psoc creator/import/gnu/arm/5.4.1/bin/../lib/gcc/arm-none-eabi/5.4.1/../../../../arm-none-eabi/lib/armv6-m\libg_nano.a(lib_a-nano-reallocr.o)
 .debug_frame   0x000025a8       0x48 c:/program files (x86)/cypress/psoc creator/4.2/psoc creator/import/gnu/arm/5.4.1/bin/../lib/gcc/arm-none-eabi/5.4.1/../../../../arm-none-eabi/lib/armv6-m\libg_nano.a(lib_a-reent.o)
 .debug_frame   0x000025f0       0x20 c:/program files (x86)/cypress/psoc creator/4.2/psoc creator/import/gnu/arm/5.4.1/bin/../lib/gcc/arm-none-eabi/5.4.1/../../../../arm-none-eabi/lib/armv6-m\libg_nano.a(lib_a-nano-msizer.o)
 .debug_frame   0x00002610       0x3c c:/program files (x86)/cypress/psoc creator/4.2/psoc creator/import/gnu/arm/5.4.1/bin/../lib/gcc/arm-none-eabi/5.4.1/armv6-m\libgcc.a(adddf3.o)
 .debug_frame   0x0000264c       0x3c c:/program files (x86)/cypress/psoc creator/4.2/psoc creator/import/gnu/arm/5.4.1/bin/../lib/gcc/arm-none-eabi/5.4.1/armv6-m\libgcc.a(divdf3.o)
 .debug_frame   0x00002688       0x38 c:/program files (x86)/cypress/psoc creator/4.2/psoc creator/import/gnu/arm/5.4.1/bin/../lib/gcc/arm-none-eabi/5.4.1/armv6-m\libgcc.a(eqdf2.o)
 .debug_frame   0x000026c0       0x38 c:/program files (x86)/cypress/psoc creator/4.2/psoc creator/import/gnu/arm/5.4.1/bin/../lib/gcc/arm-none-eabi/5.4.1/armv6-m\libgcc.a(gedf2.o)
 .debug_frame   0x000026f8       0x38 c:/program files (x86)/cypress/psoc creator/4.2/psoc creator/import/gnu/arm/5.4.1/bin/../lib/gcc/arm-none-eabi/5.4.1/armv6-m\libgcc.a(ledf2.o)
 .debug_frame   0x00002730       0x2c c:/program files (x86)/cypress/psoc creator/4.2/psoc creator/import/gnu/arm/5.4.1/bin/../lib/gcc/arm-none-eabi/5.4.1/armv6-m\libgcc.a(unorddf2.o)
 .debug_frame   0x0000275c       0x2c c:/program files (x86)/cypress/psoc creator/4.2/psoc creator/import/gnu/arm/5.4.1/bin/../lib/gcc/arm-none-eabi/5.4.1/armv6-m\libgcc.a(fixdfsi.o)
 .debug_frame   0x00002788       0x2c c:/program files (x86)/cypress/psoc creator/4.2/psoc creator/import/gnu/arm/5.4.1/bin/../lib/gcc/arm-none-eabi/5.4.1/armv6-m\libgcc.a(floatsidf.o)
 .debug_frame   0x000027b4       0x2c c:/program files (x86)/cypress/psoc creator/4.2/psoc creator/import/gnu/arm/5.4.1/bin/../lib/gcc/arm-none-eabi/5.4.1/armv6-m\libgcc.a(floatunsidf.o)

.debug_str      0x00000000     0x258f
 *(.debug_str)
 .debug_str     0x00000000      0x391 .\CortexM0\ARM_GCC_541\Debug\main.o
                                0x3de (size before relaxing)
 .debug_str     0x00000391      0x138 .\CortexM0\ARM_GCC_541\Debug\cyfitter_cfg.o
                                0x2eb (size before relaxing)
 .debug_str     0x000004c9       0x63 .\CortexM0\ARM_GCC_541\Debug\cymetadata.o
                                0x1b6 (size before relaxing)
 .debug_str     0x0000052c      0x13a .\CortexM0\ARM_GCC_541\Debug\Cm0Start.o
                                0x2ef (size before relaxing)
 .debug_str     0x00000666      0x4b9 .\CortexM0\ARM_GCC_541\Debug\Design01.a(CyLib.o)
                                0x6a4 (size before relaxing)
 .debug_str     0x00000b1f      0x521 .\CortexM0\ARM_GCC_541\Debug\Design01.a(CyLFClk.o)
                                0x72b (size before relaxing)
 .debug_str     0x00001040      0x124 .\CortexM0\ARM_GCC_541\Debug\Design01.a(I2CM.o)
                                0x2d6 (size before relaxing)
 .debug_str     0x00001164       0x7a .\CortexM0\ARM_GCC_541\Debug\Design01.a(I2CM_I2C.o)
                                0x244 (size before relaxing)
 .debug_str     0x000011de      0x275 .\CortexM0\ARM_GCC_541\Debug\Design01.a(I2CM_I2C_MASTER.o)
                                0x4f9 (size before relaxing)
 .debug_str     0x00001453       0xf7 .\CortexM0\ARM_GCC_541\Debug\Design01.a(UART.o)
                                0x2a1 (size before relaxing)
 .debug_str     0x0000154a      0x152 .\CortexM0\ARM_GCC_541\Debug\Design01.a(UART_UART.o)
                                0x32a (size before relaxing)
 .debug_str     0x0000169c      0x3da .\CortexM0\ARM_GCC_541\Debug\Design01.a(Timer.o)
                                0x59f (size before relaxing)
 .debug_str     0x00001a76      0x4fe .\CortexM0\ARM_GCC_541\Debug\Design01.a(TimerHumidityTemp.o)
                                0x797 (size before relaxing)
 .debug_str     0x00001f74       0xb2 .\CortexM0\ARM_GCC_541\Debug\Design01.a(I2CM_sda.o)
                                0x239 (size before relaxing)
 .debug_str     0x00002026       0x7f .\CortexM0\ARM_GCC_541\Debug\Design01.a(I2CM_scl.o)
                                0x239 (size before relaxing)
 .debug_str     0x000020a5      0x21c .\CortexM0\ARM_GCC_541\Debug\Design01.a(ADC_SAR_SEQ.o)
                                0x46a (size before relaxing)
 .debug_str     0x000022c1       0x39 .\CortexM0\ARM_GCC_541\Debug\Design01.a(ADC_SAR_SEQ_INT.o)
                                0x1bb (size before relaxing)
 .debug_str     0x000022fa      0x169 .\CortexM0\ARM_GCC_541\Debug\Design01.a(ADC_SAR_SEQ_IRQ.o)
                                0x364 (size before relaxing)
 .debug_str     0x00002463       0x49 .\CortexM0\ARM_GCC_541\Debug\Design01.a(I2CM_I2C_INT.o)
                                0x2ba (size before relaxing)
 .debug_str     0x000024ac       0xe3 .\CortexM0\ARM_GCC_541\Debug\Design01.a(UART_SPI_UART.o)
                                0x2bc (size before relaxing)

.debug_loc      0x00000000     0x3252
 *(.debug_loc)
 .debug_loc     0x00000000      0x18e .\CortexM0\ARM_GCC_541\Debug\main.o
 .debug_loc     0x0000018e      0x136 .\CortexM0\ARM_GCC_541\Debug\cyfitter_cfg.o
 .debug_loc     0x000002c4      0x14f .\CortexM0\ARM_GCC_541\Debug\Cm0Start.o
 .debug_loc     0x00000413      0x599 .\CortexM0\ARM_GCC_541\Debug\Design01.a(CyLib.o)
 .debug_loc     0x000009ac      0x9b5 .\CortexM0\ARM_GCC_541\Debug\Design01.a(CyLFClk.o)
 .debug_loc     0x00001361       0x7e .\CortexM0\ARM_GCC_541\Debug\Design01.a(I2CM.o)
 .debug_loc     0x000013df      0xa90 .\CortexM0\ARM_GCC_541\Debug\Design01.a(I2CM_I2C_MASTER.o)
 .debug_loc     0x00001e6f       0x7e .\CortexM0\ARM_GCC_541\Debug\Design01.a(UART.o)
 .debug_loc     0x00001eed      0x1e4 .\CortexM0\ARM_GCC_541\Debug\Design01.a(UART_UART.o)
 .debug_loc     0x000020d1      0x547 .\CortexM0\ARM_GCC_541\Debug\Design01.a(Timer.o)
 .debug_loc     0x00002618      0x547 .\CortexM0\ARM_GCC_541\Debug\Design01.a(TimerHumidityTemp.o)
 .debug_loc     0x00002b5f       0xa2 .\CortexM0\ARM_GCC_541\Debug\Design01.a(I2CM_sda.o)
 .debug_loc     0x00002c01       0x81 .\CortexM0\ARM_GCC_541\Debug\Design01.a(I2CM_scl.o)
 .debug_loc     0x00002c82      0x3ac .\CortexM0\ARM_GCC_541\Debug\Design01.a(ADC_SAR_SEQ.o)
 .debug_loc     0x0000302e       0x82 .\CortexM0\ARM_GCC_541\Debug\Design01.a(ADC_SAR_SEQ_IRQ.o)
 .debug_loc     0x000030b0      0x10c .\CortexM0\ARM_GCC_541\Debug\Design01.a(I2CM_I2C_INT.o)
 .debug_loc     0x000031bc       0x96 .\CortexM0\ARM_GCC_541\Debug\Design01.a(UART_SPI_UART.o)

.debug_macinfo
 *(.debug_macinfo)

.debug_ranges   0x00000000      0x978
 *(.debug_ranges)
 .debug_ranges  0x00000000       0x50 .\CortexM0\ARM_GCC_541\Debug\main.o
 .debug_ranges  0x00000050       0x38 .\CortexM0\ARM_GCC_541\Debug\cyfitter_cfg.o
 .debug_ranges  0x00000088       0x38 .\CortexM0\ARM_GCC_541\Debug\Cm0Start.o
 .debug_ranges  0x000000c0      0x170 .\CortexM0\ARM_GCC_541\Debug\Design01.a(CyLib.o)
 .debug_ranges  0x00000230      0x128 .\CortexM0\ARM_GCC_541\Debug\Design01.a(CyLFClk.o)
 .debug_ranges  0x00000358       0x58 .\CortexM0\ARM_GCC_541\Debug\Design01.a(I2CM.o)
 .debug_ranges  0x000003b0       0x20 .\CortexM0\ARM_GCC_541\Debug\Design01.a(I2CM_I2C.o)
 .debug_ranges  0x000003d0       0x88 .\CortexM0\ARM_GCC_541\Debug\Design01.a(I2CM_I2C_MASTER.o)
 .debug_ranges  0x00000458       0x50 .\CortexM0\ARM_GCC_541\Debug\Design01.a(UART.o)
 .debug_ranges  0x000004a8       0x58 .\CortexM0\ARM_GCC_541\Debug\Design01.a(UART_UART.o)
 .debug_ranges  0x00000500      0x148 .\CortexM0\ARM_GCC_541\Debug\Design01.a(Timer.o)
 .debug_ranges  0x00000648      0x148 .\CortexM0\ARM_GCC_541\Debug\Design01.a(TimerHumidityTemp.o)
 .debug_ranges  0x00000790       0x38 .\CortexM0\ARM_GCC_541\Debug\Design01.a(I2CM_sda.o)
 .debug_ranges  0x000007c8       0x38 .\CortexM0\ARM_GCC_541\Debug\Design01.a(I2CM_scl.o)
 .debug_ranges  0x00000800       0x98 .\CortexM0\ARM_GCC_541\Debug\Design01.a(ADC_SAR_SEQ.o)
 .debug_ranges  0x00000898       0x10 .\CortexM0\ARM_GCC_541\Debug\Design01.a(ADC_SAR_SEQ_INT.o)
 .debug_ranges  0x000008a8       0x70 .\CortexM0\ARM_GCC_541\Debug\Design01.a(ADC_SAR_SEQ_IRQ.o)
 .debug_ranges  0x00000918       0x10 .\CortexM0\ARM_GCC_541\Debug\Design01.a(I2CM_I2C_INT.o)
 .debug_ranges  0x00000928       0x50 .\CortexM0\ARM_GCC_541\Debug\Design01.a(UART_SPI_UART.o)

.comment        0x00000000       0x6e
 .comment       0x00000000       0x6e .\CortexM0\ARM_GCC_541\Debug\main.o
                                 0x6f (size before relaxing)
 .comment       0x0000006e       0x6f .\CortexM0\ARM_GCC_541\Debug\cyfitter_cfg.o
 .comment       0x0000006e       0x6f .\CortexM0\ARM_GCC_541\Debug\cymetadata.o
 .comment       0x0000006e       0x6f .\CortexM0\ARM_GCC_541\Debug\Cm0Start.o
 .comment       0x0000006e       0x6f .\CortexM0\ARM_GCC_541\Debug\Design01.a(CyLib.o)
 .comment       0x0000006e       0x6f .\CortexM0\ARM_GCC_541\Debug\Design01.a(CyLFClk.o)
 .comment       0x0000006e       0x6f .\CortexM0\ARM_GCC_541\Debug\Design01.a(I2CM.o)
 .comment       0x0000006e       0x6f .\CortexM0\ARM_GCC_541\Debug\Design01.a(I2CM_I2C.o)
 .comment       0x0000006e       0x6f .\CortexM0\ARM_GCC_541\Debug\Design01.a(I2CM_I2C_MASTER.o)
 .comment       0x0000006e       0x6f .\CortexM0\ARM_GCC_541\Debug\Design01.a(UART.o)
 .comment       0x0000006e       0x6f .\CortexM0\ARM_GCC_541\Debug\Design01.a(UART_UART.o)
 .comment       0x0000006e       0x6f .\CortexM0\ARM_GCC_541\Debug\Design01.a(Timer.o)
 .comment       0x0000006e       0x6f .\CortexM0\ARM_GCC_541\Debug\Design01.a(TimerHumidityTemp.o)
 .comment       0x0000006e       0x6f .\CortexM0\ARM_GCC_541\Debug\Design01.a(I2CM_sda.o)
 .comment       0x0000006e       0x6f .\CortexM0\ARM_GCC_541\Debug\Design01.a(I2CM_scl.o)
 .comment       0x0000006e       0x6f .\CortexM0\ARM_GCC_541\Debug\Design01.a(ADC_SAR_SEQ.o)
 .comment       0x0000006e       0x6f .\CortexM0\ARM_GCC_541\Debug\Design01.a(ADC_SAR_SEQ_INT.o)
 .comment       0x0000006e       0x6f .\CortexM0\ARM_GCC_541\Debug\Design01.a(ADC_SAR_SEQ_IRQ.o)
 .comment       0x0000006e       0x6f .\CortexM0\ARM_GCC_541\Debug\Design01.a(I2CM_I2C_INT.o)
 .comment       0x0000006e       0x6f .\CortexM0\ARM_GCC_541\Debug\Design01.a(UART_SPI_UART.o)

.debug_weaknames
 *(.debug_weaknames)

.debug_funcnames
 *(.debug_funcnames)

.debug_typenames
 *(.debug_typenames)

.debug_varnames
 *(.debug_varnames)

.note.gnu.arm.ident
 *(.note.gnu.arm.ident)

.ARM.attributes
                0x00000000       0x28
 *(.ARM.attributes)
 .ARM.attributes
                0x00000000       0x1e c:/program files (x86)/cypress/psoc creator/4.2/psoc creator/import/gnu/arm/5.4.1/bin/../lib/gcc/arm-none-eabi/5.4.1/armv6-m/crti.o
 .ARM.attributes
                0x0000001e       0x2c c:/program files (x86)/cypress/psoc creator/4.2/psoc creator/import/gnu/arm/5.4.1/bin/../lib/gcc/arm-none-eabi/5.4.1/armv6-m/crtbegin.o
 .ARM.attributes
                0x0000004a       0x1b c:/program files (x86)/cypress/psoc creator/4.2/psoc creator/import/gnu/arm/5.4.1/bin/../lib/gcc/arm-none-eabi/5.4.1/../../../../arm-none-eabi/lib/armv6-m/crt0.o
 .ARM.attributes
                0x00000065       0x31 .\CortexM0\ARM_GCC_541\Debug\main.o
 .ARM.attributes
                0x00000096       0x31 .\CortexM0\ARM_GCC_541\Debug\cyfitter_cfg.o
 .ARM.attributes
                0x000000c7       0x31 .\CortexM0\ARM_GCC_541\Debug\cymetadata.o
 .ARM.attributes
                0x000000f8       0x31 .\CortexM0\ARM_GCC_541\Debug\Cm0Start.o
 .ARM.attributes
                0x00000129       0x31 .\CortexM0\ARM_GCC_541\Debug\Design01.a(CyLib.o)
 .ARM.attributes
                0x0000015a       0x31 .\CortexM0\ARM_GCC_541\Debug\Design01.a(CyLFClk.o)
 .ARM.attributes
                0x0000018b       0x31 .\CortexM0\ARM_GCC_541\Debug\Design01.a(I2CM.o)
 .ARM.attributes
                0x000001bc       0x31 .\CortexM0\ARM_GCC_541\Debug\Design01.a(I2CM_I2C.o)
 .ARM.attributes
                0x000001ed       0x31 .\CortexM0\ARM_GCC_541\Debug\Design01.a(I2CM_I2C_MASTER.o)
 .ARM.attributes
                0x0000021e       0x31 .\CortexM0\ARM_GCC_541\Debug\Design01.a(UART.o)
 .ARM.attributes
                0x0000024f       0x31 .\CortexM0\ARM_GCC_541\Debug\Design01.a(UART_UART.o)
 .ARM.attributes
                0x00000280       0x31 .\CortexM0\ARM_GCC_541\Debug\Design01.a(Timer.o)
 .ARM.attributes
                0x000002b1       0x31 .\CortexM0\ARM_GCC_541\Debug\Design01.a(TimerHumidityTemp.o)
 .ARM.attributes
                0x000002e2       0x31 .\CortexM0\ARM_GCC_541\Debug\Design01.a(I2CM_sda.o)
 .ARM.attributes
                0x00000313       0x31 .\CortexM0\ARM_GCC_541\Debug\Design01.a(I2CM_scl.o)
 .ARM.attributes
                0x00000344       0x31 .\CortexM0\ARM_GCC_541\Debug\Design01.a(ADC_SAR_SEQ.o)
 .ARM.attributes
                0x00000375       0x31 .\CortexM0\ARM_GCC_541\Debug\Design01.a(ADC_SAR_SEQ_INT.o)
 .ARM.attributes
                0x000003a6       0x31 .\CortexM0\ARM_GCC_541\Debug\Design01.a(ADC_SAR_SEQ_IRQ.o)
 .ARM.attributes
                0x000003d7       0x21 .\CortexM0\ARM_GCC_541\Debug\Design01.a(CyBootAsmGnu.o)
 .ARM.attributes
                0x000003f8       0x31 .\CortexM0\ARM_GCC_541\Debug\Design01.a(I2CM_I2C_INT.o)
 .ARM.attributes
                0x00000429       0x31 .\CortexM0\ARM_GCC_541\Debug\Design01.a(UART_SPI_UART.o)
 .ARM.attributes
                0x0000045a       0x1e c:/program files (x86)/cypress/psoc creator/4.2/psoc creator/import/gnu/arm/5.4.1/bin/../lib/gcc/arm-none-eabi/5.4.1/armv6-m\libgcc.a(_udivsi3.o)
 .ARM.attributes
                0x00000478       0x1e c:/program files (x86)/cypress/psoc creator/4.2/psoc creator/import/gnu/arm/5.4.1/bin/../lib/gcc/arm-none-eabi/5.4.1/armv6-m\libgcc.a(_divsi3.o)
 .ARM.attributes
                0x00000496       0x1e c:/program files (x86)/cypress/psoc creator/4.2/psoc creator/import/gnu/arm/5.4.1/bin/../lib/gcc/arm-none-eabi/5.4.1/armv6-m\libgcc.a(_dvmd_tls.o)
 .ARM.attributes
                0x000004b4       0x1e c:/program files (x86)/cypress/psoc creator/4.2/psoc creator/import/gnu/arm/5.4.1/bin/../lib/gcc/arm-none-eabi/5.4.1/armv6-m\libgcc.a(_aeabi_ldivmod.o)
 .ARM.attributes
                0x000004d2       0x2c c:/program files (x86)/cypress/psoc creator/4.2/psoc creator/import/gnu/arm/5.4.1/bin/../lib/gcc/arm-none-eabi/5.4.1/armv6-m\libgcc.a(_muldi3.o)
 .ARM.attributes
                0x000004fe       0x2c c:/program files (x86)/cypress/psoc creator/4.2/psoc creator/import/gnu/arm/5.4.1/bin/../lib/gcc/arm-none-eabi/5.4.1/armv6-m\libgcc.a(_fixunssfsi.o)
 .ARM.attributes
                0x0000052a       0x2c c:/program files (x86)/cypress/psoc creator/4.2/psoc creator/import/gnu/arm/5.4.1/bin/../lib/gcc/arm-none-eabi/5.4.1/armv6-m\libgcc.a(bpabi.o)
 .ARM.attributes
                0x00000556       0x2c c:/program files (x86)/cypress/psoc creator/4.2/psoc creator/import/gnu/arm/5.4.1/bin/../lib/gcc/arm-none-eabi/5.4.1/armv6-m\libgcc.a(divsf3.o)
 .ARM.attributes
                0x00000582       0x2c c:/program files (x86)/cypress/psoc creator/4.2/psoc creator/import/gnu/arm/5.4.1/bin/../lib/gcc/arm-none-eabi/5.4.1/armv6-m\libgcc.a(mulsf3.o)
 .ARM.attributes
                0x000005ae       0x2c c:/program files (x86)/cypress/psoc creator/4.2/psoc creator/import/gnu/arm/5.4.1/bin/../lib/gcc/arm-none-eabi/5.4.1/armv6-m\libgcc.a(subsf3.o)
 .ARM.attributes
                0x000005da       0x2c c:/program files (x86)/cypress/psoc creator/4.2/psoc creator/import/gnu/arm/5.4.1/bin/../lib/gcc/arm-none-eabi/5.4.1/armv6-m\libgcc.a(fixsfsi.o)
 .ARM.attributes
                0x00000606       0x2c c:/program files (x86)/cypress/psoc creator/4.2/psoc creator/import/gnu/arm/5.4.1/bin/../lib/gcc/arm-none-eabi/5.4.1/armv6-m\libgcc.a(floatsisf.o)
 .ARM.attributes
                0x00000632       0x2c c:/program files (x86)/cypress/psoc creator/4.2/psoc creator/import/gnu/arm/5.4.1/bin/../lib/gcc/arm-none-eabi/5.4.1/armv6-m\libgcc.a(floatunsisf.o)
 .ARM.attributes
                0x0000065e       0x2c c:/program files (x86)/cypress/psoc creator/4.2/psoc creator/import/gnu/arm/5.4.1/bin/../lib/gcc/arm-none-eabi/5.4.1/armv6-m\libgcc.a(muldf3.o)
 .ARM.attributes
                0x0000068a       0x2c c:/program files (x86)/cypress/psoc creator/4.2/psoc creator/import/gnu/arm/5.4.1/bin/../lib/gcc/arm-none-eabi/5.4.1/armv6-m\libgcc.a(subdf3.o)
 .ARM.attributes
                0x000006b6       0x2c c:/program files (x86)/cypress/psoc creator/4.2/psoc creator/import/gnu/arm/5.4.1/bin/../lib/gcc/arm-none-eabi/5.4.1/armv6-m\libgcc.a(extendsfdf2.o)
 .ARM.attributes
                0x000006e2       0x2c c:/program files (x86)/cypress/psoc creator/4.2/psoc creator/import/gnu/arm/5.4.1/bin/../lib/gcc/arm-none-eabi/5.4.1/armv6-m\libgcc.a(truncdfsf2.o)
 .ARM.attributes
                0x0000070e       0x1e c:/program files (x86)/cypress/psoc creator/4.2/psoc creator/import/gnu/arm/5.4.1/bin/../lib/gcc/arm-none-eabi/5.4.1/armv6-m\libgcc.a(_arm_cmpsf2.o)
 .ARM.attributes
                0x0000072c       0x1e c:/program files (x86)/cypress/psoc creator/4.2/psoc creator/import/gnu/arm/5.4.1/bin/../lib/gcc/arm-none-eabi/5.4.1/armv6-m\libgcc.a(_clzsi2.o)
 .ARM.attributes
                0x0000074a       0x2c c:/program files (x86)/cypress/psoc creator/4.2/psoc creator/import/gnu/arm/5.4.1/bin/../lib/gcc/arm-none-eabi/5.4.1/armv6-m\libgcc.a(_divdi3.o)
 .ARM.attributes
                0x00000776       0x2c c:/program files (x86)/cypress/psoc creator/4.2/psoc creator/import/gnu/arm/5.4.1/bin/../lib/gcc/arm-none-eabi/5.4.1/armv6-m\libgcc.a(eqsf2.o)
 .ARM.attributes
                0x000007a2       0x2c c:/program files (x86)/cypress/psoc creator/4.2/psoc creator/import/gnu/arm/5.4.1/bin/../lib/gcc/arm-none-eabi/5.4.1/armv6-m\libgcc.a(gesf2.o)
 .ARM.attributes
                0x000007ce       0x2c c:/program files (x86)/cypress/psoc creator/4.2/psoc creator/import/gnu/arm/5.4.1/bin/../lib/gcc/arm-none-eabi/5.4.1/armv6-m\libgcc.a(lesf2.o)
 .ARM.attributes
                0x000007fa       0x1e c:/program files (x86)/cypress/psoc creator/4.2/psoc creator/import/gnu/arm/5.4.1/bin/../lib/gcc/arm-none-eabi/5.4.1/armv6-m\libgcc.a(_clzdi2.o)
 .ARM.attributes
                0x00000818       0x2c c:/program files (x86)/cypress/psoc creator/4.2/psoc creator/import/gnu/arm/5.4.1/bin/../lib/gcc/arm-none-eabi/5.4.1/../../../../arm-none-eabi/lib/armv6-m\libg_nano.a(lib_a-errno.o)
 .ARM.attributes
                0x00000844       0x2c c:/program files (x86)/cypress/psoc creator/4.2/psoc creator/import/gnu/arm/5.4.1/bin/../lib/gcc/arm-none-eabi/5.4.1/../../../../arm-none-eabi/lib/armv6-m\libg_nano.a(lib_a-exit.o)
 .ARM.attributes
                0x00000870       0x2c c:/program files (x86)/cypress/psoc creator/4.2/psoc creator/import/gnu/arm/5.4.1/bin/../lib/gcc/arm-none-eabi/5.4.1/../../../../arm-none-eabi/lib/armv6-m\libg_nano.a(lib_a-impure.o)
 .ARM.attributes
                0x0000089c       0x2c c:/program files (x86)/cypress/psoc creator/4.2/psoc creator/import/gnu/arm/5.4.1/bin/../lib/gcc/arm-none-eabi/5.4.1/../../../../arm-none-eabi/lib/armv6-m\libg_nano.a(lib_a-init.o)
 .ARM.attributes
                0x000008c8       0x2c c:/program files (x86)/cypress/psoc creator/4.2/psoc creator/import/gnu/arm/5.4.1/bin/../lib/gcc/arm-none-eabi/5.4.1/../../../../arm-none-eabi/lib/armv6-m\libg_nano.a(lib_a-memset.o)
 .ARM.attributes
                0x000008f4       0x2c c:/program files (x86)/cypress/psoc creator/4.2/psoc creator/import/gnu/arm/5.4.1/bin/../lib/gcc/arm-none-eabi/5.4.1/../../../../arm-none-eabi/lib/armv6-m\libg_nano.a(lib_a-nano-vfprintf_float.o)
 .ARM.attributes
                0x00000920       0x2c c:/program files (x86)/cypress/psoc creator/4.2/psoc creator/import/gnu/arm/5.4.1/bin/../lib/gcc/arm-none-eabi/5.4.1/../../../../arm-none-eabi/lib/armv6-m\libg_nano.a(lib_a-nano-vfprintf_i.o)
 .ARM.attributes
                0x0000094c       0x2c c:/program files (x86)/cypress/psoc creator/4.2/psoc creator/import/gnu/arm/5.4.1/bin/../lib/gcc/arm-none-eabi/5.4.1/../../../../arm-none-eabi/lib/armv6-m\libg_nano.a(lib_a-sprintf.o)
 .ARM.attributes
                0x00000978       0x1c c:/program files (x86)/cypress/psoc creator/4.2/psoc creator/import/gnu/arm/5.4.1/bin/../lib/gcc/arm-none-eabi/5.4.1/../../../../arm-none-eabi/lib/armv6-m\libg_nano.a(lib_a-strlen.o)
 .ARM.attributes
                0x00000994       0x2c c:/program files (x86)/cypress/psoc creator/4.2/psoc creator/import/gnu/arm/5.4.1/bin/../lib/gcc/arm-none-eabi/5.4.1/../../../../arm-none-eabi/lib/armv6-m\libg_nano.a(lib_a-dtoa.o)
 .ARM.attributes
                0x000009c0       0x2c c:/program files (x86)/cypress/psoc creator/4.2/psoc creator/import/gnu/arm/5.4.1/bin/../lib/gcc/arm-none-eabi/5.4.1/../../../../arm-none-eabi/lib/armv6-m\libg_nano.a(lib_a-locale.o)
 .ARM.attributes
                0x000009ec       0x2c c:/program files (x86)/cypress/psoc creator/4.2/psoc creator/import/gnu/arm/5.4.1/bin/../lib/gcc/arm-none-eabi/5.4.1/../../../../arm-none-eabi/lib/armv6-m\libg_nano.a(lib_a-malloc.o)
 .ARM.attributes
                0x00000a18       0x2c c:/program files (x86)/cypress/psoc creator/4.2/psoc creator/import/gnu/arm/5.4.1/bin/../lib/gcc/arm-none-eabi/5.4.1/../../../../arm-none-eabi/lib/armv6-m\libg_nano.a(lib_a-memchr-stub.o)
 .ARM.attributes
                0x00000a44       0x2c c:/program files (x86)/cypress/psoc creator/4.2/psoc creator/import/gnu/arm/5.4.1/bin/../lib/gcc/arm-none-eabi/5.4.1/../../../../arm-none-eabi/lib/armv6-m\libg_nano.a(lib_a-memcpy-stub.o)
 .ARM.attributes
                0x00000a70       0x2c c:/program files (x86)/cypress/psoc creator/4.2/psoc creator/import/gnu/arm/5.4.1/bin/../lib/gcc/arm-none-eabi/5.4.1/../../../../arm-none-eabi/lib/armv6-m\libg_nano.a(lib_a-mprec.o)
 .ARM.attributes
                0x00000a9c       0x2c c:/program files (x86)/cypress/psoc creator/4.2/psoc creator/import/gnu/arm/5.4.1/bin/../lib/gcc/arm-none-eabi/5.4.1/../../../../arm-none-eabi/lib/armv6-m\libg_nano.a(lib_a-nano-callocr.o)
 .ARM.attributes
                0x00000ac8       0x2c c:/program files (x86)/cypress/psoc creator/4.2/psoc creator/import/gnu/arm/5.4.1/bin/../lib/gcc/arm-none-eabi/5.4.1/../../../../arm-none-eabi/lib/armv6-m\libg_nano.a(lib_a-nano-freer.o)
 .ARM.attributes