Archive member included to satisfy reference by file (symbol)

.\CortexM0\ARM_GCC_541\Debug\Design01.a(CyLib.o)
                              .\CortexM0\ARM_GCC_541\Debug\cyfitter_cfg.o (CyIntEnable)
.\CortexM0\ARM_GCC_541\Debug\Design01.a(CyLFClk.o)
                              .\CortexM0\ARM_GCC_541\Debug\cyfitter_cfg.o (CySysWdtIsr)
.\CortexM0\ARM_GCC_541\Debug\Design01.a(I2CM.o)
                              .\CortexM0\ARM_GCC_541\Debug\main.o (I2CM_Start)
.\CortexM0\ARM_GCC_541\Debug\Design01.a(I2CM_I2C.o)
                              .\CortexM0\ARM_GCC_541\Debug\Design01.a(I2CM.o) (I2CM_I2CInit)
.\CortexM0\ARM_GCC_541\Debug\Design01.a(I2CM_I2C_MASTER.o)
                              .\CortexM0\ARM_GCC_541\Debug\Design01.a(I2CM_I2C.o) (I2CM_mstrRdBufIndex)
.\CortexM0\ARM_GCC_541\Debug\Design01.a(UART.o)
                              .\CortexM0\ARM_GCC_541\Debug\main.o (UART_Start)
.\CortexM0\ARM_GCC_541\Debug\Design01.a(UART_UART.o)
                              .\CortexM0\ARM_GCC_541\Debug\Design01.a(UART.o) (UART_UartInit)
.\CortexM0\ARM_GCC_541\Debug\Design01.a(Timer.o)
                              .\CortexM0\ARM_GCC_541\Debug\main.o (Timer_Start)
.\CortexM0\ARM_GCC_541\Debug\Design01.a(TimerHumidityTemp.o)
                              .\CortexM0\ARM_GCC_541\Debug\main.o (TimerHumidityTemp_ClearInterrupt)
.\CortexM0\ARM_GCC_541\Debug\Design01.a(I2CM_sda.o)
                              .\CortexM0\ARM_GCC_541\Debug\Design01.a(I2CM_I2C_MASTER.o) (I2CM_sda_Read)
.\CortexM0\ARM_GCC_541\Debug\Design01.a(I2CM_scl.o)
                              .\CortexM0\ARM_GCC_541\Debug\Design01.a(I2CM_I2C_MASTER.o) (I2CM_scl_Write)
.\CortexM0\ARM_GCC_541\Debug\Design01.a(ADC_SAR_SEQ.o)
                              .\CortexM0\ARM_GCC_541\Debug\main.o (ADC_SAR_SEQ_Start)
.\CortexM0\ARM_GCC_541\Debug\Design01.a(ADC_SAR_SEQ_INT.o)
                              .\CortexM0\ARM_GCC_541\Debug\Design01.a(ADC_SAR_SEQ.o) (ADC_SAR_SEQ_ISR)
.\CortexM0\ARM_GCC_541\Debug\Design01.a(ADC_SAR_SEQ_IRQ.o)
                              .\CortexM0\ARM_GCC_541\Debug\main.o (ADC_SAR_SEQ_IRQ_StartEx)
.\CortexM0\ARM_GCC_541\Debug\Design01.a(CyBootAsmGnu.o)
                              .\CortexM0\ARM_GCC_541\Debug\Design01.a(CyLib.o) (CyDelayCycles)
.\CortexM0\ARM_GCC_541\Debug\Design01.a(I2CM_I2C_INT.o)
                              .\CortexM0\ARM_GCC_541\Debug\Design01.a(I2CM_I2C.o) (I2CM_I2C_ISR)
.\CortexM0\ARM_GCC_541\Debug\Design01.a(UART_SPI_UART.o)
                              .\CortexM0\ARM_GCC_541\Debug\Design01.a(UART_UART.o) (UART_SpiUartReadRxData)
c:/program files (x86)/cypress/psoc creator/4.2/psoc creator/import/gnu/arm/5.4.1/bin/../lib/gcc/arm-none-eabi/5.4.1/armv6-m\libgcc.a(_udivsi3.o)
                              .\CortexM0\ARM_GCC_541\Debug\Design01.a(CyLib.o) (__aeabi_uidiv)
c:/program files (x86)/cypress/psoc creator/4.2/psoc creator/import/gnu/arm/5.4.1/bin/../lib/gcc/arm-none-eabi/5.4.1/armv6-m\libgcc.a(_divsi3.o)
                              .\CortexM0\ARM_GCC_541\Debug\Design01.a(ADC_SAR_SEQ.o) (__aeabi_idiv)
c:/program files (x86)/cypress/psoc creator/4.2/psoc creator/import/gnu/arm/5.4.1/bin/../lib/gcc/arm-none-eabi/5.4.1/armv6-m\libgcc.a(_dvmd_tls.o)
                              c:/program files (x86)/cypress/psoc creator/4.2/psoc creator/import/gnu/arm/5.4.1/bin/../lib/gcc/arm-none-eabi/5.4.1/armv6-m\libgcc.a(_udivsi3.o) (__aeabi_idiv0)
c:/program files (x86)/cypress/psoc creator/4.2/psoc creator/import/gnu/arm/5.4.1/bin/../lib/gcc/arm-none-eabi/5.4.1/armv6-m\libgcc.a(_aeabi_ldivmod.o)
                              .\CortexM0\ARM_GCC_541\Debug\Design01.a(ADC_SAR_SEQ.o) (__aeabi_ldivmod)
c:/program files (x86)/cypress/psoc creator/4.2/psoc creator/import/gnu/arm/5.4.1/bin/../lib/gcc/arm-none-eabi/5.4.1/armv6-m\libgcc.a(_muldi3.o)
                              .\CortexM0\ARM_GCC_541\Debug\Design01.a(ADC_SAR_SEQ.o) (__aeabi_lmul)
c:/program files (x86)/cypress/psoc creator/4.2/psoc creator/import/gnu/arm/5.4.1/bin/../lib/gcc/arm-none-eabi/5.4.1/armv6-m\libgcc.a(_fixunssfsi.o)
                              .\CortexM0\ARM_GCC_541\Debug\main.o (__aeabi_f2uiz)
c:/program files (x86)/cypress/psoc creator/4.2/psoc creator/import/gnu/arm/5.4.1/bin/../lib/gcc/arm-none-eabi/5.4.1/armv6-m\libgcc.a(bpabi.o)
                              c:/program files (x86)/cypress/psoc creator/4.2/psoc creator/import/gnu/arm/5.4.1/bin/../lib/gcc/arm-none-eabi/5.4.1/armv6-m\libgcc.a(_aeabi_ldivmod.o) (__gnu_ldivmod_helper)
c:/program files (x86)/cypress/psoc creator/4.2/psoc creator/import/gnu/arm/5.4.1/bin/../lib/gcc/arm-none-eabi/5.4.1/armv6-m\libgcc.a(divsf3.o)
                              .\CortexM0\ARM_GCC_541\Debug\Design01.a(ADC_SAR_SEQ.o) (__aeabi_fdiv)
c:/program files (x86)/cypress/psoc creator/4.2/psoc creator/import/gnu/arm/5.4.1/bin/../lib/gcc/arm-none-eabi/5.4.1/armv6-m\libgcc.a(mulsf3.o)
                              .\CortexM0\ARM_GCC_541\Debug\Design01.a(ADC_SAR_SEQ.o) (__aeabi_fmul)
[...]
Memory Configuration

Name             Origin             Length             Attributes
rom              0x00000000         0x00008000         xr
ram              0x20000000         0x00001000         xrw
*default*        0x00000000         0xffffffff

Linker script and memory map

LOAD c:/program files (x86)/cypress/psoc creator/4.2/psoc creator/import/gnu/arm/5.4.1/bin/../lib/gcc/arm-none-eabi/5.4.1/armv6-m/crti.o
LOAD c:/program files (x86)/cypress/psoc creator/4.2/psoc creator/import/gnu/arm/5.4.1/bin/../lib/gcc/arm-none-eabi/5.4.1/armv6-m/crtbegin.o
LOAD c:/program files (x86)/cypress/psoc creator/4.2/psoc creator/import/gnu/arm/5.4.1/bin/../lib/gcc/arm-none-eabi/5.4.1/../../../../arm-none-eabi/lib/armv6-m/crt0.o
START GROUP
LOAD .\CortexM0\ARM_GCC_541\Debug\main.o
LOAD .\CortexM0\ARM_GCC_541\Debug\cyfitter_cfg.o
LOAD .\CortexM0\ARM_GCC_541\Debug\cymetadata.o
LOAD .\CortexM0\ARM_GCC_541\Debug\Cm0Start.o
LOAD .\CortexM0\ARM_GCC_541\Debug\Design01.a
END GROUP
START GROUP
LOAD c:/program files (x86)/cypress/psoc creator/4.2/psoc creator/import/gnu/arm/5.4.1/bin/../lib/gcc/arm-none-eabi/5.4.1/armv6-m\libgcc.a
LOAD c:/program files (x86)/cypress/psoc creator/4.2/psoc creator/import/gnu/arm/5.4.1/bin/../lib/gcc/arm-none-eabi/5.4.1/../../../../arm-none-eabi/lib/armv6-m\libg_nano.a
LOAD c:/program files (x86)/cypress/psoc creator/4.2/psoc creator/import/gnu/arm/5.4.1/bin/../lib/gcc/arm-none-eabi/5.4.1/../../../../arm-none-eabi/lib/armv6-m\libc_nano.a
END GROUP
START GROUP
LOAD c:/program files (x86)/cypress/psoc creator/4.2/psoc creator/import/gnu/arm/5.4.1/bin/../lib/gcc/arm-none-eabi/5.4.1/armv6-m\libgcc.a
LOAD c:/program files (x86)/cypress/psoc creator/4.2/psoc creator/import/gnu/arm/5.4.1/bin/../lib/gcc/arm-none-eabi/5.4.1/../../../../arm-none-eabi/lib/armv6-m\libc_nano.a
END GROUP
LOAD c:/program files (x86)/cypress/psoc creator/4.2/psoc creator/import/gnu/arm/5.4.1/bin/../lib/gcc/arm-none-eabi/5.4.1/armv6-m/crtend.o
LOAD c:/program files (x86)/cypress/psoc creator/4.2/psoc creator/import/gnu/arm/5.4.1/bin/../lib/gcc/arm-none-eabi/5.4.1/armv6-m/crtn.o
START GROUP
LOAD c:/program files (x86)/cypress/psoc creator/4.2/psoc creator/import/gnu/arm/5.4.1/bin/../lib/gcc/arm-none-eabi/5.4.1/armv6-m\libgcc.a
LOAD c:/program files (x86)/cypress/psoc creator/4.2/psoc creator/import/gnu/arm/5.4.1/bin/../lib/gcc/arm-none-eabi/5.4.1/../../../../arm-none-eabi/lib/armv6-m\libc.a
LOAD c:/program files (x86)/cypress/psoc creator/4.2/psoc creator/import/gnu/arm/5.4.1/bin/../lib/gcc/arm-none-eabi/5.4.1/../../../../arm-none-eabi/lib/armv6-m\libnosys.a
END GROUP
                0x00000000                CY_APPL_ORIGIN = 0x0
                0x00000080                CY_FLASH_ROW_SIZE = 0x80
                0x00000001                CY_APPL_NUM = 0x1
                0x00000001                CY_APPL_MAX = 0x1
                0x00000040                CY_METADATA_SIZE = 0x40
                0x00000000                CY_APPL_LOADABLE = 0x0
                0x00000000                CY_CHECKSUM_EXCLUDE_SIZE = ALIGN (0x0, CY_FLASH_ROW_SIZE)
                0x00000000                CY_APP_FOR_STACK_AND_COPIER = 0x0
                [!provide]                PROVIDE (__cy_heap_start, _end)
                0x00000001                PROVIDE (__cy_region_num, ((__cy_regions_end - __cy_regions) / 0x10))
                0x20001000                PROVIDE (__cy_stack, (ORIGIN (ram) + LENGTH (ram)))
                [!provide]                PROVIDE (__cy_heap_end, (__cy_stack - 0x400))

.cybootloader   0x00000000        0x0
 *(.cybootloader)
                0x00000000                appl1_start = CY_APPL_ORIGIN?CY_APPL_ORIGIN:ALIGN (CY_FLASH_ROW_SIZE)
                0x00003f80                appl2_start = (appl1_start + ALIGN ((((LENGTH (rom) - appl1_start) - (0x2 * CY_FLASH_ROW_SIZE)) / 0x2), CY_FLASH_ROW_SIZE))
                0x00000000                appl_start = (CY_APPL_NUM == 0x1)?appl1_start:appl2_start
                0x00000001                cy_project_type_bootloader = (appl_start == 0x0)?0x1:0x0
                0x00000000                cy_project_type_app_for_stack_and_copier = (CY_APP_FOR_STACK_AND_COPIER == 0x1)?0x1:0x0

.text           0x00000000     0x63a4
 CREATE_OBJECT_SYMBOLS
                0x00000000                PROVIDE (__cy_interrupt_vector, RomVectors)
 *(.romvectors)
 .romvectors    0x00000000       0x10 .\CortexM0\ARM_GCC_541\Debug\Cm0Start.o
                0x00000000                RomVectors
                0x00000001                ASSERT ((. != __cy_interrupt_vector), No interrupt vector)
                0x00000001                ASSERT (CY_APPL_ORIGIN?(SIZEOF (.cybootloader) <= CY_APPL_ORIGIN):0x1, Wrong image location)
                0x00000010                PROVIDE (__cy_reset, Reset)
 *(.text.Reset)
 .text.Reset    0x00000010        0x8 .\CortexM0\ARM_GCC_541\Debug\Cm0Start.o
                0x00000010                Reset
                0x00000001                ASSERT ((. != __cy_reset), No reset code)
 *(.psocinit)
 .psocinit      0x00000018      0x1c4 .\CortexM0\ARM_GCC_541\Debug\cyfitter_cfg.o
                0x000000e4                cyfitter_cfg
                0x000001dc                . = MAX (., 0x100)
 *(.text .text.* .gnu.linkonce.t.*)
 .text          0x000001dc       0x60 c:/program files (x86)/cypress/psoc creator/4.2/psoc creator/import/gnu/arm/5.4.1/bin/../lib/gcc/arm-none-eabi/5.4.1/armv6-m/crtbegin.o
 .text.ADC_SAR_SEQ_ISR_LOC
                0x0000023c       0x58 .\CortexM0\ARM_GCC_541\Debug\main.o
                0x0000023c                ADC_SAR_SEQ_ISR_LOC
 .text.UART_printFormat
                0x00000294       0x20 .\CortexM0\ARM_GCC_541\Debug\main.o
                0x00000294                UART_printFormat
 .text.WriteCommandPacket
                0x000002b4       0x48 .\CortexM0\ARM_GCC_541\Debug\main.o
                0x000002b4                WriteCommandPacket
 .text.readSensor
                0x000002fc       0x3c .\CortexM0\ARM_GCC_541\Debug\main.o
                0x000002fc                readSensor
 .text.getTemperature
                0x00000338       0x38 .\CortexM0\ARM_GCC_541\Debug\main.o
                0x00000338                getTemperature
 .text.getHumidity
                0x00000370       0x30 .\CortexM0\ARM_GCC_541\Debug\main.o
                0x00000370                getHumidity
 .text.runTempHumidModule
                0x000003a0       0x1c .\CortexM0\ARM_GCC_541\Debug\main.o
                0x000003a0                runTempHumidModule
 .text.main     0x000003bc       0x90 .\CortexM0\ARM_GCC_541\Debug\main.o
                0x000003bc                main
 .text.cfg_write_bytes32
                0x0000044c       0x34 .\CortexM0\ARM_GCC_541\Debug\cyfitter_cfg.o
 .text.CYMEMZERO
                0x00000480        0xc .\CortexM0\ARM_GCC_541\Debug\cyfitter_cfg.o
 .text.SetAnalogRoutingPumps
                0x0000048c       0x20 .\CortexM0\ARM_GCC_541\Debug\cyfitter_cfg.o
                0x0000048c                SetAnalogRoutingPumps
 .text.AnalogSetDefault
                0x000004ac       0x20 .\CortexM0\ARM_GCC_541\Debug\cyfitter_cfg.o
 .text.IntDefaultHandler
                0x000004cc       0x10 .\CortexM0\ARM_GCC_541\Debug\Cm0Start.o
                0x000004cc                IntDefaultHandler
 .text._sbrk    0x000004dc       0x34 .\CortexM0\ARM_GCC_541\Debug\Cm0Start.o
                0x000004dc                _sbrk
 .text.Start_c  0x00000510       0x48 .\CortexM0\ARM_GCC_541\Debug\Cm0Start.o
                0x00000510                Start_c
 .text.initialize_psoc
                0x00000558       0x40 .\CortexM0\ARM_GCC_541\Debug\Cm0Start.o
                0x00000558                initialize_psoc
 .text.CyIntEnable
                0x00000598       0x14 .\CortexM0\ARM_GCC_541\Debug\Design01.a(CyLib.o)
                0x00000598                CyIntEnable
 .text.CyIntDisable
                0x000005ac       0x14 .\CortexM0\ARM_GCC_541\Debug\Design01.a(CyLib.o)
                0x000005ac                CyIntDisable
 .text.CyHalt   0x000005c0        0x4 .\CortexM0\ARM_GCC_541\Debug\Design01.a(CyLib.o)
                0x000005c0                CyHalt
 .text.CyIntSetVector
                0x000005c4       0x24 .\CortexM0\ARM_GCC_541\Debug\Design01.a(CyLib.o)
                0x000005c4                CyIntSetVector
 .text.CyIntSetPriority
                0x000005e8       0x4c .\CortexM0\ARM_GCC_541\Debug\Design01.a(CyLib.o)
                0x000005e8                CyIntSetPriority
 .text.CyDelay  0x00000634       0x30 .\CortexM0\ARM_GCC_541\Debug\Design01.a(CyLib.o)
                0x00000634                CyDelay
 .text.CyDelayUs
                0x00000664       0x14 .\CortexM0\ARM_GCC_541\Debug\Design01.a(CyLib.o)
                0x00000664                CyDelayUs
 .text.CySysClkWriteImoFreq
                0x00000678      0x164 .\CortexM0\ARM_GCC_541\Debug\Design01.a(CyLib.o)
                0x00000678                CySysClkWriteImoFreq
 .text.CySysWdtLocked
                0x000007dc       0x14 .\CortexM0\ARM_GCC_541\Debug\Design01.a(CyLFClk.o)
 .text.CySysWdtLock
                0x000007f0       0x1c .\CortexM0\ARM_GCC_541\Debug\Design01.a(CyLFClk.o)
                0x000007f0                CySysWdtLock
 .text.CySysWdtUnlock
                0x0000080c       0x30 .\CortexM0\ARM_GCC_541\Debug\Design01.a(CyLFClk.o)
                0x0000080c                CySysWdtUnlock
 .text.CySysWdtClearInterrupt
                0x0000083c       0x4c .\CortexM0\ARM_GCC_541\Debug\Design01.a(CyLFClk.o)
                0x0000083c                CySysWdtClearInterrupt
 .text.CySysWdtIsr
                0x00000888       0xa4 .\CortexM0\ARM_GCC_541\Debug\Design01.a(CyLFClk.o)
                0x00000888                CySysWdtIsr
 .text.I2CM_ScbEnableIntr
                0x0000092c        0xc .\CortexM0\ARM_GCC_541\Debug\Design01.a(I2CM.o)
 .text.I2CM_Init
                0x00000938        0x8 .\CortexM0\ARM_GCC_541\Debug\Design01.a(I2CM.o)
                0x00000938                I2CM_Init
 .text.I2CM_Enable
                0x00000940       0x18 .\CortexM0\ARM_GCC_541\Debug\Design01.a(I2CM.o)
                0x00000940                I2CM_Enable
 .text.I2CM_Start
                0x00000958       0x20 .\CortexM0\ARM_GCC_541\Debug\Design01.a(I2CM.o)
                0x00000958                I2CM_Start
 .text.I2CM_I2CInit
                0x00000978       0xc4 .\CortexM0\ARM_GCC_541\Debug\Design01.a(I2CM_I2C.o)
                0x00000978                I2CM_I2CInit
 .text.I2CM_I2CFwBlockReset
                0x00000a3c       0x94 .\CortexM0\ARM_GCC_541\Debug\Design01.a(I2CM_I2C.o)
                0x00000a3c                I2CM_I2CFwBlockReset
 .text.I2CM_I2CMasterGetWriteBufSize
                0x00000ad0        0xc .\CortexM0\ARM_GCC_541\Debug\Design01.a(I2CM_I2C_MASTER.o)
                0x00000ad0                I2CM_I2CMasterGetWriteBufSize
 .text.I2CM_I2CMasterStatus
                0x00000adc       0x30 .\CortexM0\ARM_GCC_541\Debug\Design01.a(I2CM_I2C_MASTER.o)
                0x00000adc                I2CM_I2CMasterStatus
 .text.I2CM_I2CMasterClearStatus
                0x00000b0c       0x20 .\CortexM0\ARM_GCC_541\Debug\Design01.a(I2CM_I2C_MASTER.o)
                0x00000b0c                I2CM_I2CMasterClearStatus
 .text.I2CM_I2CReStartGeneration
                0x00000b2c       0xc4 .\CortexM0\ARM_GCC_541\Debug\Design01.a(I2CM_I2C_MASTER.o)
                0x00000b2c                I2CM_I2CReStartGeneration
 .text.I2CM_I2CMasterWriteBuf
                0x00000bf0       0xf8 .\CortexM0\ARM_GCC_541\Debug\Design01.a(I2CM_I2C_MASTER.o)
                0x00000bf0                I2CM_I2CMasterWriteBuf
 .text.I2CM_I2CMasterReadBuf
                0x00000ce8      0x108 .\CortexM0\ARM_GCC_541\Debug\Design01.a(I2CM_I2C_MASTER.o)
                0x00000ce8                I2CM_I2CMasterReadBuf
 .text.UART_ScbModePostEnable
                0x00000df0        0x8 .\CortexM0\ARM_GCC_541\Debug\Design01.a(UART.o)
 .text.UART_Init
                0x00000df8        0x8 .\CortexM0\ARM_GCC_541\Debug\Design01.a(UART.o)
                0x00000df8                UART_Init
 .text.UART_Enable
                0x00000e00       0x18 .\CortexM0\ARM_GCC_541\Debug\Design01.a(UART.o)
                0x00000e00                UART_Enable
 .text.UART_Start
                0x00000e18       0x20 .\CortexM0\ARM_GCC_541\Debug\Design01.a(UART.o)
                0x00000e18                UART_Start
 .text.UART_UartInit
                0x00000e38       0x9c .\CortexM0\ARM_GCC_541\Debug\Design01.a(UART_UART.o)
                0x00000e38                UART_UartInit
 .text.UART_UartPostEnable
                0x00000ed4       0x24 .\CortexM0\ARM_GCC_541\Debug\Design01.a(UART_UART.o)
                0x00000ed4                UART_UartPostEnable
 .text.UART_UartPutString
                0x00000ef8       0x18 .\CortexM0\ARM_GCC_541\Debug\Design01.a(UART_UART.o)
                0x00000ef8                UART_UartPutString
 .text.Timer_WriteCounter
                0x00000f10       0x10 .\CortexM0\ARM_GCC_541\Debug\Design01.a(Timer.o)
                0x00000f10                Timer_WriteCounter
 .text.Timer_WritePeriod
                0x00000f20       0x10 .\CortexM0\ARM_GCC_541\Debug\Design01.a(Timer.o)
                0x00000f20                Timer_WritePeriod
 .text.Timer_TriggerCommand
                0x00000f30       0x1c .\CortexM0\ARM_GCC_541\Debug\Design01.a(Timer.o)
                0x00000f30                Timer_TriggerCommand
 .text.Timer_Enable
                0x00000f4c       0x24 .\CortexM0\ARM_GCC_541\Debug\Design01.a(Timer.o)
                0x00000f4c                Timer_Enable
 .text.Timer_SetInterruptMode
                0x00000f70        0xc .\CortexM0\ARM_GCC_541\Debug\Design01.a(Timer.o)
                0x00000f70                Timer_SetInterruptMode
 .text.Timer_Init
                0x00000f7c       0x30 .\CortexM0\ARM_GCC_541\Debug\Design01.a(Timer.o)
                0x00000f7c                Timer_Init
 .text.Timer_Start
                0x00000fac       0x20 .\CortexM0\ARM_GCC_541\Debug\Design01.a(Timer.o)
                0x00000fac                Timer_Start
 .text.I2CM_sda_Read
                0x00000fcc       0x10 .\CortexM0\ARM_GCC_541\Debug\Design01.a(I2CM_sda.o)
                0x00000fcc                I2CM_sda_Read
 .text.I2CM_scl_Write
                0x00000fdc       0x18 .\CortexM0\ARM_GCC_541\Debug\Design01.a(I2CM_scl.o)
                0x00000fdc                I2CM_scl_Write
 .text.I2CM_scl_Read
                0x00000ff4       0x10 .\CortexM0\ARM_GCC_541\Debug\Design01.a(I2CM_scl.o)
                0x00000ff4                I2CM_scl_Read
 .text.ADC_SAR_SEQ_Init
                0x00001004      0x18c .\CortexM0\ARM_GCC_541\Debug\Design01.a(ADC_SAR_SEQ.o)
                0x00001004                ADC_SAR_SEQ_Init
 .text.ADC_SAR_SEQ_Enable
                0x00001190       0x24 .\CortexM0\ARM_GCC_541\Debug\Design01.a(ADC_SAR_SEQ.o)
                0x00001190                ADC_SAR_SEQ_Enable
 .text.ADC_SAR_SEQ_Start
                0x000011b4       0x20 .\CortexM0\ARM_GCC_541\Debug\Design01.a(ADC_SAR_SEQ.o)
                0x000011b4                ADC_SAR_SEQ_Start
 .text.ADC_SAR_SEQ_StartConvert
                0x000011d4       0x14 .\CortexM0\ARM_GCC_541\Debug\Design01.a(ADC_SAR_SEQ.o)
                0x000011d4                ADC_SAR_SEQ_StartConvert
 .text.ADC_SAR_SEQ_GetResult16
                0x000011e8       0x2c .\CortexM0\ARM_GCC_541\Debug\Design01.a(ADC_SAR_SEQ.o)
                0x000011e8                ADC_SAR_SEQ_GetResult16
 .text.ADC_SAR_SEQ_CountsTo_Volts
                0x00001214       0x48 .\CortexM0\ARM_GCC_541\Debug\Design01.a(ADC_SAR_SEQ.o)
                0x00001214                ADC_SAR_SEQ_CountsTo_Volts
 .text.ADC_SAR_SEQ_ISR
                0x0000125c        0xc .\CortexM0\ARM_GCC_541\Debug\Design01.a(ADC_SAR_SEQ_INT.o)
                0x0000125c                ADC_SAR_SEQ_ISR
 .text.ADC_SAR_SEQ_IRQ_SetVector
                0x00001268        0xc .\CortexM0\ARM_GCC_541\Debug\Design01.a(ADC_SAR_SEQ_IRQ.o)
                0x00001268                ADC_SAR_SEQ_IRQ_SetVector
 .text.ADC_SAR_SEQ_IRQ_SetPriority
                0x00001274       0x24 .\CortexM0\ARM_GCC_541\Debug\Design01.a(ADC_SAR_SEQ_IRQ.o)
                0x00001274                ADC_SAR_SEQ_IRQ_SetPriority
 .text.ADC_SAR_SEQ_IRQ_Enable
                0x00001298       0x10 .\CortexM0\ARM_GCC_541\Debug\Design01.a(ADC_SAR_SEQ_IRQ.o)
                0x00001298                ADC_SAR_SEQ_IRQ_Enable
 .text.ADC_SAR_SEQ_IRQ_Disable
                0x000012a8       0x10 .\CortexM0\ARM_GCC_541\Debug\Design01.a(ADC_SAR_SEQ_IRQ.o)
                0x000012a8                ADC_SAR_SEQ_IRQ_Disable
 .text.ADC_SAR_SEQ_IRQ_StartEx
                0x000012b8       0x1c .\CortexM0\ARM_GCC_541\Debug\Design01.a(ADC_SAR_SEQ_IRQ.o)
                0x000012b8                ADC_SAR_SEQ_IRQ_StartEx
 *fill*         0x000012d4        0x4 
 .text          0x000012d8       0x24 .\CortexM0\ARM_GCC_541\Debug\Design01.a(CyBootAsmGnu.o)
                0x000012d8                CyDelayCycles
                0x000012ec                CyEnterCriticalSection
                0x000012f4                CyExitCriticalSection
 .text.I2CM_I2C_ISR
                0x000012fc      0x33c .\CortexM0\ARM_GCC_541\Debug\Design01.a(I2CM_I2C_INT.o)
                0x000012fc                I2CM_I2C_ISR
 .text.UART_SpiUartWriteTxData
                0x00001638       0x1c .\CortexM0\ARM_GCC_541\Debug\Design01.a(UART_SPI_UART.o)
                0x00001638                UART_SpiUartWriteTxData
 .text          0x00001654      0x114 c:/program files (x86)/cypress/psoc creator/4.2/psoc creator/import/gnu/arm/5.4.1/bin/../lib/gcc/arm-none-eabi/5.4.1/armv6-m\libgcc.a(_udivsi3.o)
                0x00001654                __aeabi_uidiv
                0x00001654                __udivsi3
                0x00001760                __aeabi_uidivmod
 .text          0x00001768      0x1d4 c:/program files (x86)/cypress/psoc creator/4.2/psoc creator/import/gnu/arm/5.4.1/bin/../lib/gcc/arm-none-eabi/5.4.1/armv6-m\libgcc.a(_divsi3.o)
                0x00001768                __divsi3
                0x00001768                __aeabi_idiv
                0x00001934                __aeabi_idivmod
 .text          0x0000193c        0x4 c:/program files (x86)/cypress/psoc creator/4.2/psoc creator/import/gnu/arm/5.4.1/bin/../lib/gcc/arm-none-eabi/5.4.1/armv6-m\libgcc.a(_dvmd_tls.o)
                0x0000193c                __aeabi_idiv0
                0x0000193c                __aeabi_ldiv0
 .text          0x00001940       0x30 c:/program files (x86)/cypress/psoc creator/4.2/psoc creator/import/gnu/arm/5.4.1/bin/../lib/gcc/arm-none-eabi/5.4.1/armv6-m\libgcc.a(_fixunssfsi.o)
                0x00001940                __fixunssfsi
                0x00001940                __aeabi_f2uiz
 .text          0x00001970      0x234 c:/program files (x86)/cypress/psoc creator/4.2/psoc creator/import/gnu/arm/5.4.1/bin/../lib/gcc/arm-none-eabi/5.4.1/armv6-m\libgcc.a(divsf3.o)
                0x00001970                __aeabi_fdiv
 .text          0x00001ba4      0x228 c:/program files (x86)/cypress/psoc creator/4.2/psoc creator/import/gnu/arm/5.4.1/bin/../lib/gcc/arm-none-eabi/5.4.1/armv6-m\libgcc.a(mulsf3.o)
                0x00001ba4                __aeabi_fmul
 .text          0x00001dcc      0x30c c:/program files (x86)/cypress/psoc creator/4.2/psoc creator/import/gnu/arm/5.4.1/bin/../lib/gcc/arm-none-eabi/5.4.1/armv6-m\libgcc.a(subsf3.o)
                0x00001dcc                __aeabi_fsub
 .text          0x000020d8       0x44 c:/program files (x86)/cypress/psoc creator/4.2/psoc creator/import/gnu/arm/5.4.1/bin/../lib/gcc/arm-none-eabi/5.4.1/armv6-m\libgcc.a(fixsfsi.o)
                0x000020d8                __aeabi_f2iz
 .text          0x0000211c       0x90 c:/program files (x86)/cypress/psoc creator/4.2/psoc creator/import/gnu/arm/5.4.1/bin/../lib/gcc/arm-none-eabi/5.4.1/armv6-m\libgcc.a(floatsisf.o)
                0x0000211c                __aeabi_i2f
 .text          0x000021ac       0x7c c:/program files (x86)/cypress/psoc creator/4.2/psoc creator/import/gnu/arm/5.4.1/bin/../lib/gcc/arm-none-eabi/5.4.1/armv6-m\libgcc.a(floatunsisf.o)
                0x000021ac                __aeabi_ui2f
 .text          0x00002228      0x4f4 c:/program files (x86)/cypress/psoc creator/4.2/psoc creator/import/gnu/arm/5.4.1/bin/../lib/gcc/arm-none-eabi/5.4.1/armv6-m\libgcc.a(muldf3.o)
                0x00002228                __aeabi_dmul
 .text          0x0000271c      0x6a8 c:/program files (x86)/cypress/psoc creator/4.2/psoc creator/import/gnu/arm/5.4.1/bin/../lib/gcc/arm-none-eabi/5.4.1/armv6-m\libgcc.a(subdf3.o)
                0x0000271c                __aeabi_dsub
 .text          0x00002dc4       0xa8 c:/program files (x86)/cypress/psoc creator/4.2/psoc creator/import/gnu/arm/5.4.1/bin/../lib/gcc/arm-none-eabi/5.4.1/armv6-m\libgcc.a(extendsfdf2.o)
                0x00002dc4                __aeabi_f2d
 .text          0x00002e6c      0x118 c:/program files (x86)/cypress/psoc creator/4.2/psoc creator/import/gnu/arm/5.4.1/bin/../lib/gcc/arm-none-eabi/5.4.1/armv6-m\libgcc.a(truncdfsf2.o)
                0x00002e6c                __aeabi_d2f
 .text          0x00002f84       0x74 c:/program files (x86)/cypress/psoc creator/4.2/psoc creator/import/gnu/arm/5.4.1/bin/../lib/gcc/arm-none-eabi/5.4.1/armv6-m\libgcc.a(_arm_cmpsf2.o)
                0x00002f84                __aeabi_cfrcmple
                0x00002f8c                __aeabi_cfcmpeq
                0x00002f8c                __aeabi_cfcmple
                0x00002f9c                __aeabi_fcmpeq
                0x00002fa8                __aeabi_fcmplt
                0x00002fbc                __aeabi_fcmple
                0x00002fd0                __aeabi_fcmpgt
                0x00002fe4                __aeabi_fcmpge
 .text          0x00002ff8       0x3c c:/program files (x86)/cypress/psoc creator/4.2/psoc creator/import/gnu/arm/5.4.1/bin/../lib/gcc/arm-none-eabi/5.4.1/armv6-m\libgcc.a(_clzsi2.o)
                0x00002ff8                __clzsi2
 .text          0x00003034       0x50 c:/program files (x86)/cypress/psoc creator/4.2/psoc creator/import/gnu/arm/5.4.1/bin/../lib/gcc/arm-none-eabi/5.4.1/armv6-m\libgcc.a(eqsf2.o)
                0x00003034                __eqsf2
                0x00003034                __nesf2
 .text          0x00003084       0x88 c:/program files (x86)/cypress/psoc creator/4.2/psoc creator/import/gnu/arm/5.4.1/bin/../lib/gcc/arm-none-eabi/5.4.1/armv6-m\libgcc.a(gesf2.o)
                0x00003084                __gesf2
                0x00003084                __gtsf2
 .text          0x0000310c       0x88 c:/program files (x86)/cypress/psoc creator/4.2/psoc creator/import/gnu/arm/5.4.1/bin/../lib/gcc/arm-none-eabi/5.4.1/armv6-m\libgcc.a(lesf2.o)
                0x0000310c                __ltsf2
                0x0000310c                __lesf2
 .text.__errno  0x00003194        0xc c:/program files (x86)/cypress/psoc creator/4.2/psoc creator/import/gnu/arm/5.4.1/bin/../lib/gcc/arm-none-eabi/5.4.1/../../../../arm-none-eabi/lib/armv6-m\libg_nano.a(lib_a-errno.o)
                0x00003194                __errno
 .text.__libc_init_array
                0x000031a0       0x4c c:/program files (x86)/cypress/psoc creator/4.2/psoc creator/import/gnu/arm/5.4.1/bin/../lib/gcc/arm-none-eabi/5.4.1/../../../../arm-none-eabi/lib/armv6-m\libg_nano.a(lib_a-init.o)
                0x000031a0                __libc_init_array
 .text.memset   0x000031ec       0x10 c:/program files (x86)/cypress/psoc creator/4.2/psoc creator/import/gnu/arm/5.4.1/bin/../lib/gcc/arm-none-eabi/5.4.1/../../../../arm-none-eabi/lib/armv6-m\libg_nano.a(lib_a-memset.o)
                0x000031ec                memset
 .text.__cvt    0x000031fc       0xca c:/program files (x86)/cypress/psoc creator/4.2/psoc creator/import/gnu/arm/5.4.1/bin/../lib/gcc/arm-none-eabi/5.4.1/../../../../arm-none-eabi/lib/armv6-m\libg_nano.a(lib_a-nano-vfprintf_float.o)
                0x000031fc                __cvt
 .text.__exponent
                0x000032c6       0x62 c:/program files (x86)/cypress/psoc creator/4.2/psoc creator/import/gnu/arm/5.4.1/bin/../lib/gcc/arm-none-eabi/5.4.1/../../../../arm-none-eabi/lib/armv6-m\libg_nano.a(lib_a-nano-vfprintf_float.o)
                0x000032c6                __exponent
 .text._printf_float
                0x00003328      0x4a0 c:/program files (x86)/cypress/psoc creator/4.2/psoc creator/import/gnu/arm/5.4.1/bin/../lib/gcc/arm-none-eabi/5.4.1/../../../../arm-none-eabi/lib/armv6-m\libg_nano.a(lib_a-nano-vfprintf_float.o)
                0x00003328                _printf_float
 .text._printf_common
                0x000037c8       0xdc c:/program files (x86)/cypress/psoc creator/4.2/psoc creator/import/gnu/arm/5.4.1/bin/../lib/gcc/arm-none-eabi/5.4.1/../../../../arm-none-eabi/lib/armv6-m\libg_nano.a(lib_a-nano-vfprintf_i.o)
                0x000037c8                _printf_common
 .text._printf_i
                0x000038a4      0x244 c:/program files (x86)/cypress/psoc creator/4.2/psoc creator/import/gnu/arm/5.4.1/bin/../lib/gcc/arm-none-eabi/5.4.1/../../../../arm-none-eabi/lib/armv6-m\libg_nano.a(lib_a-nano-vfprintf_i.o)
                0x000038a4                _printf_i
 .text.sprintf  0x00003ae8       0x44 c:/program files (x86)/cypress/psoc creator/4.2/psoc creator/import/gnu/arm/5.4.1/bin/../lib/gcc/arm-none-eabi/5.4.1/../../../../arm-none-eabi/lib/armv6-m\libg_nano.a(lib_a-sprintf.o)
                0x00003ae8                siprintf
                0x00003ae8                sprintf
 .text          0x00003b2c        0xe c:/program files (x86)/cypress/psoc creator/4.2/psoc creator/import/gnu/arm/5.4.1/bin/../lib/gcc/arm-none-eabi/5.4.1/../../../../arm-none-eabi/lib/armv6-m\libg_nano.a(lib_a-strlen.o)
                0x00003b2c                strlen
 .text.quorem   0x00003b3a      0x10c c:/program files (x86)/cypress/psoc creator/4.2/psoc creator/import/gnu/arm/5.4.1/bin/../lib/gcc/arm-none-eabi/5.4.1/../../../../arm-none-eabi/lib/armv6-m\libg_nano.a(lib_a-dtoa.o)
 *fill*         0x00003c46        0x2 
 .text._dtoa_r  0x00003c48      0xb8c c:/program files (x86)/cypress/psoc creator/4.2/psoc creator/import/gnu/arm/5.4.1/bin/../lib/gcc/arm-none-eabi/5.4.1/../../../../arm-none-eabi/lib/armv6-m\libg_nano.a(lib_a-dtoa.o)
                0x00003c48                _dtoa_r
 .text._localeconv_r
                0x000047d4        0x8 c:/program files (x86)/cypress/psoc creator/4.2/psoc creator/import/gnu/arm/5.4.1/bin/../lib/gcc/arm-none-eabi/5.4.1/../../../../arm-none-eabi/lib/armv6-m\libg_nano.a(lib_a-locale.o)
                0x000047d4                _localeconv_r
 .text.malloc   0x000047dc       0x14 c:/program files (x86)/cypress/psoc creator/4.2/psoc creator/import/gnu/arm/5.4.1/bin/../lib/gcc/arm-none-eabi/5.4.1/../../../../arm-none-eabi/lib/armv6-m\libg_nano.a(lib_a-malloc.o)
                0x000047dc                malloc
 .text.memchr   0x000047f0       0x16 c:/program files (x86)/cypress/psoc creator/4.2/psoc creator/import/gnu/arm/5.4.1/bin/../lib/gcc/arm-none-eabi/5.4.1/../../../../arm-none-eabi/lib/armv6-m\libg_nano.a(lib_a-memchr-stub.o)
                0x000047f0                memchr
 .text.memcpy   0x00004806       0x12 c:/program files (x86)/cypress/psoc creator/4.2/psoc creator/import/gnu/arm/5.4.1/bin/../lib/gcc/arm-none-eabi/5.4.1/../../../../arm-none-eabi/lib/armv6-m\libg_nano.a(lib_a-memcpy-stub.o)
                0x00004806                memcpy
 .text._Balloc  0x00004818       0x70 c:/program files (x86)/cypress/psoc creator/4.2/psoc creator/import/gnu/arm/5.4.1/bin/../lib/gcc/arm-none-eabi/5.4.1/../../../../arm-none-eabi/lib/armv6-m\libg_nano.a(lib_a-mprec.o)
                0x00004818                _Balloc
 .text._Bfree   0x00004888       0x32 c:/program files (x86)/cypress/psoc creator/4.2/psoc creator/import/gnu/arm/5.4.1/bin/../lib/gcc/arm-none-eabi/5.4.1/../../../../arm-none-eabi/lib/armv6-m\libg_nano.a(lib_a-mprec.o)
                0x00004888                _Bfree
 .text.__multadd
                0x000048ba       0x7a c:/program files (x86)/cypress/psoc creator/4.2/psoc creator/import/gnu/arm/5.4.1/bin/../lib/gcc/arm-none-eabi/5.4.1/../../../../arm-none-eabi/lib/armv6-m\libg_nano.a(lib_a-mprec.o)
                0x000048ba                __multadd
 .text.__hi0bits
                0x00004934       0x36 c:/program files (x86)/cypress/psoc creator/4.2/psoc creator/import/gnu/arm/5.4.1/bin/../lib/gcc/arm-none-eabi/5.4.1/../../../../arm-none-eabi/lib/armv6-m\libg_nano.a(lib_a-mprec.o)
                0x00004934                __hi0bits
 .text.__lo0bits
                0x0000496a       0x5e c:/program files (x86)/cypress/psoc creator/4.2/psoc creator/import/gnu/arm/5.4.1/bin/../lib/gcc/arm-none-eabi/5.4.1/../../../../arm-none-eabi/lib/armv6-m\libg_nano.a(lib_a-mprec.o)
                0x0000496a                __lo0bits
 .text.__i2b    0x000049c8       0x12 c:/program files (x86)/cypress/psoc creator/4.2/psoc creator/import/gnu/arm/5.4.1/bin/../lib/gcc/arm-none-eabi/5.4.1/../../../../arm-none-eabi/lib/armv6-m\libg_nano.a(lib_a-mprec.o)
                0x000049c8                __i2b
 .text.__multiply
                0x000049da      0x112 c:/program files (x86)/cypress/psoc creator/4.2/psoc creator/import/gnu/arm/5.4.1/bin/../lib/gcc/arm-none-eabi/5.4.1/../../../../arm-none-eabi/lib/armv6-m\libg_nano.a(lib_a-mprec.o)
                0x000049da                __multiply
 .text.__pow5mult
                0x00004aec       0xa8 c:/program files (x86)/cypress/psoc creator/4.2/psoc creator/import/gnu/arm/5.4.1/bin/../lib/gcc/arm-none-eabi/5.4.1/../../../../arm-none-eabi/lib/armv6-m\libg_nano.a(lib_a-mprec.o)
                0x00004aec                __pow5mult
 .text.__lshift
                0x00004b94       0xa4 c:/program files (x86)/cypress/psoc creator/4.2/psoc creator/import/gnu/arm/5.4.1/bin/../lib/gcc/arm-none-eabi/5.4.1/../../../../arm-none-eabi/lib/armv6-m\libg_nano.a(lib_a-mprec.o)
                0x00004b94                __lshift
 .text.__mcmp   0x00004c38       0x36 c:/program files (x86)/cypress/psoc creator/4.2/psoc creator/import/gnu/arm/5.4.1/bin/../lib/gcc/arm-none-eabi/5.4.1/../../../../arm-none-eabi/lib/armv6-m\libg_nano.a(lib_a-mprec.o)
                0x00004c38                __mcmp
 .text.__mdiff  0x00004c6e       0xd6 c:/program files (x86)/cypress/psoc creator/4.2/psoc creator/import/gnu/arm/5.4.1/bin/../lib/gcc/arm-none-eabi/5.4.1/../../../../arm-none-eabi/lib/armv6-m\libg_nano.a(lib_a-mprec.o)
                0x00004c6e                __mdiff
 .text.__d2b    0x00004d44       0xa8 c:/program files (x86)/cypress/psoc creator/4.2/psoc creator/import/gnu/arm/5.4.1/bin/../lib/gcc/arm-none-eabi/5.4.1/../../../../arm-none-eabi/lib/armv6-m\libg_nano.a(lib_a-mprec.o)
                0x00004d44                __d2b
 .text._calloc_r
                0x00004dec       0x1c c:/program files (x86)/cypress/psoc creator/4.2/psoc creator/import/gnu/arm/5.4.1/bin/../lib/gcc/arm-none-eabi/5.4.1/../../../../arm-none-eabi/lib/armv6-m\libg_nano.a(lib_a-nano-callocr.o)
                0x00004dec                _calloc_r
 .text._free_r  0x00004e08       0x98 c:/program files (x86)/cypress/psoc creator/4.2/psoc creator/import/gnu/arm/5.4.1/bin/../lib/gcc/arm-none-eabi/5.4.1/../../../../arm-none-eabi/lib/armv6-m\libg_nano.a(lib_a-nano-freer.o)
                0x00004e08                _free_r
 .text._malloc_r
                0x00004ea0       0xc0 c:/program files (x86)/cypress/psoc creator/4.2/psoc creator/import/gnu/arm/5.4.1/bin/../lib/gcc/arm-none-eabi/5.4.1/../../../../arm-none-eabi/lib/armv6-m\libg_nano.a(lib_a-nano-mallocr.o)
                0x00004ea0                _malloc_r
 .text.__ssputs_r
                0x00004f60       0xc4 c:/program files (x86)/cypress/psoc creator/4.2/psoc creator/import/gnu/arm/5.4.1/bin/../lib/gcc/arm-none-eabi/5.4.1/../../../../arm-none-eabi/lib/armv6-m\libg_nano.a(lib_a-nano-svfprintf.o)
                0x00004f60                __ssputs_r
 .text._svfprintf_r
                0x00005024      0x1fc c:/program files (x86)/cypress/psoc creator/4.2/psoc creator/import/gnu/arm/5.4.1/bin/../lib/gcc/arm-none-eabi/5.4.1/../../../../arm-none-eabi/lib/armv6-m\libg_nano.a(lib_a-nano-svfprintf.o)
                0x00005024                _svfiprintf_r
                0x00005024                _svfprintf_r
 .text._sbrk_r  0x00005220       0x24 c:/program files (x86)/cypress/psoc creator/4.2/psoc creator/import/gnu/arm/5.4.1/bin/../lib/gcc/arm-none-eabi/5.4.1/../../../../arm-none-eabi/lib/armv6-m\libg_nano.a(lib_a-sbrkr.o)
                0x00005220                _sbrk_r
 .text.memmove  0x00005244       0x2a c:/program files (x86)/cypress/psoc creator/4.2/psoc creator/import/gnu/arm/5.4.1/bin/../lib/gcc/arm-none-eabi/5.4.1/../../../../arm-none-eabi/lib/armv6-m\libg_nano.a(lib_a-memmove.o)
                0x00005244                memmove
 .text.__malloc_lock
                0x0000526e        0x2 c:/program files (x86)/cypress/psoc creator/4.2/psoc creator/import/gnu/arm/5.4.1/bin/../lib/gcc/arm-none-eabi/5.4.1/../../../../arm-none-eabi/lib/armv6-m\libg_nano.a(lib_a-mlock.o)
                0x0000526e                __malloc_lock
 .text.__malloc_unlock
                0x00005270        0x2 c:/program files (x86)/cypress/psoc creator/4.2/psoc creator/import/gnu/arm/5.4.1/bin/../lib/gcc/arm-none-eabi/5.4.1/../../../../arm-none-eabi/lib/armv6-m\libg_nano.a(lib_a-mlock.o)
                0x00005270                __malloc_unlock
 .text._realloc_r
                0x00005272       0x4c c:/program files (x86)/cypress/psoc creator/4.2/psoc creator/import/gnu/arm/5.4.1/bin/../lib/gcc/arm-none-eabi/5.4.1/../../../../arm-none-eabi/lib/armv6-m\libg_nano.a(lib_a-nano-reallocr.o)
                0x00005272                _realloc_r
 .text._malloc_usable_size_r
                0x000052be       0x16 c:/program files (x86)/cypress/psoc creator/4.2/psoc creator/import/gnu/arm/5.4.1/bin/../lib/gcc/arm-none-eabi/5.4.1/../../../../arm-none-eabi/lib/armv6-m\libg_nano.a(lib_a-nano-msizer.o)
                0x000052be                _malloc_usable_size_r
 .text          0x000052d4       0x14 c:/program files (x86)/cypress/psoc creator/4.2/psoc creator/import/gnu/arm/5.4.1/bin/../lib/gcc/arm-none-eabi/5.4.1/armv6-m\libgcc.a(_thumb1_case_uqi.o)
                0x000052d4                __gnu_thumb1_case_uqi
 .text          0x000052e8       0x7c c:/program files (x86)/cypress/psoc creator/4.2/psoc creator/import/gnu/arm/5.4.1/bin/../lib/gcc/arm-none-eabi/5.4.1/armv6-m\libgcc.a(_arm_cmpdf2.o)
                0x000052e8                __aeabi_cdrcmple
                0x000052f8                __aeabi_cdcmple
                0x000052f8                __aeabi_cdcmpeq
                0x00005308                __aeabi_dcmpeq
                0x00005314                __aeabi_dcmplt
                0x00005328                __aeabi_dcmple
                0x0000533c                __aeabi_dcmpgt
                0x00005350                __aeabi_dcmpge
 .text          0x00005364      0x658 c:/program files (x86)/cypress/psoc creator/4.2/psoc creator/import/gnu/arm/5.4.1/bin/../lib/gcc/arm-none-eabi/5.4.1/armv6-m\libgcc.a(adddf3.o)
                0x00005364                __aeabi_dadd
 .text          0x000059bc      0x62c c:/program files (x86)/cypress/psoc creator/4.2/psoc creator/import/gnu/arm/5.4.1/bin/../lib/gcc/arm-none-eabi/5.4.1/armv6-m\libgcc.a(divdf3.o)
                0x000059bc                __aeabi_ddiv
 .text          0x00005fe8       0x80 c:/program files (x86)/cypress/psoc creator/4.2/psoc creator/import/gnu/arm/5.4.1/bin/../lib/gcc/arm-none-eabi/5.4.1/armv6-m\libgcc.a(eqdf2.o)
                0x00005fe8                __nedf2
                0x00005fe8                __eqdf2
 .text          0x00006068       0xc8 c:/program files (x86)/cypress/psoc creator/4.2/psoc creator/import/gnu/arm/5.4.1/bin/../lib/gcc/arm-none-eabi/5.4.1/armv6-m\libgcc.a(gedf2.o)
                0x00006068                __gedf2
                0x00006068                __gtdf2
 .text          0x00006130       0xd4 c:/program files (x86)/cypress/psoc creator/4.2/psoc creator/import/gnu/arm/5.4.1/bin/../lib/gcc/arm-none-eabi/5.4.1/armv6-m\libgcc.a(ledf2.o)
                0x00006130                __ledf2
                0x00006130                __ltdf2
 .text          0x00006204       0x40 c:/program files (x86)/cypress/psoc creator/4.2/psoc creator/import/gnu/arm/5.4.1/bin/../lib/gcc/arm-none-eabi/5.4.1/armv6-m\libgcc.a(unorddf2.o)
                0x00006204                __aeabi_dcmpun
 .text          0x00006244       0x6c c:/program files (x86)/cypress/psoc creator/4.2/psoc creator/import/gnu/arm/5.4.1/bin/../lib/gcc/arm-none-eabi/5.4.1/armv6-m\libgcc.a(fixdfsi.o)
                0x00006244                __aeabi_d2iz
 .text          0x000062b0       0x84 c:/program files (x86)/cypress/psoc creator/4.2/psoc creator/import/gnu/arm/5.4.1/bin/../lib/gcc/arm-none-eabi/5.4.1/armv6-m\libgcc.a(floatsidf.o)
                0x000062b0                __aeabi_i2d
 .text          0x00006334       0x70 c:/program files (x86)/cypress/psoc creator/4.2/psoc creator/import/gnu/arm/5.4.1/bin/../lib/gcc/arm-none-eabi/5.4.1/armv6-m\libgcc.a(floatunsidf.o)
                0x00006334                __aeabi_ui2d
 *(.plt)
 *(.gnu.warning)
 *(.glue_7t)
 .glue_7t       0x000063a4        0x0 linker stubs
 *(.glue_7)
 .glue_7        0x000063a4        0x0 linker stubs
 *(.vfp11_veneer)
 .vfp11_veneer  0x000063a4        0x0 linker stubs
 *(.bootloader)
 *(.ARM.extab* .gnu.linkonce.armextab.*)
 *(.gcc_except_table)

.v4_bx          0x000063a4        0x0
 .v4_bx         0x000063a4        0x0 linker stubs

.iplt           0x000063a4        0x0
 .iplt          0x000063a4        0x0 c:/program files (x86)/cypress/psoc creator/4.2/psoc creator/import/gnu/arm/5.4.1/bin/../lib/gcc/arm-none-eabi/5.4.1/armv6-m/crtbegin.o

.eh_frame_hdr
 *(.eh_frame_hdr)

.eh_frame       0x000063a4        0x4
 *(.eh_frame)
 .eh_frame      0x000063a4        0x0 c:/program files (x86)/cypress/psoc creator/4.2/psoc creator/import/gnu/arm/5.4.1/bin/../lib/gcc/arm-none-eabi/5.4.1/armv6-m/crtbegin.o
 .eh_frame      0x000063a4        0x4 c:/program files (x86)/cypress/psoc creator/4.2/psoc creator/import/gnu/arm/5.4.1/bin/../lib/gcc/arm-none-eabi/5.4.1/armv6-m/crtend.o
                [!provide]                PROVIDE (__exidx_start, .)

.ARM.exidx
 *(.ARM.exidx* .gnu.linkonce.armexidx.*)
                0x000063a8                __exidx_end = .

.rodata         0x000063a8      0x388
 *(.rodata .rodata.* .gnu.linkonce.r.*)
 .rodata.str1.4
                0x000063a8       0x40 .\CortexM0\ARM_GCC_541\Debug\main.o
                                 0x3f (size before relaxing)
 .rodata        0x000063e8       0x38 .\CortexM0\ARM_GCC_541\Debug\cyfitter_cfg.o
 .rodata        0x00006420       0x2e .\CortexM0\ARM_GCC_541\Debug\Design01.a(CyLib.o)
                0x00006420                cyImoFreqMhz2Reg
 *fill*         0x0000644e        0x2 
 .rodata        0x00006450        0xa .\CortexM0\ARM_GCC_541\Debug\Design01.a(ADC_SAR_SEQ.o)
 *fill*         0x0000645a        0x2 
 .rodata        0x0000645c       0x80 c:/program files (x86)/cypress/psoc creator/4.2/psoc creator/import/gnu/arm/5.4.1/bin/../lib/gcc/arm-none-eabi/5.4.1/armv6-m\libgcc.a(divsf3.o)
 .rodata        0x000064dc       0x40 c:/program files (x86)/cypress/psoc creator/4.2/psoc creator/import/gnu/arm/5.4.1/bin/../lib/gcc/arm-none-eabi/5.4.1/armv6-m\libgcc.a(mulsf3.o)
 .rodata        0x0000651c       0x40 c:/program files (x86)/cypress/psoc creator/4.2/psoc creator/import/gnu/arm/5.4.1/bin/../lib/gcc/arm-none-eabi/5.4.1/armv6-m\libgcc.a(muldf3.o)
 .rodata.str1.1
                0x0000655c        0x2 c:/program files (x86)/cypress/psoc creator/4.2/psoc creator/import/gnu/arm/5.4.1/bin/../lib/gcc/arm-none-eabi/5.4.1/../../../../arm-none-eabi/lib/armv6-m\libg_nano.a(lib_a-impure.o)
 .rodata.str1.1
                0x0000655e       0x12 c:/program files (x86)/cypress/psoc creator/4.2/psoc creator/import/gnu/arm/5.4.1/bin/../lib/gcc/arm-none-eabi/5.4.1/../../../../arm-none-eabi/lib/armv6-m\libg_nano.a(lib_a-nano-vfprintf_float.o)
 .rodata.str1.1
                0x00006570       0x22 c:/program files (x86)/cypress/psoc creator/4.2/psoc creator/import/gnu/arm/5.4.1/bin/../lib/gcc/arm-none-eabi/5.4.1/../../../../arm-none-eabi/lib/armv6-m\libg_nano.a(lib_a-nano-vfprintf_i.o)
 .rodata.str1.1
                0x00006592        0xd c:/program files (x86)/cypress/psoc creator/4.2/psoc creator/import/gnu/arm/5.4.1/bin/../lib/gcc/arm-none-eabi/5.4.1/../../../../arm-none-eabi/lib/armv6-m\libg_nano.a(lib_a-dtoa.o)
                                  0xf (size before relaxing)
 .rodata.str1.1
                0x0000659f        0x8 c:/program files (x86)/cypress/psoc creator/4.2/psoc creator/import/gnu/arm/5.4.1/bin/../lib/gcc/arm-none-eabi/5.4.1/../../../../arm-none-eabi/lib/armv6-m\libg_nano.a(lib_a-locale.o)
                                  0xb (size before relaxing)
 *fill*         0x000065a7        0x1 
 .rodata.__mprec_tens
                0x000065a8       0xc8 c:/program files (x86)/cypress/psoc creator/4.2/psoc creator/import/gnu/arm/5.4.1/bin/../lib/gcc/arm-none-eabi/5.4.1/../../../../arm-none-eabi/lib/armv6-m\libg_nano.a(lib_a-mprec.o)
                0x000065a8                __mprec_tens
 .rodata.p05.5408
                0x00006670        0xc c:/program files (x86)/cypress/psoc creator/4.2/psoc creator/import/gnu/arm/5.4.1/bin/../lib/gcc/arm-none-eabi/5.4.1/../../../../arm-none-eabi/lib/armv6-m\libg_nano.a(lib_a-mprec.o)
 *fill*         0x0000667c        0x4 
 .rodata.__mprec_bigtens
                0x00006680       0x28 c:/program files (x86)/cypress/psoc creator/4.2/psoc creator/import/gnu/arm/5.4.1/bin/../lib/gcc/arm-none-eabi/5.4.1/../../../../arm-none-eabi/lib/armv6-m\libg_nano.a(lib_a-mprec.o)
                0x00006680                __mprec_bigtens
 .rodata.str1.1
                0x000066a8       0x11 c:/program files (x86)/cypress/psoc creator/4.2/psoc creator/import/gnu/arm/5.4.1/bin/../lib/gcc/arm-none-eabi/5.4.1/../../../../arm-none-eabi/lib/armv6-m\libg_nano.a(lib_a-nano-svfprintf.o)
 *fill*         0x000066b9        0x3 
 .rodata        0x000066bc       0x40 c:/program files (x86)/cypress/psoc creator/4.2/psoc creator/import/gnu/arm/5.4.1/bin/../lib/gcc/arm-none-eabi/5.4.1/armv6-m\libgcc.a(divdf3.o)
                0x000066fc                . = ALIGN (0x4)
 *(.init)
 .init          0x000066fc        0x4 c:/program files (x86)/cypress/psoc creator/4.2/psoc creator/import/gnu/arm/5.4.1/bin/../lib/gcc/arm-none-eabi/5.4.1/armv6-m/crti.o
                0x000066fc                _init
 .init          0x00006700        0x8 c:/program files (x86)/cypress/psoc creator/4.2/psoc creator/import/gnu/arm/5.4.1/bin/../lib/gcc/arm-none-eabi/5.4.1/armv6-m/crtn.o
                0x00006708                . = ALIGN (0x4)
                0x00006708                __preinit_array_start = .
 *(.preinit_array)
                0x00006708                __preinit_array_end = .
                0x00006708                . = ALIGN (0x4)
                0x00006708                __init_array_start = .
 *(SORT(.init_array.*))
 *(.init_array)
 .init_array    0x00006708        0x4 c:/program files (x86)/cypress/psoc creator/4.2/psoc creator/import/gnu/arm/5.4.1/bin/../lib/gcc/arm-none-eabi/5.4.1/armv6-m/crtbegin.o
 .init_array    0x0000670c        0x4 .\CortexM0\ARM_GCC_541\Debug\Cm0Start.o
                0x00006710                __init_array_end = .
                0x00006710                . = ALIGN (0x4)
 *(.fini)
 .fini          0x00006710        0x4 c:/program files (x86)/cypress/psoc creator/4.2/psoc creator/import/gnu/arm/5.4.1/bin/../lib/gcc/arm-none-eabi/5.4.1/armv6-m/crti.o
                0x00006710                _fini
 .fini          0x00006714        0x8 c:/program files (x86)/cypress/psoc creator/4.2/psoc creator/import/gnu/arm/5.4.1/bin/../lib/gcc/arm-none-eabi/5.4.1/armv6-m/crtn.o
                0x0000671c                . = ALIGN (0x4)
                0x0000671c                __fini_array_start = .
 *(.fini_array)
 .fini_array    0x0000671c        0x4 c:/program files (x86)/cypress/psoc creator/4.2/psoc creator/import/gnu/arm/5.4.1/bin/../lib/gcc/arm-none-eabi/5.4.1/armv6-m/crtbegin.o
 *(SORT(.fini_array.*))
                0x00006720                __fini_array_end = .
                0x00006720                . = ALIGN (0x4)
 *crtbegin.o(.ctors)
 *(EXCLUDE_FILE(*crtend.o) .ctors)
 *(SORT(.ctors.*))
 *crtend.o(.ctors)
                0x00006720                . = ALIGN (0x4)
 *crtbegin.o(.dtors)
 *(EXCLUDE_FILE(*crtend.o) .dtors)
 *(SORT(.dtors.*))
 *crtend.o(.dtors)
                0x00006720                . = ALIGN (0x4)
                0x00006720                __cy_regions = .
                0x00006720        0x4 LONG 0x6730 __cy_region_init_ram
                0x00006724        0x4 LONG 0x200000c0 __cy_region_start_data
                0x00006728        0x4 LONG 0xc0 __cy_region_init_size_ram
                0x0000672c        0x4 LONG 0x98 __cy_region_zero_size_ram
                0x00006730                __cy_regions_end = .
                0x00006730                . = ALIGN (0x8)
                0x00006730                _etext = .

.cy_checksum_exclude
                0x00006730        0x0
 *(.cy_checksum_exclude)

.ramvectors     0x20000000       0xc0
                0x20000000                __cy_region_start_ram = .
 *(.ramvectors)
 .ramvectors    0x20000000       0xc0 .\CortexM0\ARM_GCC_541\Debug\Cm0Start.o
                0x20000000                CyRamVectors

.noinit
 *(.noinit)

.data           0x200000c0       0xc0 load address 0x00006730
                0x200000c0                __cy_region_start_data = .
 *(.jcr)
 .jcr           0x200000c0        0x0 c:/program files (x86)/cypress/psoc creator/4.2/psoc creator/import/gnu/arm/5.4.1/bin/../lib/gcc/arm-none-eabi/5.4.1/armv6-m/crtbegin.o
 .jcr           0x200000c0        0x4 c:/program files (x86)/cypress/psoc creator/4.2/psoc creator/import/gnu/arm/5.4.1/bin/../lib/gcc/arm-none-eabi/5.4.1/armv6-m/crtend.o
 *(.got.plt)
 *(.got)
 *(.shdata)
 *(.data .data.* .gnu.linkonce.d.*)
 .data          0x200000c4        0x4 .\CortexM0\ARM_GCC_541\Debug\Cm0Start.o
 .data          0x200000c8       0x14 .\CortexM0\ARM_GCC_541\Debug\Design01.a(CyLib.o)
                0x200000c8                CySysClkPumpConfig
                0x200000cc                cydelay32kMs
                0x200000d0                cydelayFreqKhz
                0x200000d4                cydelayFreqMhz
                0x200000d8                cydelayFreqHz
 .data          0x200000dc        0x4 .\CortexM0\ARM_GCC_541\Debug\Design01.a(CyLFClk.o)
 .data.impure_data
                0x200000e0       0x60 c:/program files (x86)/cypress/psoc creator/4.2/psoc creator/import/gnu/arm/5.4.1/bin/../lib/gcc/arm-none-eabi/5.4.1/../../../../arm-none-eabi/lib/armv6-m\libg_nano.a(lib_a-impure.o)
 .data._impure_ptr
                0x20000140        0x4 c:/program files (x86)/cypress/psoc creator/4.2/psoc creator/import/gnu/arm/5.4.1/bin/../lib/gcc/arm-none-eabi/5.4.1/../../../../arm-none-eabi/lib/armv6-m\libg_nano.a(lib_a-impure.o)
                0x20000140                _impure_ptr
 .data.lconv    0x20000144       0x38 c:/program files (x86)/cypress/psoc creator/4.2/psoc creator/import/gnu/arm/5.4.1/bin/../lib/gcc/arm-none-eabi/5.4.1/../../../../arm-none-eabi/lib/armv6-m\libg_nano.a(lib_a-locale.o)
                0x20000180                . = ALIGN (0x8)
 *fill*         0x2000017c        0x4 
 *(.ram)
                0x20000180                _edata = .

.igot.plt       0x20000180        0x0 load address 0x000067f0
 .igot.plt      0x20000180        0x0 c:/program files (x86)/cypress/psoc creator/4.2/psoc creator/import/gnu/arm/5.4.1/bin/../lib/gcc/arm-none-eabi/5.4.1/armv6-m/crtbegin.o

.bss            0x20000180       0x98 load address 0x000067f0
                0x20000180                PROVIDE (__bss_start__, .)
 *(.shbss)
 *(.bss .bss.* .gnu.linkonce.b.*)
 .bss           0x20000180       0x1c c:/program files (x86)/cypress/psoc creator/4.2/psoc creator/import/gnu/arm/5.4.1/bin/../lib/gcc/arm-none-eabi/5.4.1/armv6-m/crtbegin.o
 .bss           0x2000019c        0x8 .\CortexM0\ARM_GCC_541\Debug\main.o
                0x2000019c                dataReady
                0x200001a0                timer_delay
 .bss           0x200001a4       0x20 .\CortexM0\ARM_GCC_541\Debug\Design01.a(CyLFClk.o)
 .bss           0x200001c4        0x8 .\CortexM0\ARM_GCC_541\Debug\Design01.a(I2CM.o)
                0x200001c4                I2CM_initVar
                0x200001c8                I2CM_customIntrHandler
 .bss           0x200001cc        0x4 .\CortexM0\ARM_GCC_541\Debug\Design01.a(UART.o)
                0x200001cc                UART_initVar
                0x200001ce                UART_IntrTxMask
 .bss           0x200001d0        0x1 .\CortexM0\ARM_GCC_541\Debug\Design01.a(Timer.o)
                0x200001d0                Timer_initVar
 .bss           0x200001d1        0x1 .\CortexM0\ARM_GCC_541\Debug\Design01.a(ADC_SAR_SEQ.o)
                0x200001d1                ADC_SAR_SEQ_initVar
 *fill*         0x200001d2        0x2 
 .bss.__malloc_sbrk_start
                0x200001d4        0x4 c:/program files (x86)/cypress/psoc creator/4.2/psoc creator/import/gnu/arm/5.4.1/bin/../lib/gcc/arm-none-eabi/5.4.1/../../../../arm-none-eabi/lib/armv6-m\libg_nano.a(lib_a-nano-mallocr.o)
                0x200001d4                __malloc_sbrk_start
 .bss.__malloc_free_list
                0x200001d8        0x4 c:/program files (x86)/cypress/psoc creator/4.2/psoc creator/import/gnu/arm/5.4.1/bin/../lib/gcc/arm-none-eabi/5.4.1/../../../../arm-none-eabi/lib/armv6-m\libg_nano.a(lib_a-nano-mallocr.o)
                0x200001d8                __malloc_free_list
 *(COMMON)
 COMMON         0x200001dc        0x4 .\CortexM0\ARM_GCC_541\Debug\main.o
                0x200001dc                result
 COMMON         0x200001e0        0x1 .\CortexM0\ARM_GCC_541\Debug\Design01.a(I2CM_I2C.o)
                0x200001e0                I2CM_state
 *fill*         0x200001e1        0x3 
 COMMON         0x200001e4       0x24 .\CortexM0\ARM_GCC_541\Debug\Design01.a(I2CM_I2C_MASTER.o)
                0x200001e4                I2CM_mstrRdBufPtr
                0x200001e8                I2CM_mstrWrBufPtr
                0x200001ec                I2CM_mstrRdBufIndex
                0x200001f0                I2CM_mstrStatus
                0x200001f4                I2CM_mstrWrBufIndex
                0x200001f8                I2CM_mstrControl
                0x200001fc                I2CM_mstrWrBufIndexTmp
                0x20000200                I2CM_mstrRdBufSize
                0x20000204                I2CM_mstrWrBufSize
 COMMON         0x20000208        0xc .\CortexM0\ARM_GCC_541\Debug\Design01.a(ADC_SAR_SEQ.o)
                0x20000208                ADC_SAR_SEQ_offset
                0x2000020c                ADC_SAR_SEQ_countsPer10Volt
 COMMON         0x20000214        0x4 c:/program files (x86)/cypress/psoc creator/4.2/psoc creator/import/gnu/arm/5.4.1/bin/../lib/gcc/arm-none-eabi/5.4.1/../../../../arm-none-eabi/lib/armv6-m\libg_nano.a(lib_a-reent.o)
                0x20000214                errno
                0x20000218                . = ALIGN (0x8)
 *(.ram.b)
                0x20000218                _end = .
                0x20000218                __end = .
                0x20000218                PROVIDE (end, .)
                0x20000218                PROVIDE (__bss_end__, .)
                0x00006730                __cy_region_init_ram = LOADADDR (.data)
                0x000000c0                __cy_region_init_size_ram = (_edata - ADDR (.data))
                0x00000098                __cy_region_zero_size_ram = (_end - _edata)

.heap           0x20000218      0x200 load address 0x000067f0
                0x20000218                . = _end
                0x20000418                . = (. + 0x200)
 *fill*         0x20000218      0x200 
                0x20000418                __cy_heap_limit = .

.stack          0x20000c00      0x400
                0x20000c00                __cy_stack_limit = .
                0x20001000                . = (. + 0x400)
 *fill*         0x20000c00      0x400 
                0x00000001                ASSERT ((__cy_stack_limit >= __cy_heap_limit), region RAM overflowed with stack)
                0x00000000                cy_checksum_exclude_size = (CY_APPL_LOADABLE == 0x1)?SIZEOF (.cy_checksum_exclude):0x0
                0x00000001                ASSERT ((cy_checksum_exclude_size <= CY_CHECKSUM_EXCLUDE_SIZE), CY_BOOT: Section .cy_checksum_exclude size exceedes specified limit.)
                0x00007fc0                cyloadermeta_start = (cy_project_type_bootloader || cy_project_type_app_for_stack_and_copier)?(LENGTH (rom) - CY_METADATA_SIZE):0xf0000000

.cyloadermeta
 *(.cyloadermeta)
                0x00007fc0                cyloadablemeta_start = cy_project_type_app_for_stack_and_copier?((LENGTH (rom) - CY_FLASH_ROW_SIZE) - CY_METADATA_SIZE):((LENGTH (rom) - (CY_FLASH_ROW_SIZE * (CY_APPL_NUM - 0x1))) - CY_METADATA_SIZE)

.cyloadablemeta
 *(.cyloadablemeta)

.cyflashprotect
                0x90400000       0x20
 *(.cyflashprotect)
 .cyflashprotect
                0x90400000       0x20 .\CortexM0\ARM_GCC_541\Debug\cymetadata.o
                0x90400000                cy_meta_flashprotect

.cymeta         0x90500000        0xc
 *(.cymeta)
 .cymeta        0x90500000        0xc .\CortexM0\ARM_GCC_541\Debug\cymetadata.o
                0x90500000                cy_metadata

.cychipprotect  0x90600000        0x1
 *(.cychipprotect)
 .cychipprotect
                0x90600000        0x1 .\CortexM0\ARM_GCC_541\Debug\cymetadata.o
                0x90600000                cy_meta_chipprotect

.rel.dyn        0x000067f0        0x0 load address 0x90600004
 .rel.iplt      0x000067f0        0x0 c:/program files (x86)/cypress/psoc creator/4.2/psoc creator/import/gnu/arm/5.4.1/bin/../lib/gcc/arm-none-eabi/5.4.1/armv6-m/crtbegin.o

.stab
 *(.stab)

.stabstr
 *(.stabstr)

.debug
 *(.debug)

.line
 *(.line)

.debug_srcinfo
 *(.debug_srcinfo)

.debug_sfnames
 *(.debug_sfnames)

.debug_aranges  0x00000000      0xae0
 *(.debug_aranges)
 .debug_aranges
                0x00000000       0x60 .\CortexM0\ARM_GCC_541\Debug\main.o
 .debug_aranges
                0x00000060       0x48 .\CortexM0\ARM_GCC_541\Debug\cyfitter_cfg.o
 .debug_aranges
                0x000000a8       0x18 .\CortexM0\ARM_GCC_541\Debug\cymetadata.o
 .debug_aranges
                0x000000c0       0x48 .\CortexM0\ARM_GCC_541\Debug\Cm0Start.o
 .debug_aranges
                0x00000108      0x180 .\CortexM0\ARM_GCC_541\Debug\Design01.a(CyLib.o)
 .debug_aranges
                0x00000288      0x138 .\CortexM0\ARM_GCC_541\Debug\Design01.a(CyLFClk.o)
 .debug_aranges
                0x000003c0       0x68 .\CortexM0\ARM_GCC_541\Debug\Design01.a(I2CM.o)
 .debug_aranges
                0x00000428       0x30 .\CortexM0\ARM_GCC_541\Debug\Design01.a(I2CM_I2C.o)
 .debug_aranges
                0x00000458       0x98 .\CortexM0\ARM_GCC_541\Debug\Design01.a(I2CM_I2C_MASTER.o)
 .debug_aranges
                0x000004f0       0x60 .\CortexM0\ARM_GCC_541\Debug\Design01.a(UART.o)
 .debug_aranges
                0x00000550       0x68 .\CortexM0\ARM_GCC_541\Debug\Design01.a(UART_UART.o)
 .debug_aranges
                0x000005b8      0x158 .\CortexM0\ARM_GCC_541\Debug\Design01.a(Timer.o)
 .debug_aranges
                0x00000710      0x158 .\CortexM0\ARM_GCC_541\Debug\Design01.a(TimerHumidityTemp.o)
 .debug_aranges
                0x00000868       0x48 .\CortexM0\ARM_GCC_541\Debug\Design01.a(I2CM_sda.o)
 .debug_aranges
                0x000008b0       0x48 .\CortexM0\ARM_GCC_541\Debug\Design01.a(I2CM_scl.o)
 .debug_aranges
                0x000008f8       0xa8 .\CortexM0\ARM_GCC_541\Debug\Design01.a(ADC_SAR_SEQ.o)
 .debug_aranges
                0x000009a0       0x20 .\CortexM0\ARM_GCC_541\Debug\Design01.a(ADC_SAR_SEQ_INT.o)
 .debug_aranges
                0x000009c0       0x80 .\CortexM0\ARM_GCC_541\Debug\Design01.a(ADC_SAR_SEQ_IRQ.o)
 .debug_aranges
                0x00000a40       0x20 .\CortexM0\ARM_GCC_541\Debug\Design01.a(CyBootAsmGnu.o)
 .debug_aranges
                0x00000a60       0x20 .\CortexM0\ARM_GCC_541\Debug\Design01.a(I2CM_I2C_INT.o)
 .debug_aranges
                0x00000a80       0x60 .\CortexM0\ARM_GCC_541\Debug\Design01.a(UART_SPI_UART.o)

.debug_pubnames
 *(.debug_pubnames)

.debug_info     0x00000000     0x5c00
 *(.debug_info .gnu.linkonce.wi.*)
 .debug_info    0x00000000      0x5e1 .\CortexM0\ARM_GCC_541\Debug\main.o
 .debug_info    0x000005e1      0x404 .\CortexM0\ARM_GCC_541\Debug\cyfitter_cfg.o
 .debug_info    0x000009e5       0xf8 .\CortexM0\ARM_GCC_541\Debug\cymetadata.o
 .debug_info    0x00000add      0x3a2 .\CortexM0\ARM_GCC_541\Debug\Cm0Start.o
 .debug_info    0x00000e7f      0xaec .\CortexM0\ARM_GCC_541\Debug\Design01.a(CyLib.o)
 .debug_info    0x0000196b      0xcfe .\CortexM0\ARM_GCC_541\Debug\Design01.a(CyLFClk.o)
 .debug_info    0x00002669      0x2aa .\CortexM0\ARM_GCC_541\Debug\Design01.a(I2CM.o)
 .debug_info    0x00002913      0x195 .\CortexM0\ARM_GCC_541\Debug\Design01.a(I2CM_I2C.o)
 .debug_info    0x00002aa8      0x91d .\CortexM0\ARM_GCC_541\Debug\Design01.a(I2CM_I2C_MASTER.o)
 .debug_info    0x000033c5      0x24c .\CortexM0\ARM_GCC_541\Debug\Design01.a(UART.o)
 .debug_info    0x00003611      0x310 .\CortexM0\ARM_GCC_541\Debug\Design01.a(UART_UART.o)
 .debug_info    0x00003921      0x8f6 .\CortexM0\ARM_GCC_541\Debug\Design01.a(Timer.o)
 .debug_info    0x00004217      0x8f6 .\CortexM0\ARM_GCC_541\Debug\Design01.a(TimerHumidityTemp.o)
 .debug_info    0x00004b0d      0x19d .\CortexM0\ARM_GCC_541\Debug\Design01.a(I2CM_sda.o)
 .debug_info    0x00004caa      0x19b .\CortexM0\ARM_GCC_541\Debug\Design01.a(I2CM_scl.o)
 .debug_info    0x00004e45      0x5a5 .\CortexM0\ARM_GCC_541\Debug\Design01.a(ADC_SAR_SEQ.o)
 .debug_info    0x000053ea       0xcb .\CortexM0\ARM_GCC_541\Debug\Design01.a(ADC_SAR_SEQ_INT.o)
 .debug_info    0x000054b5      0x305 .\CortexM0\ARM_GCC_541\Debug\Design01.a(ADC_SAR_SEQ_IRQ.o)
 .debug_info    0x000057ba       0x7e .\CortexM0\ARM_GCC_541\Debug\Design01.a(CyBootAsmGnu.o)
 .debug_info    0x00005838      0x1a8 .\CortexM0\ARM_GCC_541\Debug\Design01.a(I2CM_I2C_INT.o)
 .debug_info    0x000059e0      0x220 .\CortexM0\ARM_GCC_541\Debug\Design01.a(UART_SPI_UART.o)

.debug_abbrev   0x00000000     0x18b3
 *(.debug_abbrev)
 .debug_abbrev  0x00000000      0x1a0 .\CortexM0\ARM_GCC_541\Debug\main.o
 .debug_abbrev  0x000001a0      0x1cf .\CortexM0\ARM_GCC_541\Debug\cyfitter_cfg.o
 .debug_abbrev  0x0000036f       0x5d .\CortexM0\ARM_GCC_541\Debug\cymetadata.o
 .debug_abbrev  0x000003cc      0x1d7 .\CortexM0\ARM_GCC_541\Debug\Cm0Start.o
 .debug_abbrev  0x000005a3      0x1e0 .\CortexM0\ARM_GCC_541\Debug\Design01.a(CyLib.o)
 .debug_abbrev  0x00000783      0x210 .\CortexM0\ARM_GCC_541\Debug\Design01.a(CyLFClk.o)
 .debug_abbrev  0x00000993      0x130 .\CortexM0\ARM_GCC_541\Debug\Design01.a(I2CM.o)
 .debug_abbrev  0x00000ac3       0xc7 .\CortexM0\ARM_GCC_541\Debug\Design01.a(I2CM_I2C.o)
 .debug_abbrev  0x00000b8a      0x1b3 .\CortexM0\ARM_GCC_541\Debug\Design01.a(I2CM_I2C_MASTER.o)
 .debug_abbrev  0x00000d3d       0xed .\CortexM0\ARM_GCC_541\Debug\Design01.a(UART.o)
 .debug_abbrev  0x00000e2a      0x123 .\CortexM0\ARM_GCC_541\Debug\Design01.a(UART_UART.o)
 .debug_abbrev  0x00000f4d      0x119 .\CortexM0\ARM_GCC_541\Debug\Design01.a(Timer.o)
 .debug_abbrev  0x00001066      0x119 .\CortexM0\ARM_GCC_541\Debug\Design01.a(TimerHumidityTemp.o)
 .debug_abbrev  0x0000117f       0xc8 .\CortexM0\ARM_GCC_541\Debug\Design01.a(I2CM_sda.o)
 .debug_abbrev  0x00001247       0xc8 .\CortexM0\ARM_GCC_541\Debug\Design01.a(I2CM_scl.o)
 .debug_abbrev  0x0000130f      0x19e .\CortexM0\ARM_GCC_541\Debug\Design01.a(ADC_SAR_SEQ.o)
 .debug_abbrev  0x000014ad       0x65 .\CortexM0\ARM_GCC_541\Debug\Design01.a(ADC_SAR_SEQ_INT.o)
 .debug_abbrev  0x00001512      0x19a .\CortexM0\ARM_GCC_541\Debug\Design01.a(ADC_SAR_SEQ_IRQ.o)
 .debug_abbrev  0x000016ac       0x14 .\CortexM0\ARM_GCC_541\Debug\Design01.a(CyBootAsmGnu.o)
 .debug_abbrev  0x000016c0       0xa4 .\CortexM0\ARM_GCC_541\Debug\Design01.a(I2CM_I2C_INT.o)
 .debug_abbrev  0x00001764      0x14f .\CortexM0\ARM_GCC_541\Debug\Design01.a(UART_SPI_UART.o)

.debug_line     0x00000000     0x2799
 *(.debug_line)
 .debug_line    0x00000000      0x223 .\CortexM0\ARM_GCC_541\Debug\main.o
 .debug_line    0x00000223      0x197 .\CortexM0\ARM_GCC_541\Debug\cyfitter_cfg.o
 .debug_line    0x000003ba      0x141 .\CortexM0\ARM_GCC_541\Debug\cymetadata.o
 .debug_line    0x000004fb      0x235 .\CortexM0\ARM_GCC_541\Debug\Cm0Start.o
 .debug_line    0x00000730      0x460 .\CortexM0\ARM_GCC_541\Debug\Design01.a(CyLib.o)
 .debug_line    0x00000b90      0x466 .\CortexM0\ARM_GCC_541\Debug\Design01.a(CyLFClk.o)
 .debug_line    0x00000ff6      0x145 .\CortexM0\ARM_GCC_541\Debug\Design01.a(I2CM.o)
 .debug_line    0x0000113b       0xc5 .\CortexM0\ARM_GCC_541\Debug\Design01.a(I2CM_I2C.o)
 .debug_line    0x00001200      0x33d .\CortexM0\ARM_GCC_541\Debug\Design01.a(I2CM_I2C_MASTER.o)
 .debug_line    0x0000153d      0x127 .\CortexM0\ARM_GCC_541\Debug\Design01.a(UART.o)
 .debug_line    0x00001664      0x16d .\CortexM0\ARM_GCC_541\Debug\Design01.a(UART_UART.o)
 .debug_line    0x000017d1      0x379 .\CortexM0\ARM_GCC_541\Debug\Design01.a(Timer.o)
 .debug_line    0x00001b4a      0x385 .\CortexM0\ARM_GCC_541\Debug\Design01.a(TimerHumidityTemp.o)
 .debug_line    0x00001ecf       0xc0 .\CortexM0\ARM_GCC_541\Debug\Design01.a(I2CM_sda.o)
 .debug_line    0x00001f8f       0xbf .\CortexM0\ARM_GCC_541\Debug\Design01.a(I2CM_scl.o)
 .debug_line    0x0000204e      0x2a1 .\CortexM0\ARM_GCC_541\Debug\Design01.a(ADC_SAR_SEQ.o)
 .debug_line    0x000022ef       0x6a .\CortexM0\ARM_GCC_541\Debug\Design01.a(ADC_SAR_SEQ_INT.o)
 .debug_line    0x00002359      0x15b .\CortexM0\ARM_GCC_541\Debug\Design01.a(ADC_SAR_SEQ_IRQ.o)
 .debug_line    0x000024b4       0x69 .\CortexM0\ARM_GCC_541\Debug\Design01.a(CyBootAsmGnu.o)
 .debug_line    0x0000251d      0x162 .\CortexM0\ARM_GCC_541\Debug\Design01.a(I2CM_I2C_INT.o)
 .debug_line    0x0000267f      0x11a .\CortexM0\ARM_GCC_541\Debug\Design01.a(UART_SPI_UART.o)

.debug_frame    0x00000000     0x27e8
 *(.debug_frame)
 .debug_frame   0x00000000      0x118 .\CortexM0\ARM_GCC_541\Debug\main.o
 .debug_frame   0x00000118       0xb8 .\CortexM0\ARM_GCC_541\Debug\cyfitter_cfg.o
 .debug_frame   0x000001d0       0xbc .\CortexM0\ARM_GCC_541\Debug\Cm0Start.o
 .debug_frame   0x0000028c      0x3e0 .\CortexM0\ARM_GCC_541\Debug\Design01.a(CyLib.o)
 .debug_frame   0x0000066c      0x3a8 .\CortexM0\ARM_GCC_541\Debug\Design01.a(CyLFClk.o)
 .debug_frame   0x00000a14       0xf8 .\CortexM0\ARM_GCC_541\Debug\Design01.a(I2CM.o)
 .debug_frame   0x00000b0c       0x58 .\CortexM0\ARM_GCC_541\Debug\Design01.a(I2CM_I2C.o)
 .debug_frame   0x00000b64      0x1e8 .\CortexM0\ARM_GCC_541\Debug\Design01.a(I2CM_I2C_MASTER.o)
 .debug_frame   0x00000d4c       0xe8 .\CortexM0\ARM_GCC_541\Debug\Design01.a(UART.o)
 .debug_frame   0x00000e34       0xf4 .\CortexM0\ARM_GCC_541\Debug\Design01.a(UART_UART.o)
 .debug_frame   0x00000f28      0x3a0 .\CortexM0\ARM_GCC_541\Debug\Design01.a(Timer.o)
 .debug_frame   0x000012c8      0x3a0 .\CortexM0\ARM_GCC_541\Debug\Design01.a(TimerHumidityTemp.o)
 .debug_frame   0x00001668       0x70 .\CortexM0\ARM_GCC_541\Debug\Design01.a(I2CM_sda.o)
 .debug_frame   0x000016d8       0x70 .\CortexM0\ARM_GCC_541\Debug\Design01.a(I2CM_scl.o)
 .debug_frame   0x00001748      0x1b0 .\CortexM0\ARM_GCC_541\Debug\Design01.a(ADC_SAR_SEQ.o)
 .debug_frame   0x000018f8       0x20 .\CortexM0\ARM_GCC_541\Debug\Design01.a(ADC_SAR_SEQ_INT.o)
 .debug_frame   0x00001918      0x110 .\CortexM0\ARM_GCC_541\Debug\Design01.a(ADC_SAR_SEQ_IRQ.o)
 .debug_frame   0x00001a28       0x2c .\CortexM0\ARM_GCC_541\Debug\Design01.a(I2CM_I2C_INT.o)
 .debug_frame   0x00001a54       0xb0 .\CortexM0\ARM_GCC_541\Debug\Design01.a(UART_SPI_UART.o)
 .debug_frame   0x00001b04       0x20 c:/program files (x86)/cypress/psoc creator/4.2/psoc creator/import/gnu/arm/5.4.1/bin/../lib/gcc/arm-none-eabi/5.4.1/armv6-m\libgcc.a(_udivsi3.o)
 .debug_frame   0x00001b24       0x20 c:/program files (x86)/cypress/psoc creator/4.2/psoc creator/import/gnu/arm/5.4.1/bin/../lib/gcc/arm-none-eabi/5.4.1/armv6-m\libgcc.a(_divsi3.o)
 .debug_frame   0x00001b44       0x34 c:/program files (x86)/cypress/psoc creator/4.2/psoc creator/import/gnu/arm/5.4.1/bin/../lib/gcc/arm-none-eabi/5.4.1/armv6-m\libgcc.a(_muldi3.o)
 .debug_frame   0x00001b78       0x28 c:/program files (x86)/cypress/psoc creator/4.2/psoc creator/import/gnu/arm/5.4.1/bin/../lib/gcc/arm-none-eabi/5.4.1/armv6-m\libgcc.a(_fixunssfsi.o)
 .debug_frame   0x00001ba0       0x30 c:/program files (x86)/cypress/psoc creator/4.2/psoc creator/import/gnu/arm/5.4.1/bin/../lib/gcc/arm-none-eabi/5.4.1/armv6-m\libgcc.a(bpabi.o)
 .debug_frame   0x00001bd0       0x3c c:/program files (x86)/cypress/psoc creator/4.2/psoc creator/import/gnu/arm/5.4.1/bin/../lib/gcc/arm-none-eabi/5.4.1/armv6-m\libgcc.a(divsf3.o)
 .debug_frame   0x00001c0c       0x38 c:/program files (x86)/cypress/psoc creator/4.2/psoc creator/import/gnu/arm/5.4.1/bin/../lib/gcc/arm-none-eabi/5.4.1/armv6-m\libgcc.a(mulsf3.o)
 .debug_frame   0x00001c44       0x30 c:/program files (x86)/cypress/psoc creator/4.2/psoc creator/import/gnu/arm/5.4.1/bin/../lib/gcc/arm-none-eabi/5.4.1/armv6-m\libgcc.a(subsf3.o)
 .debug_frame   0x00001c74       0x20 c:/program files (x86)/cypress/psoc creator/4.2/psoc creator/import/gnu/arm/5.4.1/bin/../lib/gcc/arm-none-eabi/5.4.1/armv6-m\libgcc.a(fixsfsi.o)
 .debug_frame   0x00001c94       0x2c c:/program files (x86)/cypress/psoc creator/4.2/psoc creator/import/gnu/arm/5.4.1/bin/../lib/gcc/arm-none-eabi/5.4.1/armv6-m\libgcc.a(floatsisf.o)
 .debug_frame   0x00001cc0       0x2c c:/program files (x86)/cypress/psoc creator/4.2/psoc creator/import/gnu/arm/5.4.1/bin/../lib/gcc/arm-none-eabi/5.4.1/armv6-m\libgcc.a(floatunsisf.o)
 .debug_frame   0x00001cec       0x3c c:/program files (x86)/cypress/psoc creator/4.2/psoc creator/import/gnu/arm/5.4.1/bin/../lib/gcc/arm-none-eabi/5.4.1/armv6-m\libgcc.a(muldf3.o)
 .debug_frame   0x00001d28       0x38 c:/program files (x86)/cypress/psoc creator/4.2/psoc creator/import/gnu/arm/5.4.1/bin/../lib/gcc/arm-none-eabi/5.4.1/armv6-m\libgcc.a(subdf3.o)
 .debug_frame   0x00001d60       0x2c c:/program files (x86)/cypress/psoc creator/4.2/psoc creator/import/gnu/arm/5.4.1/bin/../lib/gcc/arm-none-eabi/5.4.1/armv6-m\libgcc.a(extendsfdf2.o)
 .debug_frame   0x00001d8c       0x2c c:/program files (x86)/cypress/psoc creator/4.2/psoc creator/import/gnu/arm/5.4.1/bin/../lib/gcc/arm-none-eabi/5.4.1/armv6-m\libgcc.a(truncdfsf2.o)
 .debug_frame   0x00001db8       0x3c c:/program files (x86)/cypress/psoc creator/4.2/psoc creator/import/gnu/arm/5.4.1/bin/../lib/gcc/arm-none-eabi/5.4.1/armv6-m\libgcc.a(_divdi3.o)
 .debug_frame   0x00001df4       0x2c c:/program files (x86)/cypress/psoc creator/4.2/psoc creator/import/gnu/arm/5.4.1/bin/../lib/gcc/arm-none-eabi/5.4.1/armv6-m\libgcc.a(eqsf2.o)
 .debug_frame   0x00001e20       0x30 c:/program files (x86)/cypress/psoc creator/4.2/psoc creator/import/gnu/arm/5.4.1/bin/../lib/gcc/arm-none-eabi/5.4.1/armv6-m\libgcc.a(gesf2.o)
 .debug_frame   0x00001e50       0x30 c:/program files (x86)/cypress/psoc creator/4.2/psoc creator/import/gnu/arm/5.4.1/bin/../lib/gcc/arm-none-eabi/5.4.1/armv6-m\libgcc.a(lesf2.o)
 .debug_frame   0x00001e80       0x20 c:/program files (x86)/cypress/psoc creator/4.2/psoc creator/import/gnu/arm/5.4.1/bin/../lib/gcc/arm-none-eabi/5.4.1/../../../../arm-none-eabi/lib/armv6-m\libg_nano.a(lib_a-errno.o)
 .debug_frame   0x00001ea0       0x28 c:/program files (x86)/cypress/psoc creator/4.2/psoc creator/import/gnu/arm/5.4.1/bin/../lib/gcc/arm-none-eabi/5.4.1/../../../../arm-none-eabi/lib/armv6-m\libg_nano.a(lib_a-exit.o)
 .debug_frame   0x00001ec8       0x2c c:/program files (x86)/cypress/psoc creator/4.2/psoc creator/import/gnu/arm/5.4.1/bin/../lib/gcc/arm-none-eabi/5.4.1/../../../../arm-none-eabi/lib/armv6-m\libg_nano.a(lib_a-init.o)
 .debug_frame   0x00001ef4       0x20 c:/program files (x86)/cypress/psoc creator/4.2/psoc creator/import/gnu/arm/5.4.1/bin/../lib/gcc/arm-none-eabi/5.4.1/../../../../arm-none-eabi/lib/armv6-m\libg_nano.a(lib_a-memset.o)
 .debug_frame   0x00001f14       0x74 c:/program files (x86)/cypress/psoc creator/4.2/psoc creator/import/gnu/arm/5.4.1/bin/../lib/gcc/arm-none-eabi/5.4.1/../../../../arm-none-eabi/lib/armv6-m\libg_nano.a(lib_a-nano-vfprintf_float.o)
 .debug_frame   0x00001f88       0x54 c:/program files (x86)/cypress/psoc creator/4.2/psoc creator/import/gnu/arm/5.4.1/bin/../lib/gcc/arm-none-eabi/5.4.1/../../../../arm-none-eabi/lib/armv6-m\libg_nano.a(lib_a-nano-vfprintf_i.o)
 .debug_frame   0x00001fdc       0x50 c:/program files (x86)/cypress/psoc creator/4.2/psoc creator/import/gnu/arm/5.4.1/bin/../lib/gcc/arm-none-eabi/5.4.1/../../../../arm-none-eabi/lib/armv6-m\libg_nano.a(lib_a-sprintf.o)
 .debug_frame   0x0000202c       0x54 c:/program files (x86)/cypress/psoc creator/4.2/psoc creator/import/gnu/arm/5.4.1/bin/../lib/gcc/arm-none-eabi/5.4.1/../../../../arm-none-eabi/lib/armv6-m\libg_nano.a(lib_a-dtoa.o)
 .debug_frame   0x00002080       0xa4 c:/program files (x86)/cypress/psoc creator/4.2/psoc creator/import/gnu/arm/5.4.1/bin/../lib/gcc/arm-none-eabi/5.4.1/../../../../arm-none-eabi/lib/armv6-m\libg_nano.a(lib_a-locale.o)
 .debug_frame   0x00002124       0x40 c:/program files (x86)/cypress/psoc creator/4.2/psoc creator/import/gnu/arm/5.4.1/bin/../lib/gcc/arm-none-eabi/5.4.1/../../../../arm-none-eabi/lib/armv6-m\libg_nano.a(lib_a-malloc.o)
 .debug_frame   0x00002164       0x20 c:/program files (x86)/cypress/psoc creator/4.2/psoc creator/import/gnu/arm/5.4.1/bin/../lib/gcc/arm-none-eabi/5.4.1/../../../../arm-none-eabi/lib/armv6-m\libg_nano.a(lib_a-memchr-stub.o)
 .debug_frame   0x00002184       0x28 c:/program files (x86)/cypress/psoc creator/4.2/psoc creator/import/gnu/arm/5.4.1/bin/../lib/gcc/arm-none-eabi/5.4.1/../../../../arm-none-eabi/lib/armv6-m\libg_nano.a(lib_a-memcpy-stub.o)
 .debug_frame   0x000021ac      0x238 c:/program files (x86)/cypress/psoc creator/4.2/psoc creator/import/gnu/arm/5.4.1/bin/../lib/gcc/arm-none-eabi/5.4.1/../../../../arm-none-eabi/lib/armv6-m\libg_nano.a(lib_a-mprec.o)
 .debug_frame   0x000023e4       0x2c c:/program files (x86)/cypress/psoc creator/4.2/psoc creator/import/gnu/arm/5.4.1/bin/../lib/gcc/arm-none-eabi/5.4.1/../../../../arm-none-eabi/lib/armv6-m\libg_nano.a(lib_a-nano-callocr.o)
 .debug_frame   0x00002410       0x2c c:/program files (x86)/cypress/psoc creator/4.2/psoc creator/import/gnu/arm/5.4.1/bin/../lib/gcc/arm-none-eabi/5.4.1/../../../../arm-none-eabi/lib/armv6-m\libg_nano.a(lib_a-nano-freer.o)
 .debug_frame   0x0000243c       0x2c c:/program files (x86)/cypress/psoc creator/4.2/psoc creator/import/gnu/arm/5.4.1/bin/../lib/gcc/arm-none-eabi/5.4.1/../../../../arm-none-eabi/lib/armv6-m\libg_nano.a(lib_a-nano-mallocr.o)
 .debug_frame   0x00002468       0x74 c:/program files (x86)/cypress/psoc creator/4.2/psoc creator/import/gnu/arm/5.4.1/bin/../lib/gcc/arm-none-eabi/5.4.1/../../../../arm-none-eabi/lib/armv6-m\libg_nano.a(lib_a-nano-svfprintf.o)
 .debug_frame   0x000024dc       0x2c c:/program files (x86)/cypress/psoc creator/4.2/psoc creator/import/gnu/arm/5.4.1/bin/../lib/gcc/arm-none-eabi/5.4.1/../../../../arm-none-eabi/lib/armv6-m\libg_nano.a(lib_a-sbrkr.o)
 .debug_frame   0x00002508       0x20 c:/program files (x86)/cypress/psoc creator/4.2/psoc creator/import/gnu/arm/5.4.1/bin/../lib/gcc/arm-none-eabi/5.4.1/../../../../arm-none-eabi/lib/armv6-m\libg_nano.a(lib_a-strcmp.o)
 .debug_frame   0x00002528       0x28 c:/program files (x86)/cypress/psoc creator/4.2/psoc creator/import/gnu/arm/5.4.1/bin/../lib/gcc/arm-none-eabi/5.4.1/../../../../arm-none-eabi/lib/armv6-m\libg_nano.a(lib_a-memmove.o)
 .debug_frame   0x00002550       0x30 c:/program files (x86)/cypress/psoc creator/4.2/psoc creator/import/gnu/arm/5.4.1/bin/../lib/gcc/arm-none-eabi/5.4.1/../../../../arm-none-eabi/lib/armv6-m\libg_nano.a(lib_a-mlock.o)
 .debug_frame   0x00002580       0x30 c:/program files (x86)/cypress/psoc creator/4.2/psoc creator/import/gnu/arm/5.4.1/bin/../lib/gcc/arm-none-eabi/5.4.1/../../../../arm-none-eabi/lib/armv6-m\libg_nano.a(lib_a-nano-reallocr.o)
 .debug_frame   0x000025b0       0x48 c:/program files (x86)/cypress/psoc creator/4.2/psoc creator/import/gnu/arm/5.4.1/bin/../lib/gcc/arm-none-eabi/5.4.1/../../../../arm-none-eabi/lib/armv6-m\libg_nano.a(lib_a-reent.o)
 .debug_frame   0x000025f8       0x20 c:/program files (x86)/cypress/psoc creator/4.2/psoc creator/import/gnu/arm/5.4.1/bin/../lib/gcc/arm-none-eabi/5.4.1/../../../../arm-none-eabi/lib/armv6-m\libg_nano.a(lib_a-nano-msizer.o)
 .debug_frame   0x00002618       0x3c c:/program files (x86)/cypress/psoc creator/4.2/psoc creator/import/gnu/arm/5.4.1/bin/../lib/gcc/arm-none-eabi/5.4.1/armv6-m\libgcc.a(adddf3.o)
 .debug_frame   0x00002654       0x3c c:/program files (x86)/cypress/psoc creator/4.2/psoc creator/import/gnu/arm/5.4.1/bin/../lib/gcc/arm-none-eabi/5.4.1/armv6-m\libgcc.a(divdf3.o)
 .debug_frame   0x00002690       0x38 c:/program files (x86)/cypress/psoc creator/4.2/psoc creator/import/gnu/arm/5.4.1/bin/../lib/gcc/arm-none-eabi/5.4.1/armv6-m\libgcc.a(eqdf2.o)
 .debug_frame   0x000026c8       0x38 c:/program files (x86)/cypress/psoc creator/4.2/psoc creator/import/gnu/arm/5.4.1/bin/../lib/gcc/arm-none-eabi/5.4.1/armv6-m\libgcc.a(gedf2.o)
 .debug_frame   0x00002700       0x38 c:/program files (x86)/cypress/psoc creator/4.2/psoc creator/import/gnu/arm/5.4.1/bin/../lib/gcc/arm-none-eabi/5.4.1/armv6-m\libgcc.a(ledf2.o)
 .debug_frame   0x00002738       0x2c c:/program files (x86)/cypress/psoc creator/4.2/psoc creator/import/gnu/arm/5.4.1/bin/../lib/gcc/arm-none-eabi/5.4.1/armv6-m\libgcc.a(unorddf2.o)
 .debug_frame   0x00002764       0x2c c:/program files (x86)/cypress/psoc creator/4.2/psoc creator/import/gnu/arm/5.4.1/bin/../lib/gcc/arm-none-eabi/5.4.1/armv6-m\libgcc.a(fixdfsi.o)
 .debug_frame   0x00002790       0x2c c:/program files (x86)/cypress/psoc creator/4.2/psoc creator/import/gnu/arm/5.4.1/bin/../lib/gcc/arm-none-eabi/5.4.1/armv6-m\libgcc.a(floatsidf.o)
 .debug_frame   0x000027bc       0x2c c:/program files (x86)/cypress/psoc creator/4.2/psoc creator/import/gnu/arm/5.4.1/bin/../lib/gcc/arm-none-eabi/5.4.1/armv6-m\libgcc.a(floatunsidf.o)

.debug_str      0x00000000     0x25bb
 *(.debug_str)
 .debug_str     0x00000000      0x3a1 .\CortexM0\ARM_GCC_541\Debug\main.o
                                0x3ee (size before relaxing)
 .debug_str     0x000003a1      0x138 .\CortexM0\ARM_GCC_541\Debug\cyfitter_cfg.o
                                0x2eb (size before relaxing)
 .debug_str     0x000004d9       0x63 .\CortexM0\ARM_GCC_541\Debug\cymetadata.o
                                0x1b6 (size before relaxing)
 .debug_str     0x0000053c      0x13a .\CortexM0\ARM_GCC_541\Debug\Cm0Start.o
                                0x2ef (size before relaxing)
 .debug_str     0x00000676      0x4b9 .\CortexM0\ARM_GCC_541\Debug\Design01.a(CyLib.o)
                                0x6a4 (size before relaxing)
 .debug_str     0x00000b2f      0x521 .\CortexM0\ARM_GCC_541\Debug\Design01.a(CyLFClk.o)
                                0x72b (size before relaxing)
 .debug_str     0x00001050      0x124 .\CortexM0\ARM_GCC_541\Debug\Design01.a(I2CM.o)
                                0x2d6 (size before relaxing)
 .debug_str     0x00001174       0x7a .\CortexM0\ARM_GCC_541\Debug\Design01.a(I2CM_I2C.o)
                                0x244 (size before relaxing)
 .debug_str     0x000011ee      0x275 .\CortexM0\ARM_GCC_541\Debug\Design01.a(I2CM_I2C_MASTER.o)
                                0x4f9 (size before relaxing)
 .debug_str     0x00001463       0xf7 .\CortexM0\ARM_GCC_541\Debug\Design01.a(UART.o)
                                0x2a1 (size before relaxing)
 .debug_str     0x0000155a      0x152 .\CortexM0\ARM_GCC_541\Debug\Design01.a(UART_UART.o)
                                0x32a (size before relaxing)
 .debug_str     0x000016ac      0x3da .\CortexM0\ARM_GCC_541\Debug\Design01.a(Timer.o)
                                0x59f (size before relaxing)
 .debug_str     0x00001a86      0x4fe .\CortexM0\ARM_GCC_541\Debug\Design01.a(TimerHumidityTemp.o)
                                0x797 (size before relaxing)
 .debug_str     0x00001f84       0xb2 .\CortexM0\ARM_GCC_541\Debug\Design01.a(I2CM_sda.o)
                                0x239 (size before relaxing)
 .debug_str     0x00002036       0x7f .\CortexM0\ARM_GCC_541\Debug\Design01.a(I2CM_scl.o)
                                0x239 (size before relaxing)
 .debug_str     0x000020b5      0x238 .\CortexM0\ARM_GCC_541\Debug\Design01.a(ADC_SAR_SEQ.o)
                                0x486 (size before relaxing)
 .debug_str     0x000022ed       0x39 .\CortexM0\ARM_GCC_541\Debug\Design01.a(ADC_SAR_SEQ_INT.o)
                                0x1bb (size before relaxing)
 .debug_str     0x00002326      0x169 .\CortexM0\ARM_GCC_541\Debug\Design01.a(ADC_SAR_SEQ_IRQ.o)
                                0x364 (size before relaxing)
 .debug_str     0x0000248f       0x49 .\CortexM0\ARM_GCC_541\Debug\Design01.a(I2CM_I2C_INT.o)
                                0x2ba (size before relaxing)
 .debug_str     0x000024d8       0xe3 .\CortexM0\ARM_GCC_541\Debug\Design01.a(UART_SPI_UART.o)
                                0x2bc (size before relaxing)

.debug_loc      0x00000000     0x339e
 *(.debug_loc)
 .debug_loc     0x00000000      0x1c7 .\CortexM0\ARM_GCC_541\Debug\main.o
 .debug_loc     0x000001c7      0x136 .\CortexM0\ARM_GCC_541\Debug\cyfitter_cfg.o
 .debug_loc     0x000002fd      0x14f .\CortexM0\ARM_GCC_541\Debug\Cm0Start.o
 .debug_loc     0x0000044c      0x599 .\CortexM0\ARM_GCC_541\Debug\Design01.a(CyLib.o)
 .debug_loc     0x000009e5      0x9b5 .\CortexM0\ARM_GCC_541\Debug\Design01.a(CyLFClk.o)
 .debug_loc     0x0000139a       0x7e .\CortexM0\ARM_GCC_541\Debug\Design01.a(I2CM.o)
 .debug_loc     0x00001418      0xa90 .\CortexM0\ARM_GCC_541\Debug\Design01.a(I2CM_I2C_MASTER.o)
 .debug_loc     0x00001ea8       0x7e .\CortexM0\ARM_GCC_541\Debug\Design01.a(UART.o)
 .debug_loc     0x00001f26      0x1e4 .\CortexM0\ARM_GCC_541\Debug\Design01.a(UART_UART.o)
 .debug_loc     0x0000210a      0x547 .\CortexM0\ARM_GCC_541\Debug\Design01.a(Timer.o)
 .debug_loc     0x00002651      0x547 .\CortexM0\ARM_GCC_541\Debug\Design01.a(TimerHumidityTemp.o)
 .debug_loc     0x00002b98       0xa2 .\CortexM0\ARM_GCC_541\Debug\Design01.a(I2CM_sda.o)
 .debug_loc     0x00002c3a       0x81 .\CortexM0\ARM_GCC_541\Debug\Design01.a(I2CM_scl.o)
 .debug_loc     0x00002cbb      0x4bf .\CortexM0\ARM_GCC_541\Debug\Design01.a(ADC_SAR_SEQ.o)
 .debug_loc     0x0000317a       0x82 .\CortexM0\ARM_GCC_541\Debug\Design01.a(ADC_SAR_SEQ_IRQ.o)
 .debug_loc     0x000031fc      0x10c .\CortexM0\ARM_GCC_541\Debug\Design01.a(I2CM_I2C_INT.o)
 .debug_loc     0x00003308       0x96 .\CortexM0\ARM_GCC_541\Debug\Design01.a(UART_SPI_UART.o)

.debug_macinfo
 *(.debug_macinfo)

.debug_ranges   0x00000000      0x978
 *(.debug_ranges)
 .debug_ranges  0x00000000       0x50 .\CortexM0\ARM_GCC_541\Debug\main.o
 .debug_ranges  0x00000050       0x38 .\CortexM0\ARM_GCC_541\Debug\cyfitter_cfg.o
 .debug_ranges  0x00000088       0x38 .\CortexM0\ARM_GCC_541\Debug\Cm0Start.o
 .debug_ranges  0x000000c0      0x170 .\CortexM0\ARM_GCC_541\Debug\Design01.a(CyLib.o)
 .debug_ranges  0x00000230      0x128 .\CortexM0\ARM_GCC_541\Debug\Design01.a(CyLFClk.o)
 .debug_ranges  0x00000358       0x58 .\CortexM0\ARM_GCC_541\Debug\Design01.a(I2CM.o)
 .debug_ranges  0x000003b0       0x20 .\CortexM0\ARM_GCC_541\Debug\Design01.a(I2CM_I2C.o)
 .debug_ranges  0x000003d0       0x88 .\CortexM0\ARM_GCC_541\Debug\Design01.a(I2CM_I2C_MASTER.o)
 .debug_ranges  0x00000458       0x50 .\CortexM0\ARM_GCC_541\Debug\Design01.a(UART.o)
 .debug_ranges  0x000004a8       0x58 .\CortexM0\ARM_GCC_541\Debug\Design01.a(UART_UART.o)
 .debug_ranges  0x00000500      0x148 .\CortexM0\ARM_GCC_541\Debug\Design01.a(Timer.o)
 .debug_ranges  0x00000648      0x148 .\CortexM0\ARM_GCC_541\Debug\Design01.a(TimerHumidityTemp.o)
 .debug_ranges  0x00000790       0x38 .\CortexM0\ARM_GCC_541\Debug\Design01.a(I2CM_sda.o)
 .debug_ranges  0x000007c8       0x38 .\CortexM0\ARM_GCC_541\Debug\Design01.a(I2CM_scl.o)
 .debug_ranges  0x00000800       0x98 .\CortexM0\ARM_GCC_541\Debug\Design01.a(ADC_SAR_SEQ.o)
 .debug_ranges  0x00000898       0x10 .\CortexM0\ARM_GCC_541\Debug\Design01.a(ADC_SAR_SEQ_INT.o)
 .debug_ranges  0x000008a8       0x70 .\CortexM0\ARM_GCC_541\Debug\Design01.a(ADC_SAR_SEQ_IRQ.o)
 .debug_ranges  0x00000918       0x10 .\CortexM0\ARM_GCC_541\Debug\Design01.a(I2CM_I2C_INT.o)
 .debug_ranges  0x00000928       0x50 .\CortexM0\ARM_GCC_541\Debug\Design01.a(UART_SPI_UART.o)

.comment        0x00000000       0x6e
 .comment       0x00000000       0x6e .\CortexM0\ARM_GCC_541\Debug\main.o
                                 0x6f (size before relaxing)
 .comment       0x0000006e       0x6f .\CortexM0\ARM_GCC_541\Debug\cyfitter_cfg.o
 .comment       0x0000006e       0x6f .\CortexM0\ARM_GCC_541\Debug\cymetadata.o
 .comment       0x0000006e       0x6f .\CortexM0\ARM_GCC_541\Debug\Cm0Start.o
 .comment       0x0000006e       0x6f .\CortexM0\ARM_GCC_541\Debug\Design01.a(CyLib.o)
 .comment       0x0000006e       0x6f .\CortexM0\ARM_GCC_541\Debug\Design01.a(CyLFClk.o)
 .comment       0x0000006e       0x6f .\CortexM0\ARM_GCC_541\Debug\Design01.a(I2CM.o)
 .comment       0x0000006e       0x6f .\CortexM0\ARM_GCC_541\Debug\Design01.a(I2CM_I2C.o)
 .comment       0x0000006e       0x6f .\CortexM0\ARM_GCC_541\Debug\Design01.a(I2CM_I2C_MASTER.o)
 .comment       0x0000006e       0x6f .\CortexM0\ARM_GCC_541\Debug\Design01.a(UART.o)
 .comment       0x0000006e       0x6f .\CortexM0\ARM_GCC_541\Debug\Design01.a(UART_UART.o)
 .comment       0x0000006e       0x6f .\CortexM0\ARM_GCC_541\Debug\Design01.a(Timer.o)
 .comment       0x0000006e       0x6f .\CortexM0\ARM_GCC_541\Debug\Design01.a(TimerHumidityTemp.o)
 .comment       0x0000006e       0x6f .\CortexM0\ARM_GCC_541\Debug\Design01.a(I2CM_sda.o)
 .comment       0x0000006e       0x6f .\CortexM0\ARM_GCC_541\Debug\Design01.a(I2CM_scl.o)
 .comment       0x0000006e       0x6f .\CortexM0\ARM_GCC_541\Debug\Design01.a(ADC_SAR_SEQ.o)
 .comment       0x0000006e       0x6f .\CortexM0\ARM_GCC_541\Debug\Design01.a(ADC_SAR_SEQ_INT.o)
 .comment       0x0000006e       0x6f .\CortexM0\ARM_GCC_541\Debug\Design01.a(ADC_SAR_SEQ_IRQ.o)
 .comment       0x0000006e       0x6f .\CortexM0\ARM_GCC_541\Debug\Design01.a(I2CM_I2C_INT.o)
 .comment       0x0000006e       0x6f .\CortexM0\ARM_GCC_541\Debug\Design01.a(UART_SPI_UART.o)

.debug_weaknames
 *(.debug_weaknames)

.debug_funcnames
 *(.debug_funcnames)

.debug_typenames
 *(.debug_typenames)

.debug_varnames
 *(.debug_varnames)

.note.gnu.arm.ident
 *(.note.gnu.arm.ident)

.ARM.attributes
                0x00000000       0x28
 *(.ARM.attributes)
 .ARM.attributes
                0x00000000       0x1e c:/program files (x86)/cypress/psoc creator/4.2/psoc creator/import/gnu/arm/5.4.1/bin/../lib/gcc/arm-none-eabi/5.4.1/armv6-m/crti.o
 .ARM.attributes
                0x0000001e       0x2c c:/program files (x86)/cypress/psoc creator/4.2/psoc creator/import/gnu/arm/5.4.1/bin/../lib/gcc/arm-none-eabi/5.4.1/armv6-m/crtbegin.o
 .ARM.attributes
                0x0000004a       0x1b c:/program files (x86)/cypress/psoc creator/4.2/psoc creator/import/gnu/arm/5.4.1/bin/../lib/gcc/arm-none-eabi/5.4.1/../../../../arm-none-eabi/lib/armv6-m/crt0.o
 .ARM.attributes
                0x00000065       0x31 .\CortexM0\ARM_GCC_541\Debug\main.o
 .ARM.attributes
                0x00000096       0x31 .\CortexM0\ARM_GCC_541\Debug\cyfitter_cfg.o
 .ARM.attributes
                0x000000c7       0x31 .\CortexM0\ARM_GCC_541\Debug\cymetadata.o
 .ARM.attributes
                0x000000f8       0x31 .\CortexM0\ARM_GCC_541\Debug\Cm0Start.o
 .ARM.attributes
                0x00000129       0x31 .\CortexM0\ARM_GCC_541\Debug\Design01.a(CyLib.o)
 .ARM.attributes
                0x0000015a       0x31 .\CortexM0\ARM_GCC_541\Debug\Design01.a(CyLFClk.o)
 .ARM.attributes
                0x0000018b       0x31 .\CortexM0\ARM_GCC_541\Debug\Design01.a(I2CM.o)
 .ARM.attributes
                0x000001bc       0x31 .\CortexM0\ARM_GCC_541\Debug\Design01.a(I2CM_I2C.o)
 .ARM.attributes
                0x000001ed       0x31 .\CortexM0\ARM_GCC_541\Debug\Design01.a(I2CM_I2C_MASTER.o)
 .ARM.attributes
                0x0000021e       0x31 .\CortexM0\ARM_GCC_541\Debug\Design01.a(UART.o)
 .ARM.attributes
                0x0000024f       0x31 .\CortexM0\ARM_GCC_541\Debug\Design01.a(UART_UART.o)
 .ARM.attributes
                0x00000280       0x31 .\CortexM0\ARM_GCC_541\Debug\Design01.a(Timer.o)
 .ARM.attributes
                0x000002b1       0x31 .\CortexM0\ARM_GCC_541\Debug\Design01.a(TimerHumidityTemp.o)
 .ARM.attributes
                0x000002e2       0x31 .\CortexM0\ARM_GCC_541\Debug\Design01.a(I2CM_sda.o)
 .ARM.attributes
                0x00000313       0x31 .\CortexM0\ARM_GCC_541\Debug\Design01.a(I2CM_scl.o)
 .ARM.attributes
                0x00000344       0x31 .\CortexM0\ARM_GCC_541\Debug\Design01.a(ADC_SAR_SEQ.o)
 .ARM.attributes
                0x00000375       0x31 .\CortexM0\ARM_GCC_541\Debug\Design01.a(ADC_SAR_SEQ_INT.o)
 .ARM.attributes
                0x000003a6       0x31 .\CortexM0\ARM_GCC_541\Debug\Design01.a(ADC_SAR_SEQ_IRQ.o)
 .ARM.attributes
                0x000003d7       0x21 .\CortexM0\ARM_GCC_541\Debug\Design01.a(CyBootAsmGnu.o)
 .ARM.attributes
                0x000003f8       0x31 .\CortexM0\ARM_GCC_541\Debug\Design01.a(I2CM_I2C_INT.o)
 .ARM.attributes
                0x00000429       0x31 .\CortexM0\ARM_GCC_541\Debug\Design01.a(UART_SPI_UART.o)
 .ARM.attributes
                0x0000045a       0x1e c:/program files (x86)/cypress/psoc creator/4.2/psoc creator/import/gnu/arm/5.4.1/bin/../lib/gcc/arm-none-eabi/5.4.1/armv6-m\libgcc.a(_udivsi3.o)
 .ARM.attributes
                0x00000478       0x1e c:/program files (x86)/cypress/psoc creator/4.2/psoc creator/import/gnu/arm/5.4.1/bin/../lib/gcc/arm-none-eabi/5.4.1/armv6-m\libgcc.a(_divsi3.o)
 .ARM.attributes
                0x00000496       0x1e c:/program files (x86)/cypress/psoc creator/4.2/psoc creator/import/gnu/arm/5.4.1/bin/../lib/gcc/arm-none-eabi/5.4.1/armv6-m\libgcc.a(_dvmd_tls.o)
 .ARM.attributes
                0x000004b4       0x1e c:/program files (x86)/cypress/psoc creator/4.2/psoc creator/import/gnu/arm/5.4.1/bin/../lib/gcc/arm-none-eabi/5.4.1/armv6-m\libgcc.a(_aeabi_ldivmod.o)
 .ARM.attributes
                0x000004d2       0x2c c:/program files (x86)/cypress/psoc creator/4.2/psoc creator/import/gnu/arm/5.4.1/bin/../lib/gcc/arm-none-eabi/5.4.1/armv6-m\libgcc.a(_muldi3.o)
 .ARM.attributes
                0x000004fe       0x2c c:/program files (x86)/cypress/psoc creator/4.2/psoc creator/import/gnu/arm/5.4.1/bin/../lib/gcc/arm-none-eabi/5.4.1/armv6-m\libgcc.a(_fixunssfsi.o)
 .ARM.attributes
                0x0000052a       0x2c c:/program files (x86)/cypress/psoc creator/4.2/psoc creator/import/gnu/arm/5.4.1/bin/../lib/gcc/arm-none-eabi/5.4.1/armv6-m\libgcc.a(bpabi.o)
 .ARM.attributes
                0x00000556       0x2c c:/program files (x86)/cypress/psoc creator/4.2/psoc creator/import/gnu/arm/5.4.1/bin/../lib/gcc/arm-none-eabi/5.4.1/armv6-m\libgcc.a(divsf3.o)
 .ARM.attributes
                0x00000582       0x2c c:/program files (x86)/cypress/psoc creator/4.2/psoc creator/import/gnu/arm/5.4.1/bin/../lib/gcc/arm-none-eabi/5.4.1/armv6-m\libgcc.a(mulsf3.o)
 .ARM.attributes
                0x000005ae       0x2c c:/program files (x86)/cypress/psoc creator/4.2/psoc creator/import/gnu/arm/5.4.1/bin/../lib/gcc/arm-none-eabi/5.4.1/armv6-m\libgcc.a(subsf3.o)
 .ARM.attributes
                0x000005da       0x2c c:/program files (x86)/cypress/psoc creator/4.2/psoc creator/import/gnu/arm/5.4.1/bin/../lib/gcc/arm-none-eabi/5.4.1/armv6-m\libgcc.a(fixsfsi.o)
 .ARM.attributes
                0x00000606       0x2c c:/program files (x86)/cypress/psoc creator/4.2/psoc creator/import/gnu/arm/5.4.1/bin/../lib/gcc/arm-none-eabi/5.4.1/armv6-m\libgcc.a(floatsisf.o)
 .ARM.attributes
                0x00000632       0x2c c:/program files (x86)/cypress/psoc creator/4.2/psoc creator/import/gnu/arm/5.4.1/bin/../lib/gcc/arm-none-eabi/5.4.1/armv6-m\libgcc.a(floatunsisf.o)
 .ARM.attributes
                0x0000065e       0x2c c:/program files (x86)/cypress/psoc creator/4.2/psoc creator/import/gnu/arm/5.4.1/bin/../lib/gcc/arm-none-eabi/5.4.1/armv6-m\libgcc.a(muldf3.o)
 .ARM.attributes
                0x0000068a       0x2c c:/program files (x86)/cypress/psoc creator/4.2/psoc creator/import/gnu/arm/5.4.1/bin/../lib/gcc/arm-none-eabi/5.4.1/armv6-m\libgcc.a(subdf3.o)
 .ARM.attributes
                0x000006b6       0x2c c:/program files (x86)/cypress/psoc creator/4.2/psoc creator/import/gnu/arm/5.4.1/bin/../lib/gcc/arm-none-eabi/5.4.1/armv6-m\libgcc.a(extendsfdf2.o)
 .ARM.attributes
                0x000006e2       0x2c c:/program files (x86)/cypress/psoc creator/4.2/psoc creator/import/gnu/arm/5.4.1/bin/../lib/gcc/arm-none-eabi/5.4.1/armv6-m\libgcc.a(truncdfsf2.o)
 .ARM.attributes
                0x0000070e       0x1e c:/program files (x86)/cypress/psoc creator/4.2/psoc creator/import/gnu/arm/5.4.1/bin/../lib/gcc/arm-none-eabi/5.4.1/armv6-m\libgcc.a(_arm_cmpsf2.o)
 .ARM.attributes
                0x0000072c       0x1e c:/program files (x86)/cypress/psoc creator/4.2/psoc creator/import/gnu/arm/5.4.1/bin/../lib/gcc/arm-none-eabi/5.4.1/armv6-m\libgcc.a(_clzsi2.o)
 .ARM.attributes
                0x0000074a       0x2c c:/program files (x86)/cypress/psoc creator/4.2/psoc creator/import/gnu/arm/5.4.1/bin/../lib/gcc/arm-none-eabi/5.4.1/armv6-m\libgcc.a(_divdi3.o)
 .ARM.attributes
                0x00000776       0x2c c:/program files (x86)/cypress/psoc creator/4.2/psoc creator/import/gnu/arm/5.4.1/bin/../lib/gcc/arm-none-eabi/5.4.1/armv6-m\libgcc.a(eqsf2.o)
 .ARM.attributes
                0x000007a2       0x2c c:/program files (x86)/cypress/psoc creator/4.2/psoc creator/import/gnu/arm/5.4.1/bin/../lib/gcc/arm-none-eabi/5.4.1/armv6-m\libgcc.a(gesf2.o)
 .ARM.attributes
                0x000007ce       0x2c c:/program files (x86)/cypress/psoc creator/4.2/psoc creator/import/gnu/arm/5.4.1/bin/../lib/gcc/arm-none-eabi/5.4.1/armv6-m\libgcc.a(lesf2.o)
 .ARM.attributes
                0x000007fa       0x1e c:/program files (x86)/cypress/psoc creator/4.2/psoc creator/import/gnu/arm/5.4.1/bin/../lib/gcc/arm-none-eabi/5.4.1/armv6-m\libgcc.a(_clzdi2.o)
 .ARM.attributes
                0x00000818       0x2c c:/program files (x86)/cypress/psoc creator/4.2/psoc creator/import/gnu/arm/5.4.1/bin/../lib/gcc/arm-none-eabi/5.4.1/../../../../arm-none-eabi/lib/armv6-m\libg_nano.a(lib_a-errno.o)
 .ARM.attributes
                0x00000844       0x2c c:/program files (x86)/cypress/psoc creator/4.2/psoc creator/import/gnu/arm/5.4.1/bin/../lib/gcc/arm-none-eabi/5.4.1/../../../../arm-none-eabi/lib/armv6-m\libg_nano.a(lib_a-exit.o)
 .ARM.attributes
                0x00000870       0x2c c:/program files (x86)/cypress/psoc creator/4.2/psoc creator/import/gnu/arm/5.4.1/bin/../lib/gcc/arm-none-eabi/5.4.1/../../../../arm-none-eabi/lib/armv6-m\libg_nano.a(lib_a-impure.o)
 .ARM.attributes
                0x0000089c       0x2c c:/program files (x86)/cypress/psoc creator/4.2/psoc creator/import/gnu/arm/5.4.1/bin/../lib/gcc/arm-none-eabi/5.4.1/../../../../arm-none-eabi/lib/armv6-m\libg_nano.a(lib_a-init.o)
 .ARM.attributes
                0x000008c8       0x2c c:/program files (x86)/cypress/psoc creator/4.2/psoc creator/import/gnu/arm/5.4.1/bin/../lib/gcc/arm-none-eabi/5.4.1/../../../../arm-none-eabi/lib/armv6-m\libg_nano.a(lib_a-memset.o)
 .ARM.attributes
                0x000008f4       0x2c c:/program files (x86)/cypress/psoc creator/4.2/psoc creator/import/gnu/arm/5.4.1/bin/../lib/gcc/arm-none-eabi/5.4.1/../../../../arm-none-eabi/lib/armv6-m\libg_nano.a(lib_a-nano-vfprintf_float.o)
 .ARM.attributes
                0x00000920       0x2c c:/program files (x86)/cypress/psoc creator/4.2/psoc creator/import/gnu/arm/5.4.1/bin/../lib/gcc/arm-none-eabi/5.4.1/../../../../arm-none-eabi/lib/armv6-m\libg_nano.a(lib_a-nano-vfprintf_i.o)
 .ARM.attributes
                0x0000094c       0x2c c:/program files (x86)/cypress/psoc creator/4.2/psoc creator/import/gnu/arm/5.4.1/bin/../lib/gcc/arm-none-eabi/5.4.1/../../../../arm-none-eabi/lib/armv6-m\libg_nano.a(lib_a-sprintf.o)
 .ARM.attributes
                0x00000978       0x1c c:/program files (x86)/cypress/psoc creator/4.2/psoc creator/import/gnu/arm/5.4.1/bin/../lib/gcc/arm-none-eabi/5.4.1/../../../../arm-none-eabi/lib/armv6-m\libg_nano.a(lib_a-strlen.o)
 .ARM.attributes
                0x00000994       0x2c c:/program files (x86)/cypress/psoc creator/4.2/psoc creator/import/gnu/arm/5.4.1/bin/../lib/gcc/arm-none-eabi/5.4.1/../../../../arm-none-eabi/lib/armv6-m\libg_nano.a(lib_a-dtoa.o)
 .ARM.attributes
                0x000009c0       0x2c c:/program files (x86)/cypress/psoc creator/4.2/psoc creator/import/gnu/arm/5.4.1/bin/../lib/gcc/arm-none-eabi/5.4.1/../../../../arm-none-eabi/lib/armv6-m\libg_nano.a(lib_a-locale.o)
 .ARM.attributes
                0x000009ec       0x2c c:/program files (x86)/cypress/psoc creator/4.2/psoc creator/import/gnu/arm/5.4.1/bin/../lib/gcc/arm-none-eabi/5.4.1/../../../../arm-none-eabi/lib/armv6-m\libg_nano.a(lib_a-malloc.o)
 .ARM.attributes
                0x00000a18       0x2c c:/program files (x86)/cypress/psoc creator/4.2/psoc creator/import/gnu/arm/5.4.1/bin/../lib/gcc/arm-none-eabi/5.4.1/../../../../arm-none-eabi/lib/armv6-m\libg_nano.a(lib_a-memchr-stub.o)
 .ARM.attributes
                0x00000a44       0x2c c:/program files (x86)/cypress/psoc creator/4.2/psoc creator/import/gnu/arm/5.4.1/bin/../lib/gcc/arm-none-eabi/5.4.1/../../../../arm-none-eabi/lib/armv6-m\libg_nano.a(lib_a-memcpy-stub.o)
 .ARM.attributes
                0x00000a70       0x2c c:/program files (x86)/cypress/psoc creator/4.2/psoc creator/import/gnu/arm/5.4.1/bin/../lib/gcc/arm-none-eabi/5.4.1/../../../../arm-none-eabi/lib/armv6-m\libg_nano.a(lib_a-mprec.o)
 .ARM.attributes
                0x00000a9c       0x2c c:/program files (x86)/cypress/psoc creator/4.2/psoc creator/import/gnu/arm/5.4.1/bin/../lib/gcc/arm-none-eabi/5.4.1/../../../../arm-none-eabi/lib/armv6-m\libg_nano.a(lib_a-nano-callocr.o)
 .ARM.attributes